Archive member included to satisfy reference by file (symbol)

c:/program files (x86)/atmel/studio/7.0/toolchain/avr8/avr8-gnu-toolchain/bin/../lib/gcc/avr/5.4.0/../../../../avr/lib/avr5\libm.a(addsf3.o)
                              MCAL/Timer0/Timer0.o (__subsf3)
c:/program files (x86)/atmel/studio/7.0/toolchain/avr8/avr8-gnu-toolchain/bin/../lib/gcc/avr/5.4.0/../../../../avr/lib/avr5\libm.a(addsf3x.o)
                              c:/program files (x86)/atmel/studio/7.0/toolchain/avr8/avr8-gnu-toolchain/bin/../lib/gcc/avr/5.4.0/../../../../avr/lib/avr5\libm.a(addsf3.o) (__addsf3x)
c:/program files (x86)/atmel/studio/7.0/toolchain/avr8/avr8-gnu-toolchain/bin/../lib/gcc/avr/5.4.0/../../../../avr/lib/avr5\libm.a(divsf3.o)
                              MCAL/Timer0/Timer0.o (__divsf3)
c:/program files (x86)/atmel/studio/7.0/toolchain/avr8/avr8-gnu-toolchain/bin/../lib/gcc/avr/5.4.0/../../../../avr/lib/avr5\libm.a(divsf3x.o)
                              c:/program files (x86)/atmel/studio/7.0/toolchain/avr8/avr8-gnu-toolchain/bin/../lib/gcc/avr/5.4.0/../../../../avr/lib/avr5\libm.a(divsf3.o) (__divsf3x)
c:/program files (x86)/atmel/studio/7.0/toolchain/avr8/avr8-gnu-toolchain/bin/../lib/gcc/avr/5.4.0/../../../../avr/lib/avr5\libm.a(fixunssfsi.o)
                              HAL/H_Bridge/H-Bridge.o (__fixunssfsi)
c:/program files (x86)/atmel/studio/7.0/toolchain/avr8/avr8-gnu-toolchain/bin/../lib/gcc/avr/5.4.0/../../../../avr/lib/avr5\libm.a(floatsisf.o)
                              MCAL/Timer0/Timer0.o (__floatunsisf)
c:/program files (x86)/atmel/studio/7.0/toolchain/avr8/avr8-gnu-toolchain/bin/../lib/gcc/avr/5.4.0/../../../../avr/lib/avr5\libm.a(fp_inf.o)
                              c:/program files (x86)/atmel/studio/7.0/toolchain/avr8/avr8-gnu-toolchain/bin/../lib/gcc/avr/5.4.0/../../../../avr/lib/avr5\libm.a(addsf3x.o) (__fp_inf)
c:/program files (x86)/atmel/studio/7.0/toolchain/avr8/avr8-gnu-toolchain/bin/../lib/gcc/avr/5.4.0/../../../../avr/lib/avr5\libm.a(fp_nan.o)
                              c:/program files (x86)/atmel/studio/7.0/toolchain/avr8/avr8-gnu-toolchain/bin/../lib/gcc/avr/5.4.0/../../../../avr/lib/avr5\libm.a(addsf3x.o) (__fp_nan)
c:/program files (x86)/atmel/studio/7.0/toolchain/avr8/avr8-gnu-toolchain/bin/../lib/gcc/avr/5.4.0/../../../../avr/lib/avr5\libm.a(fp_pscA.o)
                              c:/program files (x86)/atmel/studio/7.0/toolchain/avr8/avr8-gnu-toolchain/bin/../lib/gcc/avr/5.4.0/../../../../avr/lib/avr5\libm.a(addsf3x.o) (__fp_pscA)
c:/program files (x86)/atmel/studio/7.0/toolchain/avr8/avr8-gnu-toolchain/bin/../lib/gcc/avr/5.4.0/../../../../avr/lib/avr5\libm.a(fp_pscB.o)
                              c:/program files (x86)/atmel/studio/7.0/toolchain/avr8/avr8-gnu-toolchain/bin/../lib/gcc/avr/5.4.0/../../../../avr/lib/avr5\libm.a(addsf3x.o) (__fp_pscB)
c:/program files (x86)/atmel/studio/7.0/toolchain/avr8/avr8-gnu-toolchain/bin/../lib/gcc/avr/5.4.0/../../../../avr/lib/avr5\libm.a(fp_round.o)
                              c:/program files (x86)/atmel/studio/7.0/toolchain/avr8/avr8-gnu-toolchain/bin/../lib/gcc/avr/5.4.0/../../../../avr/lib/avr5\libm.a(addsf3.o) (__fp_round)
c:/program files (x86)/atmel/studio/7.0/toolchain/avr8/avr8-gnu-toolchain/bin/../lib/gcc/avr/5.4.0/../../../../avr/lib/avr5\libm.a(fp_split3.o)
                              c:/program files (x86)/atmel/studio/7.0/toolchain/avr8/avr8-gnu-toolchain/bin/../lib/gcc/avr/5.4.0/../../../../avr/lib/avr5\libm.a(addsf3x.o) (__fp_split3)
c:/program files (x86)/atmel/studio/7.0/toolchain/avr8/avr8-gnu-toolchain/bin/../lib/gcc/avr/5.4.0/../../../../avr/lib/avr5\libm.a(fp_zero.o)
                              c:/program files (x86)/atmel/studio/7.0/toolchain/avr8/avr8-gnu-toolchain/bin/../lib/gcc/avr/5.4.0/../../../../avr/lib/avr5\libm.a(addsf3x.o) (__fp_zero)
c:/program files (x86)/atmel/studio/7.0/toolchain/avr8/avr8-gnu-toolchain/bin/../lib/gcc/avr/5.4.0/../../../../avr/lib/avr5\libm.a(mulsf3.o)
                              HAL/LCD/LCD.o (__mulsf3)
c:/program files (x86)/atmel/studio/7.0/toolchain/avr8/avr8-gnu-toolchain/bin/../lib/gcc/avr/5.4.0/../../../../avr/lib/avr5\libm.a(mulsf3x.o)
                              c:/program files (x86)/atmel/studio/7.0/toolchain/avr8/avr8-gnu-toolchain/bin/../lib/gcc/avr/5.4.0/../../../../avr/lib/avr5\libm.a(mulsf3.o) (__mulsf3x)
c:/program files (x86)/atmel/studio/7.0/toolchain/avr8/avr8-gnu-toolchain/bin/../lib/gcc/avr/5.4.0/avr5\libgcc.a(_udivmodsi4.o)
                              HAL/LCD/LCD.o (__udivmodsi4)
c:/program files (x86)/atmel/studio/7.0/toolchain/avr8/avr8-gnu-toolchain/bin/../lib/gcc/avr/5.4.0/avr5\libgcc.a(_divmodsi4.o)
                              HAL/LCD/LCD.o (__divmodsi4)
c:/program files (x86)/atmel/studio/7.0/toolchain/avr8/avr8-gnu-toolchain/bin/../lib/gcc/avr/5.4.0/avr5\libgcc.a(_negsi2.o)
                              c:/program files (x86)/atmel/studio/7.0/toolchain/avr8/avr8-gnu-toolchain/bin/../lib/gcc/avr/5.4.0/avr5\libgcc.a(_divmodsi4.o) (__negsi2)
c:/program files (x86)/atmel/studio/7.0/toolchain/avr8/avr8-gnu-toolchain/bin/../lib/gcc/avr/5.4.0/avr5\libgcc.a(_exit.o)
                              C:/Program Files (x86)/Atmel/Studio/7.0/Packs/atmel/ATmega_DFP/1.7.374/gcc/dev/atmega32/avr5/crtatmega32.o (exit)
c:/program files (x86)/atmel/studio/7.0/toolchain/avr8/avr8-gnu-toolchain/bin/../lib/gcc/avr/5.4.0/avr5\libgcc.a(_tablejump2.o)
                              HAL/SevenSeg/SevenSeg.o (__tablejump2__)
c:/program files (x86)/atmel/studio/7.0/toolchain/avr8/avr8-gnu-toolchain/bin/../lib/gcc/avr/5.4.0/avr5\libgcc.a(_copy_data.o)
                              HAL/KEYPAD/KEYPAD.o (__do_copy_data)
c:/program files (x86)/atmel/studio/7.0/toolchain/avr8/avr8-gnu-toolchain/bin/../lib/gcc/avr/5.4.0/avr5\libgcc.a(_clear_bss.o)
                              main.o (__do_clear_bss)
c:/program files (x86)/atmel/studio/7.0/toolchain/avr8/avr8-gnu-toolchain/bin/../lib/gcc/avr/5.4.0/avr5\libgcc.a(_umulhisi3.o)
                              main.o (__umulhisi3)

Allocating common symbols
Common symbol       size              file

flame_data          0x1               main.o
temp_data           0x1               main.o
gas_data            0x1               main.o

Discarded input sections

 .data          0x00000000        0x0 C:/Program Files (x86)/Atmel/Studio/7.0/Packs/atmel/ATmega_DFP/1.7.374/gcc/dev/atmega32/avr5/crtatmega32.o
 .bss           0x00000000        0x0 C:/Program Files (x86)/Atmel/Studio/7.0/Packs/atmel/ATmega_DFP/1.7.374/gcc/dev/atmega32/avr5/crtatmega32.o
 .text          0x00000000        0x0 HAL/Button/Button.o
 .data          0x00000000        0x0 HAL/Button/Button.o
 .bss           0x00000000        0x0 HAL/Button/Button.o
 .text          0x00000000        0x0 HAL/BUZZER/Buzzer.o
 .data          0x00000000        0x0 HAL/BUZZER/Buzzer.o
 .bss           0x00000000        0x0 HAL/BUZZER/Buzzer.o
 .text.Buzzer_toggle
                0x00000000        0xa HAL/BUZZER/Buzzer.o
 .text          0x00000000        0x0 HAL/EXT_T_EEPROM/EXT_EEPROM_prog.o
 .data          0x00000000        0x0 HAL/EXT_T_EEPROM/EXT_EEPROM_prog.o
 .bss           0x00000000        0x0 HAL/EXT_T_EEPROM/EXT_EEPROM_prog.o
 .text.H_EXT_EEPROM_void_Init
                0x00000000        0x6 HAL/EXT_T_EEPROM/EXT_EEPROM_prog.o
 .text.H_EXT_EEPROM_void_Write
                0x00000000       0x3c HAL/EXT_T_EEPROM/EXT_EEPROM_prog.o
 .text.H_EXT_EEPROM_void_Read
                0x00000000       0x4a HAL/EXT_T_EEPROM/EXT_EEPROM_prog.o
 .debug_info    0x00000000      0x2d3 HAL/EXT_T_EEPROM/EXT_EEPROM_prog.o
 .debug_abbrev  0x00000000      0x145 HAL/EXT_T_EEPROM/EXT_EEPROM_prog.o
 .debug_loc     0x00000000      0x15c HAL/EXT_T_EEPROM/EXT_EEPROM_prog.o
 .debug_aranges
                0x00000000       0x30 HAL/EXT_T_EEPROM/EXT_EEPROM_prog.o
 .debug_ranges  0x00000000       0x20 HAL/EXT_T_EEPROM/EXT_EEPROM_prog.o
 .debug_line    0x00000000      0x1d2 HAL/EXT_T_EEPROM/EXT_EEPROM_prog.o
 .debug_str     0x00000000      0x34a HAL/EXT_T_EEPROM/EXT_EEPROM_prog.o
 .comment       0x00000000       0x31 HAL/EXT_T_EEPROM/EXT_EEPROM_prog.o
 .debug_frame   0x00000000       0x70 HAL/EXT_T_EEPROM/EXT_EEPROM_prog.o
 .text          0x00000000        0x0 HAL/GAS_SENSOR/GAS.o
 .data          0x00000000        0x0 HAL/GAS_SENSOR/GAS.o
 .bss           0x00000000        0x0 HAL/GAS_SENSOR/GAS.o
 .text.gas_sensor_init
                0x00000000        0xc HAL/GAS_SENSOR/GAS.o
 .text          0x00000000        0x0 HAL/H_Bridge/H-Bridge.o
 .data          0x00000000        0x0 HAL/H_Bridge/H-Bridge.o
 .bss           0x00000000        0x0 HAL/H_Bridge/H-Bridge.o
 .text.Rotate_Backward
                0x00000000       0x3c HAL/H_Bridge/H-Bridge.o
 .text          0x00000000        0x0 HAL/KEYPAD/KEYPAD.o
 .data          0x00000000        0x0 HAL/KEYPAD/KEYPAD.o
 .bss           0x00000000        0x0 HAL/KEYPAD/KEYPAD.o
 .text.KEYPAD_init
                0x00000000       0x32 HAL/KEYPAD/KEYPAD.o
 .text.KEYPAD_read
                0x00000000      0x114 HAL/KEYPAD/KEYPAD.o
 .text.get_input_from_user
                0x00000000       0x2e HAL/KEYPAD/KEYPAD.o
 .rodata.keypad_matrix
                0x00000000       0x10 HAL/KEYPAD/KEYPAD.o
 .debug_info    0x00000000      0x2c9 HAL/KEYPAD/KEYPAD.o
 .debug_abbrev  0x00000000      0x185 HAL/KEYPAD/KEYPAD.o
 .debug_loc     0x00000000      0x1ab HAL/KEYPAD/KEYPAD.o
 .debug_aranges
                0x00000000       0x30 HAL/KEYPAD/KEYPAD.o
 .debug_ranges  0x00000000       0x20 HAL/KEYPAD/KEYPAD.o
 .debug_line    0x00000000      0x285 HAL/KEYPAD/KEYPAD.o
 .debug_str     0x00000000      0x264 HAL/KEYPAD/KEYPAD.o
 .comment       0x00000000       0x31 HAL/KEYPAD/KEYPAD.o
 .debug_frame   0x00000000       0x4c HAL/KEYPAD/KEYPAD.o
 .text          0x00000000        0x0 HAL/LCD/LCD.o
 .data          0x00000000        0x0 HAL/LCD/LCD.o
 .bss           0x00000000        0x0 HAL/LCD/LCD.o
 .text.LCD_write_float
                0x00000000       0x60 HAL/LCD/LCD.o
 .text.clear_screen
                0x00000000        0x8 HAL/LCD/LCD.o
 .text          0x00000000        0x0 HAL/LED/LED.o
 .data          0x00000000        0x0 HAL/LED/LED.o
 .bss           0x00000000        0x0 HAL/LED/LED.o
 .text.led_on   0x00000000        0x8 HAL/LED/LED.o
 .text.led_off  0x00000000        0x8 HAL/LED/LED.o
 .text          0x00000000        0x0 HAL/SevenSeg/SevenSeg.o
 .data          0x00000000        0x0 HAL/SevenSeg/SevenSeg.o
 .bss           0x00000000        0x0 HAL/SevenSeg/SevenSeg.o
 .text.sevenseg_init
                0x00000000       0x14 HAL/SevenSeg/SevenSeg.o
 .text.sevenseg_write
                0x00000000      0x174 HAL/SevenSeg/SevenSeg.o
 .progmem.gcc_sw_table.sevenseg_write
                0x00000000       0x14 HAL/SevenSeg/SevenSeg.o
 .text.sevenseg_write_four
                0x00000000       0xb4 HAL/SevenSeg/SevenSeg.o
 .debug_info    0x00000000      0x1c8 HAL/SevenSeg/SevenSeg.o
 .debug_abbrev  0x00000000      0x12b HAL/SevenSeg/SevenSeg.o
 .debug_loc     0x00000000      0x2f6 HAL/SevenSeg/SevenSeg.o
 .debug_aranges
                0x00000000       0x30 HAL/SevenSeg/SevenSeg.o
 .debug_ranges  0x00000000       0x20 HAL/SevenSeg/SevenSeg.o
 .debug_line    0x00000000      0x1e1 HAL/SevenSeg/SevenSeg.o
 .debug_str     0x00000000      0x256 HAL/SevenSeg/SevenSeg.o
 .comment       0x00000000       0x31 HAL/SevenSeg/SevenSeg.o
 .debug_frame   0x00000000       0x80 HAL/SevenSeg/SevenSeg.o
 .text          0x00000000        0x0 main.o
 .data          0x00000000        0x0 main.o
 .bss           0x00000000        0x0 main.o
 .text          0x00000000        0x0 MCAL/ADC/ADC.o
 .data          0x00000000        0x0 MCAL/ADC/ADC.o
 .bss           0x00000000        0x0 MCAL/ADC/ADC.o
 .text.ADC_AutoTrigger_init
                0x00000000       0x44 MCAL/ADC/ADC.o
 .text.ADC_AutoTrigger_read
                0x00000000       0x22 MCAL/ADC/ADC.o
 .text          0x00000000        0x0 MCAL/DIO/DIO.o
 .data          0x00000000        0x0 MCAL/DIO/DIO.o
 .bss           0x00000000        0x0 MCAL/DIO/DIO.o
 .text.DIO_voidSetPortDirection
                0x00000000       0x58 MCAL/DIO/DIO.o
 .text.DIO_voidSetPortValue
                0x00000000       0x58 MCAL/DIO/DIO.o
 .text          0x00000000        0x0 MCAL/EEPROM/EEPROM.o
 .data          0x00000000        0x0 MCAL/EEPROM/EEPROM.o
 .bss           0x00000000        0x0 MCAL/EEPROM/EEPROM.o
 .text.eeprom_write
                0x00000000       0x16 MCAL/EEPROM/EEPROM.o
 .text.eeprom_read
                0x00000000       0x10 MCAL/EEPROM/EEPROM.o
 .debug_info    0x00000000       0xf5 MCAL/EEPROM/EEPROM.o
 .debug_abbrev  0x00000000       0x8b MCAL/EEPROM/EEPROM.o
 .debug_loc     0x00000000       0x4c MCAL/EEPROM/EEPROM.o
 .debug_aranges
                0x00000000       0x28 MCAL/EEPROM/EEPROM.o
 .debug_ranges  0x00000000       0x18 MCAL/EEPROM/EEPROM.o
 .debug_line    0x00000000       0xab MCAL/EEPROM/EEPROM.o
 .debug_str     0x00000000      0x1ef MCAL/EEPROM/EEPROM.o
 .comment       0x00000000       0x31 MCAL/EEPROM/EEPROM.o
 .debug_frame   0x00000000       0x34 MCAL/EEPROM/EEPROM.o
 .text          0x00000000        0x0 MCAL/EXT/EXT.o
 .data          0x00000000        0x0 MCAL/EXT/EXT.o
 .bss           0x00000000        0x0 MCAL/EXT/EXT.o
 .text          0x00000000        0x0 MCAL/GIE/GIE.o
 .data          0x00000000        0x0 MCAL/GIE/GIE.o
 .bss           0x00000000        0x0 MCAL/GIE/GIE.o
 .text          0x00000000        0x0 MCAL/I2C/I2C.o
 .data          0x00000000        0x0 MCAL/I2C/I2C.o
 .bss           0x00000000        0x0 MCAL/I2C/I2C.o
 .text.I2C_MASTER_INIT
                0x00000000       0x12 MCAL/I2C/I2C.o
 .text.I2C_SLAVE_INIT
                0x00000000        0x6 MCAL/I2C/I2C.o
 .text.I2C_Send_Start_Condition
                0x00000000       0x1a MCAL/I2C/I2C.o
 .text.I2C_Send_Repeated_Start_Condition
                0x00000000       0x1a MCAL/I2C/I2C.o
 .text.I2C_Send_Slave_Address_Write
                0x00000000       0x24 MCAL/I2C/I2C.o
 .text.I2C_Send_Slave_Address_Read
                0x00000000       0x24 MCAL/I2C/I2C.o
 .text.I2C_Send_Master_Send_Byte
                0x00000000       0x1c MCAL/I2C/I2C.o
 .text.I2C_Send_Master_Read_Byte
                0x00000000       0x20 MCAL/I2C/I2C.o
 .text.I2C_Send_Stop_Condition
                0x00000000        0x6 MCAL/I2C/I2C.o
 .text.I2C_slave_avialable
                0x00000000       0x18 MCAL/I2C/I2C.o
 .debug_info    0x00000000      0x283 MCAL/I2C/I2C.o
 .debug_abbrev  0x00000000       0xd5 MCAL/I2C/I2C.o
 .debug_loc     0x00000000      0x192 MCAL/I2C/I2C.o
 .debug_aranges
                0x00000000       0x68 MCAL/I2C/I2C.o
 .debug_ranges  0x00000000       0x58 MCAL/I2C/I2C.o
 .debug_line    0x00000000      0x24f MCAL/I2C/I2C.o
 .debug_str     0x00000000      0x35f MCAL/I2C/I2C.o
 .comment       0x00000000       0x31 MCAL/I2C/I2C.o
 .debug_frame   0x00000000       0xb4 MCAL/I2C/I2C.o
 .text          0x00000000        0x0 MCAL/SPI/SPI.o
 .data          0x00000000        0x0 MCAL/SPI/SPI.o
 .bss           0x00000000        0x0 MCAL/SPI/SPI.o
 .text.SPI_slave_init
                0x00000000       0x1e MCAL/SPI/SPI.o
 .text.SPI_recieve
                0x00000000        0xc MCAL/SPI/SPI.o
 .text.SPI_RX_TX
                0x00000000        0xa MCAL/SPI/SPI.o
 .text          0x00000000        0x0 MCAL/Timer0/Timer0.o
 .data          0x00000000        0x0 MCAL/Timer0/Timer0.o
 .bss           0x00000000        0x0 MCAL/Timer0/Timer0.o
 .text.timer0_setOCR
                0x00000000        0x4 MCAL/Timer0/Timer0.o
 .text.timer0_setTCNT0
                0x00000000        0x4 MCAL/Timer0/Timer0.o
 .text.timer0_callback
                0x00000000        0xa MCAL/Timer0/Timer0.o
 .text.timer0_disable
                0x00000000       0x14 MCAL/Timer0/Timer0.o
 .text.timer0_delay_us
                0x00000000       0x8e MCAL/Timer0/Timer0.o
 .text.timer0_delay_ms
                0x00000000       0x8e MCAL/Timer0/Timer0.o
 .text.timer0_delay_s
                0x00000000       0x8e MCAL/Timer0/Timer0.o
 .text          0x00000000        0x0 MCAL/TWI/TWI_prog.o
 .data          0x00000000        0x0 MCAL/TWI/TWI_prog.o
 .bss           0x00000000        0x0 MCAL/TWI/TWI_prog.o
 .text.M_TWI_void_Init
                0x00000000       0x1e MCAL/TWI/TWI_prog.o
 .text.M_TWI_u8_StartCondition
                0x00000000       0x22 MCAL/TWI/TWI_prog.o
 .text.M_TWI_void_StopCondition
                0x00000000        0xe MCAL/TWI/TWI_prog.o
 .text.M_TWI_u8_RepeatedStart
                0x00000000       0x22 MCAL/TWI/TWI_prog.o
 .text.M_TWI_u8_SendSlaveAddressWrite
                0x00000000       0x26 MCAL/TWI/TWI_prog.o
 .text.M_TWI_u8_SendSlaveAddressRead
                0x00000000       0x2c MCAL/TWI/TWI_prog.o
 .text.M_TWI_u8_SendByte
                0x00000000       0x1e MCAL/TWI/TWI_prog.o
 .text.M_TWI_u8_ReadByte
                0x00000000       0x22 MCAL/TWI/TWI_prog.o
 .debug_info    0x00000000      0x24d MCAL/TWI/TWI_prog.o
 .debug_abbrev  0x00000000       0xac MCAL/TWI/TWI_prog.o
 .debug_loc     0x00000000      0x171 MCAL/TWI/TWI_prog.o
 .debug_aranges
                0x00000000       0x58 MCAL/TWI/TWI_prog.o
 .debug_ranges  0x00000000       0x48 MCAL/TWI/TWI_prog.o
 .debug_line    0x00000000      0x223 MCAL/TWI/TWI_prog.o
 .debug_str     0x00000000      0x340 MCAL/TWI/TWI_prog.o
 .comment       0x00000000       0x31 MCAL/TWI/TWI_prog.o
 .debug_frame   0x00000000       0x94 MCAL/TWI/TWI_prog.o
 .text          0x00000000        0x0 MCAL/UART/UART.o
 .data          0x00000000        0x0 MCAL/UART/UART.o
 .bss           0x00000000        0x0 MCAL/UART/UART.o
 .text.Uart_Transmit
                0x00000000       0x12 MCAL/UART/UART.o
 .bss.ptr_Empty
                0x00000000        0x2 MCAL/UART/UART.o
 .bss.ptr_TX    0x00000000        0x2 MCAL/UART/UART.o
 .text          0x00000000        0x0 MCAL/WDT/WDT.o
 .data          0x00000000        0x0 MCAL/WDT/WDT.o
 .bss           0x00000000        0x0 MCAL/WDT/WDT.o
 .text.wdt_enable
                0x00000000       0xba MCAL/WDT/WDT.o
 .progmem.gcc_sw_table.wdt_enable
                0x00000000       0x10 MCAL/WDT/WDT.o
 .text.wdt_disable
                0x00000000        0xa MCAL/WDT/WDT.o
 .debug_info    0x00000000      0x106 MCAL/WDT/WDT.o
 .debug_abbrev  0x00000000       0x92 MCAL/WDT/WDT.o
 .debug_loc     0x00000000       0xd0 MCAL/WDT/WDT.o
 .debug_aranges
                0x00000000       0x28 MCAL/WDT/WDT.o
 .debug_ranges  0x00000000       0x18 MCAL/WDT/WDT.o
 .debug_line    0x00000000       0xbc MCAL/WDT/WDT.o
 .debug_str     0x00000000      0x21c MCAL/WDT/WDT.o
 .comment       0x00000000       0x31 MCAL/WDT/WDT.o
 .debug_frame   0x00000000       0x34 MCAL/WDT/WDT.o
 .text          0x00000000        0x0 c:/program files (x86)/atmel/studio/7.0/toolchain/avr8/avr8-gnu-toolchain/bin/../lib/gcc/avr/5.4.0/../../../../avr/lib/avr5\libm.a(addsf3.o)
 .data          0x00000000        0x0 c:/program files (x86)/atmel/studio/7.0/toolchain/avr8/avr8-gnu-toolchain/bin/../lib/gcc/avr/5.4.0/../../../../avr/lib/avr5\libm.a(addsf3.o)
 .bss           0x00000000        0x0 c:/program files (x86)/atmel/studio/7.0/toolchain/avr8/avr8-gnu-toolchain/bin/../lib/gcc/avr/5.4.0/../../../../avr/lib/avr5\libm.a(addsf3.o)
 .text          0x00000000        0x0 c:/program files (x86)/atmel/studio/7.0/toolchain/avr8/avr8-gnu-toolchain/bin/../lib/gcc/avr/5.4.0/../../../../avr/lib/avr5\libm.a(addsf3x.o)
 .data          0x00000000        0x0 c:/program files (x86)/atmel/studio/7.0/toolchain/avr8/avr8-gnu-toolchain/bin/../lib/gcc/avr/5.4.0/../../../../avr/lib/avr5\libm.a(addsf3x.o)
 .bss           0x00000000        0x0 c:/program files (x86)/atmel/studio/7.0/toolchain/avr8/avr8-gnu-toolchain/bin/../lib/gcc/avr/5.4.0/../../../../avr/lib/avr5\libm.a(addsf3x.o)
 .text          0x00000000        0x0 c:/program files (x86)/atmel/studio/7.0/toolchain/avr8/avr8-gnu-toolchain/bin/../lib/gcc/avr/5.4.0/../../../../avr/lib/avr5\libm.a(divsf3.o)
 .data          0x00000000        0x0 c:/program files (x86)/atmel/studio/7.0/toolchain/avr8/avr8-gnu-toolchain/bin/../lib/gcc/avr/5.4.0/../../../../avr/lib/avr5\libm.a(divsf3.o)
 .bss           0x00000000        0x0 c:/program files (x86)/atmel/studio/7.0/toolchain/avr8/avr8-gnu-toolchain/bin/../lib/gcc/avr/5.4.0/../../../../avr/lib/avr5\libm.a(divsf3.o)
 .text.avr-libc.fplib
                0x00000000        0x8 c:/program files (x86)/atmel/studio/7.0/toolchain/avr8/avr8-gnu-toolchain/bin/../lib/gcc/avr/5.4.0/../../../../avr/lib/avr5\libm.a(divsf3.o)
 .text          0x00000000        0x0 c:/program files (x86)/atmel/studio/7.0/toolchain/avr8/avr8-gnu-toolchain/bin/../lib/gcc/avr/5.4.0/../../../../avr/lib/avr5\libm.a(divsf3x.o)
 .data          0x00000000        0x0 c:/program files (x86)/atmel/studio/7.0/toolchain/avr8/avr8-gnu-toolchain/bin/../lib/gcc/avr/5.4.0/../../../../avr/lib/avr5\libm.a(divsf3x.o)
 .bss           0x00000000        0x0 c:/program files (x86)/atmel/studio/7.0/toolchain/avr8/avr8-gnu-toolchain/bin/../lib/gcc/avr/5.4.0/../../../../avr/lib/avr5\libm.a(divsf3x.o)
 .text.avr-libc.fplib
                0x00000000       0xdc c:/program files (x86)/atmel/studio/7.0/toolchain/avr8/avr8-gnu-toolchain/bin/../lib/gcc/avr/5.4.0/../../../../avr/lib/avr5\libm.a(divsf3x.o)
 .text          0x00000000        0x0 c:/program files (x86)/atmel/studio/7.0/toolchain/avr8/avr8-gnu-toolchain/bin/../lib/gcc/avr/5.4.0/../../../../avr/lib/avr5\libm.a(fixunssfsi.o)
 .data          0x00000000        0x0 c:/program files (x86)/atmel/studio/7.0/toolchain/avr8/avr8-gnu-toolchain/bin/../lib/gcc/avr/5.4.0/../../../../avr/lib/avr5\libm.a(fixunssfsi.o)
 .bss           0x00000000        0x0 c:/program files (x86)/atmel/studio/7.0/toolchain/avr8/avr8-gnu-toolchain/bin/../lib/gcc/avr/5.4.0/../../../../avr/lib/avr5\libm.a(fixunssfsi.o)
 .text          0x00000000        0x0 c:/program files (x86)/atmel/studio/7.0/toolchain/avr8/avr8-gnu-toolchain/bin/../lib/gcc/avr/5.4.0/../../../../avr/lib/avr5\libm.a(floatsisf.o)
 .data          0x00000000        0x0 c:/program files (x86)/atmel/studio/7.0/toolchain/avr8/avr8-gnu-toolchain/bin/../lib/gcc/avr/5.4.0/../../../../avr/lib/avr5\libm.a(floatsisf.o)
 .bss           0x00000000        0x0 c:/program files (x86)/atmel/studio/7.0/toolchain/avr8/avr8-gnu-toolchain/bin/../lib/gcc/avr/5.4.0/../../../../avr/lib/avr5\libm.a(floatsisf.o)
 .text          0x00000000        0x0 c:/program files (x86)/atmel/studio/7.0/toolchain/avr8/avr8-gnu-toolchain/bin/../lib/gcc/avr/5.4.0/../../../../avr/lib/avr5\libm.a(fp_inf.o)
 .data          0x00000000        0x0 c:/program files (x86)/atmel/studio/7.0/toolchain/avr8/avr8-gnu-toolchain/bin/../lib/gcc/avr/5.4.0/../../../../avr/lib/avr5\libm.a(fp_inf.o)
 .bss           0x00000000        0x0 c:/program files (x86)/atmel/studio/7.0/toolchain/avr8/avr8-gnu-toolchain/bin/../lib/gcc/avr/5.4.0/../../../../avr/lib/avr5\libm.a(fp_inf.o)
 .text          0x00000000        0x0 c:/program files (x86)/atmel/studio/7.0/toolchain/avr8/avr8-gnu-toolchain/bin/../lib/gcc/avr/5.4.0/../../../../avr/lib/avr5\libm.a(fp_nan.o)
 .data          0x00000000        0x0 c:/program files (x86)/atmel/studio/7.0/toolchain/avr8/avr8-gnu-toolchain/bin/../lib/gcc/avr/5.4.0/../../../../avr/lib/avr5\libm.a(fp_nan.o)
 .bss           0x00000000        0x0 c:/program files (x86)/atmel/studio/7.0/toolchain/avr8/avr8-gnu-toolchain/bin/../lib/gcc/avr/5.4.0/../../../../avr/lib/avr5\libm.a(fp_nan.o)
 .text          0x00000000        0x0 c:/program files (x86)/atmel/studio/7.0/toolchain/avr8/avr8-gnu-toolchain/bin/../lib/gcc/avr/5.4.0/../../../../avr/lib/avr5\libm.a(fp_pscA.o)
 .data          0x00000000        0x0 c:/program files (x86)/atmel/studio/7.0/toolchain/avr8/avr8-gnu-toolchain/bin/../lib/gcc/avr/5.4.0/../../../../avr/lib/avr5\libm.a(fp_pscA.o)
 .bss           0x00000000        0x0 c:/program files (x86)/atmel/studio/7.0/toolchain/avr8/avr8-gnu-toolchain/bin/../lib/gcc/avr/5.4.0/../../../../avr/lib/avr5\libm.a(fp_pscA.o)
 .text          0x00000000        0x0 c:/program files (x86)/atmel/studio/7.0/toolchain/avr8/avr8-gnu-toolchain/bin/../lib/gcc/avr/5.4.0/../../../../avr/lib/avr5\libm.a(fp_pscB.o)
 .data          0x00000000        0x0 c:/program files (x86)/atmel/studio/7.0/toolchain/avr8/avr8-gnu-toolchain/bin/../lib/gcc/avr/5.4.0/../../../../avr/lib/avr5\libm.a(fp_pscB.o)
 .bss           0x00000000        0x0 c:/program files (x86)/atmel/studio/7.0/toolchain/avr8/avr8-gnu-toolchain/bin/../lib/gcc/avr/5.4.0/../../../../avr/lib/avr5\libm.a(fp_pscB.o)
 .text          0x00000000        0x0 c:/program files (x86)/atmel/studio/7.0/toolchain/avr8/avr8-gnu-toolchain/bin/../lib/gcc/avr/5.4.0/../../../../avr/lib/avr5\libm.a(fp_round.o)
 .data          0x00000000        0x0 c:/program files (x86)/atmel/studio/7.0/toolchain/avr8/avr8-gnu-toolchain/bin/../lib/gcc/avr/5.4.0/../../../../avr/lib/avr5\libm.a(fp_round.o)
 .bss           0x00000000        0x0 c:/program files (x86)/atmel/studio/7.0/toolchain/avr8/avr8-gnu-toolchain/bin/../lib/gcc/avr/5.4.0/../../../../avr/lib/avr5\libm.a(fp_round.o)
 .text          0x00000000        0x0 c:/program files (x86)/atmel/studio/7.0/toolchain/avr8/avr8-gnu-toolchain/bin/../lib/gcc/avr/5.4.0/../../../../avr/lib/avr5\libm.a(fp_split3.o)
 .data          0x00000000        0x0 c:/program files (x86)/atmel/studio/7.0/toolchain/avr8/avr8-gnu-toolchain/bin/../lib/gcc/avr/5.4.0/../../../../avr/lib/avr5\libm.a(fp_split3.o)
 .bss           0x00000000        0x0 c:/program files (x86)/atmel/studio/7.0/toolchain/avr8/avr8-gnu-toolchain/bin/../lib/gcc/avr/5.4.0/../../../../avr/lib/avr5\libm.a(fp_split3.o)
 .text          0x00000000        0x0 c:/program files (x86)/atmel/studio/7.0/toolchain/avr8/avr8-gnu-toolchain/bin/../lib/gcc/avr/5.4.0/../../../../avr/lib/avr5\libm.a(fp_zero.o)
 .data          0x00000000        0x0 c:/program files (x86)/atmel/studio/7.0/toolchain/avr8/avr8-gnu-toolchain/bin/../lib/gcc/avr/5.4.0/../../../../avr/lib/avr5\libm.a(fp_zero.o)
 .bss           0x00000000        0x0 c:/program files (x86)/atmel/studio/7.0/toolchain/avr8/avr8-gnu-toolchain/bin/../lib/gcc/avr/5.4.0/../../../../avr/lib/avr5\libm.a(fp_zero.o)
 .text          0x00000000        0x0 c:/program files (x86)/atmel/studio/7.0/toolchain/avr8/avr8-gnu-toolchain/bin/../lib/gcc/avr/5.4.0/../../../../avr/lib/avr5\libm.a(mulsf3.o)
 .data          0x00000000        0x0 c:/program files (x86)/atmel/studio/7.0/toolchain/avr8/avr8-gnu-toolchain/bin/../lib/gcc/avr/5.4.0/../../../../avr/lib/avr5\libm.a(mulsf3.o)
 .bss           0x00000000        0x0 c:/program files (x86)/atmel/studio/7.0/toolchain/avr8/avr8-gnu-toolchain/bin/../lib/gcc/avr/5.4.0/../../../../avr/lib/avr5\libm.a(mulsf3.o)
 .text          0x00000000        0x0 c:/program files (x86)/atmel/studio/7.0/toolchain/avr8/avr8-gnu-toolchain/bin/../lib/gcc/avr/5.4.0/../../../../avr/lib/avr5\libm.a(mulsf3x.o)
 .data          0x00000000        0x0 c:/program files (x86)/atmel/studio/7.0/toolchain/avr8/avr8-gnu-toolchain/bin/../lib/gcc/avr/5.4.0/../../../../avr/lib/avr5\libm.a(mulsf3x.o)
 .bss           0x00000000        0x0 c:/program files (x86)/atmel/studio/7.0/toolchain/avr8/avr8-gnu-toolchain/bin/../lib/gcc/avr/5.4.0/../../../../avr/lib/avr5\libm.a(mulsf3x.o)
 .text          0x00000000        0x0 c:/program files (x86)/atmel/studio/7.0/toolchain/avr8/avr8-gnu-toolchain/bin/../lib/gcc/avr/5.4.0/avr5\libgcc.a(_udivmodsi4.o)
 .data          0x00000000        0x0 c:/program files (x86)/atmel/studio/7.0/toolchain/avr8/avr8-gnu-toolchain/bin/../lib/gcc/avr/5.4.0/avr5\libgcc.a(_udivmodsi4.o)
 .bss           0x00000000        0x0 c:/program files (x86)/atmel/studio/7.0/toolchain/avr8/avr8-gnu-toolchain/bin/../lib/gcc/avr/5.4.0/avr5\libgcc.a(_udivmodsi4.o)
 .text.libgcc.mul
                0x00000000        0x0 c:/program files (x86)/atmel/studio/7.0/toolchain/avr8/avr8-gnu-toolchain/bin/../lib/gcc/avr/5.4.0/avr5\libgcc.a(_udivmodsi4.o)
 .text.libgcc   0x00000000        0x0 c:/program files (x86)/atmel/studio/7.0/toolchain/avr8/avr8-gnu-toolchain/bin/../lib/gcc/avr/5.4.0/avr5\libgcc.a(_udivmodsi4.o)
 .text.libgcc.prologue
                0x00000000        0x0 c:/program files (x86)/atmel/studio/7.0/toolchain/avr8/avr8-gnu-toolchain/bin/../lib/gcc/avr/5.4.0/avr5\libgcc.a(_udivmodsi4.o)
 .text.libgcc.builtins
                0x00000000        0x0 c:/program files (x86)/atmel/studio/7.0/toolchain/avr8/avr8-gnu-toolchain/bin/../lib/gcc/avr/5.4.0/avr5\libgcc.a(_udivmodsi4.o)
 .text.libgcc.fmul
                0x00000000        0x0 c:/program files (x86)/atmel/studio/7.0/toolchain/avr8/avr8-gnu-toolchain/bin/../lib/gcc/avr/5.4.0/avr5\libgcc.a(_udivmodsi4.o)
 .text.libgcc.fixed
                0x00000000        0x0 c:/program files (x86)/atmel/studio/7.0/toolchain/avr8/avr8-gnu-toolchain/bin/../lib/gcc/avr/5.4.0/avr5\libgcc.a(_udivmodsi4.o)
 .text          0x00000000        0x0 c:/program files (x86)/atmel/studio/7.0/toolchain/avr8/avr8-gnu-toolchain/bin/../lib/gcc/avr/5.4.0/avr5\libgcc.a(_divmodsi4.o)
 .data          0x00000000        0x0 c:/program files (x86)/atmel/studio/7.0/toolchain/avr8/avr8-gnu-toolchain/bin/../lib/gcc/avr/5.4.0/avr5\libgcc.a(_divmodsi4.o)
 .bss           0x00000000        0x0 c:/program files (x86)/atmel/studio/7.0/toolchain/avr8/avr8-gnu-toolchain/bin/../lib/gcc/avr/5.4.0/avr5\libgcc.a(_divmodsi4.o)
 .text.libgcc.mul
                0x00000000        0x0 c:/program files (x86)/atmel/studio/7.0/toolchain/avr8/avr8-gnu-toolchain/bin/../lib/gcc/avr/5.4.0/avr5\libgcc.a(_divmodsi4.o)
 .text.libgcc   0x00000000        0x0 c:/program files (x86)/atmel/studio/7.0/toolchain/avr8/avr8-gnu-toolchain/bin/../lib/gcc/avr/5.4.0/avr5\libgcc.a(_divmodsi4.o)
 .text.libgcc.prologue
                0x00000000        0x0 c:/program files (x86)/atmel/studio/7.0/toolchain/avr8/avr8-gnu-toolchain/bin/../lib/gcc/avr/5.4.0/avr5\libgcc.a(_divmodsi4.o)
 .text.libgcc.builtins
                0x00000000        0x0 c:/program files (x86)/atmel/studio/7.0/toolchain/avr8/avr8-gnu-toolchain/bin/../lib/gcc/avr/5.4.0/avr5\libgcc.a(_divmodsi4.o)
 .text.libgcc.fmul
                0x00000000        0x0 c:/program files (x86)/atmel/studio/7.0/toolchain/avr8/avr8-gnu-toolchain/bin/../lib/gcc/avr/5.4.0/avr5\libgcc.a(_divmodsi4.o)
 .text.libgcc.fixed
                0x00000000        0x0 c:/program files (x86)/atmel/studio/7.0/toolchain/avr8/avr8-gnu-toolchain/bin/../lib/gcc/avr/5.4.0/avr5\libgcc.a(_divmodsi4.o)
 .text          0x00000000        0x0 c:/program files (x86)/atmel/studio/7.0/toolchain/avr8/avr8-gnu-toolchain/bin/../lib/gcc/avr/5.4.0/avr5\libgcc.a(_negsi2.o)
 .data          0x00000000        0x0 c:/program files (x86)/atmel/studio/7.0/toolchain/avr8/avr8-gnu-toolchain/bin/../lib/gcc/avr/5.4.0/avr5\libgcc.a(_negsi2.o)
 .bss           0x00000000        0x0 c:/program files (x86)/atmel/studio/7.0/toolchain/avr8/avr8-gnu-toolchain/bin/../lib/gcc/avr/5.4.0/avr5\libgcc.a(_negsi2.o)
 .text.libgcc.mul
                0x00000000        0x0 c:/program files (x86)/atmel/studio/7.0/toolchain/avr8/avr8-gnu-toolchain/bin/../lib/gcc/avr/5.4.0/avr5\libgcc.a(_negsi2.o)
 .text.libgcc   0x00000000        0x0 c:/program files (x86)/atmel/studio/7.0/toolchain/avr8/avr8-gnu-toolchain/bin/../lib/gcc/avr/5.4.0/avr5\libgcc.a(_negsi2.o)
 .text.libgcc.prologue
                0x00000000        0x0 c:/program files (x86)/atmel/studio/7.0/toolchain/avr8/avr8-gnu-toolchain/bin/../lib/gcc/avr/5.4.0/avr5\libgcc.a(_negsi2.o)
 .text.libgcc.builtins
                0x00000000        0x0 c:/program files (x86)/atmel/studio/7.0/toolchain/avr8/avr8-gnu-toolchain/bin/../lib/gcc/avr/5.4.0/avr5\libgcc.a(_negsi2.o)
 .text.libgcc.fmul
                0x00000000        0x0 c:/program files (x86)/atmel/studio/7.0/toolchain/avr8/avr8-gnu-toolchain/bin/../lib/gcc/avr/5.4.0/avr5\libgcc.a(_negsi2.o)
 .text.libgcc.fixed
                0x00000000        0x0 c:/program files (x86)/atmel/studio/7.0/toolchain/avr8/avr8-gnu-toolchain/bin/../lib/gcc/avr/5.4.0/avr5\libgcc.a(_negsi2.o)
 .text          0x00000000        0x0 c:/program files (x86)/atmel/studio/7.0/toolchain/avr8/avr8-gnu-toolchain/bin/../lib/gcc/avr/5.4.0/avr5\libgcc.a(_exit.o)
 .data          0x00000000        0x0 c:/program files (x86)/atmel/studio/7.0/toolchain/avr8/avr8-gnu-toolchain/bin/../lib/gcc/avr/5.4.0/avr5\libgcc.a(_exit.o)
 .bss           0x00000000        0x0 c:/program files (x86)/atmel/studio/7.0/toolchain/avr8/avr8-gnu-toolchain/bin/../lib/gcc/avr/5.4.0/avr5\libgcc.a(_exit.o)
 .text.libgcc.mul
                0x00000000        0x0 c:/program files (x86)/atmel/studio/7.0/toolchain/avr8/avr8-gnu-toolchain/bin/../lib/gcc/avr/5.4.0/avr5\libgcc.a(_exit.o)
 .text.libgcc.div
                0x00000000        0x0 c:/program files (x86)/atmel/studio/7.0/toolchain/avr8/avr8-gnu-toolchain/bin/../lib/gcc/avr/5.4.0/avr5\libgcc.a(_exit.o)
 .text.libgcc   0x00000000        0x0 c:/program files (x86)/atmel/studio/7.0/toolchain/avr8/avr8-gnu-toolchain/bin/../lib/gcc/avr/5.4.0/avr5\libgcc.a(_exit.o)
 .text.libgcc.prologue
                0x00000000        0x0 c:/program files (x86)/atmel/studio/7.0/toolchain/avr8/avr8-gnu-toolchain/bin/../lib/gcc/avr/5.4.0/avr5\libgcc.a(_exit.o)
 .text.libgcc.builtins
                0x00000000        0x0 c:/program files (x86)/atmel/studio/7.0/toolchain/avr8/avr8-gnu-toolchain/bin/../lib/gcc/avr/5.4.0/avr5\libgcc.a(_exit.o)
 .text.libgcc.fmul
                0x00000000        0x0 c:/program files (x86)/atmel/studio/7.0/toolchain/avr8/avr8-gnu-toolchain/bin/../lib/gcc/avr/5.4.0/avr5\libgcc.a(_exit.o)
 .text.libgcc.fixed
                0x00000000        0x0 c:/program files (x86)/atmel/studio/7.0/toolchain/avr8/avr8-gnu-toolchain/bin/../lib/gcc/avr/5.4.0/avr5\libgcc.a(_exit.o)
 .text          0x00000000        0x0 c:/program files (x86)/atmel/studio/7.0/toolchain/avr8/avr8-gnu-toolchain/bin/../lib/gcc/avr/5.4.0/avr5\libgcc.a(_tablejump2.o)
 .data          0x00000000        0x0 c:/program files (x86)/atmel/studio/7.0/toolchain/avr8/avr8-gnu-toolchain/bin/../lib/gcc/avr/5.4.0/avr5\libgcc.a(_tablejump2.o)
 .bss           0x00000000        0x0 c:/program files (x86)/atmel/studio/7.0/toolchain/avr8/avr8-gnu-toolchain/bin/../lib/gcc/avr/5.4.0/avr5\libgcc.a(_tablejump2.o)
 .text.libgcc.mul
                0x00000000        0x0 c:/program files (x86)/atmel/studio/7.0/toolchain/avr8/avr8-gnu-toolchain/bin/../lib/gcc/avr/5.4.0/avr5\libgcc.a(_tablejump2.o)
 .text.libgcc.div
                0x00000000        0x0 c:/program files (x86)/atmel/studio/7.0/toolchain/avr8/avr8-gnu-toolchain/bin/../lib/gcc/avr/5.4.0/avr5\libgcc.a(_tablejump2.o)
 .text.libgcc   0x00000000        0xc c:/program files (x86)/atmel/studio/7.0/toolchain/avr8/avr8-gnu-toolchain/bin/../lib/gcc/avr/5.4.0/avr5\libgcc.a(_tablejump2.o)
 .text.libgcc.prologue
                0x00000000        0x0 c:/program files (x86)/atmel/studio/7.0/toolchain/avr8/avr8-gnu-toolchain/bin/../lib/gcc/avr/5.4.0/avr5\libgcc.a(_tablejump2.o)
 .text.libgcc.builtins
                0x00000000        0x0 c:/program files (x86)/atmel/studio/7.0/toolchain/avr8/avr8-gnu-toolchain/bin/../lib/gcc/avr/5.4.0/avr5\libgcc.a(_tablejump2.o)
 .text.libgcc.fmul
                0x00000000        0x0 c:/program files (x86)/atmel/studio/7.0/toolchain/avr8/avr8-gnu-toolchain/bin/../lib/gcc/avr/5.4.0/avr5\libgcc.a(_tablejump2.o)
 .text.libgcc.fixed
                0x00000000        0x0 c:/program files (x86)/atmel/studio/7.0/toolchain/avr8/avr8-gnu-toolchain/bin/../lib/gcc/avr/5.4.0/avr5\libgcc.a(_tablejump2.o)
 .text          0x00000000        0x0 c:/program files (x86)/atmel/studio/7.0/toolchain/avr8/avr8-gnu-toolchain/bin/../lib/gcc/avr/5.4.0/avr5\libgcc.a(_copy_data.o)
 .data          0x00000000        0x0 c:/program files (x86)/atmel/studio/7.0/toolchain/avr8/avr8-gnu-toolchain/bin/../lib/gcc/avr/5.4.0/avr5\libgcc.a(_copy_data.o)
 .bss           0x00000000        0x0 c:/program files (x86)/atmel/studio/7.0/toolchain/avr8/avr8-gnu-toolchain/bin/../lib/gcc/avr/5.4.0/avr5\libgcc.a(_copy_data.o)
 .text.libgcc.mul
                0x00000000        0x0 c:/program files (x86)/atmel/studio/7.0/toolchain/avr8/avr8-gnu-toolchain/bin/../lib/gcc/avr/5.4.0/avr5\libgcc.a(_copy_data.o)
 .text.libgcc.div
                0x00000000        0x0 c:/program files (x86)/atmel/studio/7.0/toolchain/avr8/avr8-gnu-toolchain/bin/../lib/gcc/avr/5.4.0/avr5\libgcc.a(_copy_data.o)
 .text.libgcc   0x00000000        0x0 c:/program files (x86)/atmel/studio/7.0/toolchain/avr8/avr8-gnu-toolchain/bin/../lib/gcc/avr/5.4.0/avr5\libgcc.a(_copy_data.o)
 .text.libgcc.prologue
                0x00000000        0x0 c:/program files (x86)/atmel/studio/7.0/toolchain/avr8/avr8-gnu-toolchain/bin/../lib/gcc/avr/5.4.0/avr5\libgcc.a(_copy_data.o)
 .text.libgcc.builtins
                0x00000000        0x0 c:/program files (x86)/atmel/studio/7.0/toolchain/avr8/avr8-gnu-toolchain/bin/../lib/gcc/avr/5.4.0/avr5\libgcc.a(_copy_data.o)
 .text.libgcc.fmul
                0x00000000        0x0 c:/program files (x86)/atmel/studio/7.0/toolchain/avr8/avr8-gnu-toolchain/bin/../lib/gcc/avr/5.4.0/avr5\libgcc.a(_copy_data.o)
 .text.libgcc.fixed
                0x00000000        0x0 c:/program files (x86)/atmel/studio/7.0/toolchain/avr8/avr8-gnu-toolchain/bin/../lib/gcc/avr/5.4.0/avr5\libgcc.a(_copy_data.o)
 .text          0x00000000        0x0 c:/program files (x86)/atmel/studio/7.0/toolchain/avr8/avr8-gnu-toolchain/bin/../lib/gcc/avr/5.4.0/avr5\libgcc.a(_clear_bss.o)
 .data          0x00000000        0x0 c:/program files (x86)/atmel/studio/7.0/toolchain/avr8/avr8-gnu-toolchain/bin/../lib/gcc/avr/5.4.0/avr5\libgcc.a(_clear_bss.o)
 .bss           0x00000000        0x0 c:/program files (x86)/atmel/studio/7.0/toolchain/avr8/avr8-gnu-toolchain/bin/../lib/gcc/avr/5.4.0/avr5\libgcc.a(_clear_bss.o)
 .text.libgcc.mul
                0x00000000        0x0 c:/program files (x86)/atmel/studio/7.0/toolchain/avr8/avr8-gnu-toolchain/bin/../lib/gcc/avr/5.4.0/avr5\libgcc.a(_clear_bss.o)
 .text.libgcc.div
                0x00000000        0x0 c:/program files (x86)/atmel/studio/7.0/toolchain/avr8/avr8-gnu-toolchain/bin/../lib/gcc/avr/5.4.0/avr5\libgcc.a(_clear_bss.o)
 .text.libgcc   0x00000000        0x0 c:/program files (x86)/atmel/studio/7.0/toolchain/avr8/avr8-gnu-toolchain/bin/../lib/gcc/avr/5.4.0/avr5\libgcc.a(_clear_bss.o)
 .text.libgcc.prologue
                0x00000000        0x0 c:/program files (x86)/atmel/studio/7.0/toolchain/avr8/avr8-gnu-toolchain/bin/../lib/gcc/avr/5.4.0/avr5\libgcc.a(_clear_bss.o)
 .text.libgcc.builtins
                0x00000000        0x0 c:/program files (x86)/atmel/studio/7.0/toolchain/avr8/avr8-gnu-toolchain/bin/../lib/gcc/avr/5.4.0/avr5\libgcc.a(_clear_bss.o)
 .text.libgcc.fmul
                0x00000000        0x0 c:/program files (x86)/atmel/studio/7.0/toolchain/avr8/avr8-gnu-toolchain/bin/../lib/gcc/avr/5.4.0/avr5\libgcc.a(_clear_bss.o)
 .text.libgcc.fixed
                0x00000000        0x0 c:/program files (x86)/atmel/studio/7.0/toolchain/avr8/avr8-gnu-toolchain/bin/../lib/gcc/avr/5.4.0/avr5\libgcc.a(_clear_bss.o)
 .text          0x00000000        0x0 c:/program files (x86)/atmel/studio/7.0/toolchain/avr8/avr8-gnu-toolchain/bin/../lib/gcc/avr/5.4.0/avr5\libgcc.a(_umulhisi3.o)
 .data          0x00000000        0x0 c:/program files (x86)/atmel/studio/7.0/toolchain/avr8/avr8-gnu-toolchain/bin/../lib/gcc/avr/5.4.0/avr5\libgcc.a(_umulhisi3.o)
 .bss           0x00000000        0x0 c:/program files (x86)/atmel/studio/7.0/toolchain/avr8/avr8-gnu-toolchain/bin/../lib/gcc/avr/5.4.0/avr5\libgcc.a(_umulhisi3.o)
 .text.libgcc.div
                0x00000000        0x0 c:/program files (x86)/atmel/studio/7.0/toolchain/avr8/avr8-gnu-toolchain/bin/../lib/gcc/avr/5.4.0/avr5\libgcc.a(_umulhisi3.o)
 .text.libgcc   0x00000000        0x0 c:/program files (x86)/atmel/studio/7.0/toolchain/avr8/avr8-gnu-toolchain/bin/../lib/gcc/avr/5.4.0/avr5\libgcc.a(_umulhisi3.o)
 .text.libgcc.prologue
                0x00000000        0x0 c:/program files (x86)/atmel/studio/7.0/toolchain/avr8/avr8-gnu-toolchain/bin/../lib/gcc/avr/5.4.0/avr5\libgcc.a(_umulhisi3.o)
 .text.libgcc.builtins
                0x00000000        0x0 c:/program files (x86)/atmel/studio/7.0/toolchain/avr8/avr8-gnu-toolchain/bin/../lib/gcc/avr/5.4.0/avr5\libgcc.a(_umulhisi3.o)
 .text.libgcc.fmul
                0x00000000        0x0 c:/program files (x86)/atmel/studio/7.0/toolchain/avr8/avr8-gnu-toolchain/bin/../lib/gcc/avr/5.4.0/avr5\libgcc.a(_umulhisi3.o)
 .text.libgcc.fixed
                0x00000000        0x0 c:/program files (x86)/atmel/studio/7.0/toolchain/avr8/avr8-gnu-toolchain/bin/../lib/gcc/avr/5.4.0/avr5\libgcc.a(_umulhisi3.o)

Memory Configuration

Name             Origin             Length             Attributes
text             0x00000000         0x00008000         xr
data             0x00800060         0x00000800         rw !x
eeprom           0x00810000         0x00000400         rw !x
fuse             0x00820000         0x00000002         rw !x
lock             0x00830000         0x00000400         rw !x
signature        0x00840000         0x00000400         rw !x
user_signatures  0x00850000         0x00000400         rw !x
*default*        0x00000000         0xffffffff

Linker script and memory map

LOAD C:/Program Files (x86)/Atmel/Studio/7.0/Packs/atmel/ATmega_DFP/1.7.374/gcc/dev/atmega32/avr5/crtatmega32.o
LOAD HAL/Button/Button.o
LOAD HAL/BUZZER/Buzzer.o
LOAD HAL/EXT_T_EEPROM/EXT_EEPROM_prog.o
LOAD HAL/GAS_SENSOR/GAS.o
LOAD HAL/H_Bridge/H-Bridge.o
LOAD HAL/KEYPAD/KEYPAD.o
LOAD HAL/LCD/LCD.o
LOAD HAL/LED/LED.o
LOAD HAL/SevenSeg/SevenSeg.o
LOAD main.o
LOAD MCAL/ADC/ADC.o
LOAD MCAL/DIO/DIO.o
LOAD MCAL/EEPROM/EEPROM.o
LOAD MCAL/EXT/EXT.o
LOAD MCAL/GIE/GIE.o
LOAD MCAL/I2C/I2C.o
LOAD MCAL/SPI/SPI.o
LOAD MCAL/Timer0/Timer0.o
LOAD MCAL/TWI/TWI_prog.o
LOAD MCAL/UART/UART.o
LOAD MCAL/WDT/WDT.o
START GROUP
LOAD c:/program files (x86)/atmel/studio/7.0/toolchain/avr8/avr8-gnu-toolchain/bin/../lib/gcc/avr/5.4.0/../../../../avr/lib/avr5\libm.a
END GROUP
START GROUP
LOAD c:/program files (x86)/atmel/studio/7.0/toolchain/avr8/avr8-gnu-toolchain/bin/../lib/gcc/avr/5.4.0/avr5\libgcc.a
LOAD c:/program files (x86)/atmel/studio/7.0/toolchain/avr8/avr8-gnu-toolchain/bin/../lib/gcc/avr/5.4.0/../../../../avr/lib/avr5\libm.a
LOAD c:/program files (x86)/atmel/studio/7.0/toolchain/avr8/avr8-gnu-toolchain/bin/../lib/gcc/avr/5.4.0/../../../../avr/lib/avr5\libc.a
LOAD C:/Program Files (x86)/Atmel/Studio/7.0/Packs/atmel/ATmega_DFP/1.7.374/gcc/dev/atmega32/avr5\libatmega32.a
END GROUP
                0x00000000                __TEXT_REGION_ORIGIN__ = DEFINED (__TEXT_REGION_ORIGIN__)?__TEXT_REGION_ORIGIN__:0x0
                [0x00800060]                __DATA_REGION_ORIGIN__ = DEFINED (__DATA_REGION_ORIGIN__)?__DATA_REGION_ORIGIN__:0x800060
                [0x00008000]                __TEXT_REGION_LENGTH__ = DEFINED (__TEXT_REGION_LENGTH__)?__TEXT_REGION_LENGTH__:0x20000
                [0x00000800]                __DATA_REGION_LENGTH__ = DEFINED (__DATA_REGION_LENGTH__)?__DATA_REGION_LENGTH__:0xffa0
                [0x00000400]                __EEPROM_REGION_LENGTH__ = DEFINED (__EEPROM_REGION_LENGTH__)?__EEPROM_REGION_LENGTH__:0x10000
                [0x00000002]                __FUSE_REGION_LENGTH__ = DEFINED (__FUSE_REGION_LENGTH__)?__FUSE_REGION_LENGTH__:0x400
                0x00000400                __LOCK_REGION_LENGTH__ = DEFINED (__LOCK_REGION_LENGTH__)?__LOCK_REGION_LENGTH__:0x400
                0x00000400                __SIGNATURE_REGION_LENGTH__ = DEFINED (__SIGNATURE_REGION_LENGTH__)?__SIGNATURE_REGION_LENGTH__:0x400
                0x00000400                __USER_SIGNATURE_REGION_LENGTH__ = DEFINED (__USER_SIGNATURE_REGION_LENGTH__)?__USER_SIGNATURE_REGION_LENGTH__:0x400

.hash
 *(.hash)

.dynsym
 *(.dynsym)

.dynstr
 *(.dynstr)

.gnu.version
 *(.gnu.version)

.gnu.version_d
 *(.gnu.version_d)

.gnu.version_r
 *(.gnu.version_r)

.rel.init
 *(.rel.init)

.rela.init
 *(.rela.init)

.rel.text
 *(.rel.text)
 *(.rel.text.*)
 *(.rel.gnu.linkonce.t*)

.rela.text
 *(.rela.text)
 *(.rela.text.*)
 *(.rela.gnu.linkonce.t*)

.rel.fini
 *(.rel.fini)

.rela.fini
 *(.rela.fini)

.rel.rodata
 *(.rel.rodata)
 *(.rel.rodata.*)
 *(.rel.gnu.linkonce.r*)

.rela.rodata
 *(.rela.rodata)
 *(.rela.rodata.*)
 *(.rela.gnu.linkonce.r*)

.rel.data
 *(.rel.data)
 *(.rel.data.*)
 *(.rel.gnu.linkonce.d*)

.rela.data
 *(.rela.data)
 *(.rela.data.*)
 *(.rela.gnu.linkonce.d*)

.rel.ctors
 *(.rel.ctors)

.rela.ctors
 *(.rela.ctors)

.rel.dtors
 *(.rel.dtors)

.rela.dtors
 *(.rela.dtors)

.rel.got
 *(.rel.got)

.rela.got
 *(.rela.got)

.rel.bss
 *(.rel.bss)

.rela.bss
 *(.rela.bss)

.rel.plt
 *(.rel.plt)

.rela.plt
 *(.rela.plt)

.text           0x00000000     0x128e
 *(.vectors)
 .vectors       0x00000000       0x54 C:/Program Files (x86)/Atmel/Studio/7.0/Packs/atmel/ATmega_DFP/1.7.374/gcc/dev/atmega32/avr5/crtatmega32.o
                0x00000000                __vector_default
                0x00000000                __vectors
 *(.vectors)
 *(.progmem.gcc*)
                0x00000054                . = ALIGN (0x2)
                0x00000054                __trampolines_start = .
 *(.trampolines)
 .trampolines   0x00000054        0x0 linker stubs
 *(.trampolines*)
                0x00000054                __trampolines_end = .
 *libprintf_flt.a:*(.progmem.data)
 *libc.a:*(.progmem.data)
 *(.progmem*)
                0x00000054                . = ALIGN (0x2)
 *(.jumptables)
 *(.jumptables*)
 *(.lowtext)
 *(.lowtext*)
                0x00000054                __ctors_start = .
 *(.ctors)
                0x00000054                __ctors_end = .
                0x00000054                __dtors_start = .
 *(.dtors)
                0x00000054                __dtors_end = .
 SORT(*)(.ctors)
 SORT(*)(.dtors)
 *(.init0)
 .init0         0x00000054        0x0 C:/Program Files (x86)/Atmel/Studio/7.0/Packs/atmel/ATmega_DFP/1.7.374/gcc/dev/atmega32/avr5/crtatmega32.o
                0x00000054                __init
 *(.init0)
 *(.init1)
 *(.init1)
 *(.init2)
 .init2         0x00000054        0xc C:/Program Files (x86)/Atmel/Studio/7.0/Packs/atmel/ATmega_DFP/1.7.374/gcc/dev/atmega32/avr5/crtatmega32.o
 *(.init2)
 *(.init3)
 *(.init3)
 *(.init4)
 .init4         0x00000060       0x16 c:/program files (x86)/atmel/studio/7.0/toolchain/avr8/avr8-gnu-toolchain/bin/../lib/gcc/avr/5.4.0/avr5\libgcc.a(_copy_data.o)
                0x00000060                __do_copy_data
 .init4         0x00000076       0x10 c:/program files (x86)/atmel/studio/7.0/toolchain/avr8/avr8-gnu-toolchain/bin/../lib/gcc/avr/5.4.0/avr5\libgcc.a(_clear_bss.o)
                0x00000076                __do_clear_bss
 *(.init4)
 *(.init5)
 *(.init5)
 *(.init6)
 *(.init6)
 *(.init7)
 *(.init7)
 *(.init8)
 *(.init8)
 *(.init9)
 .init9         0x00000086        0x8 C:/Program Files (x86)/Atmel/Studio/7.0/Packs/atmel/ATmega_DFP/1.7.374/gcc/dev/atmega32/avr5/crtatmega32.o
 *(.init9)
 *(.text)
 .text          0x0000008e        0x4 C:/Program Files (x86)/Atmel/Studio/7.0/Packs/atmel/ATmega_DFP/1.7.374/gcc/dev/atmega32/avr5/crtatmega32.o
                0x0000008e                __vector_12
                0x0000008e                __bad_interrupt
                0x0000008e                __vector_6
                0x0000008e                __vector_17
                0x0000008e                __vector_19
                0x0000008e                __vector_7
                0x0000008e                __vector_5
                0x0000008e                __vector_4
                0x0000008e                __vector_9
                0x0000008e                __vector_15
                0x0000008e                __vector_8
                0x0000008e                __vector_14
                0x0000008e                __vector_16
                0x0000008e                __vector_18
                0x0000008e                __vector_20
                0x00000092                . = ALIGN (0x2)
 *(.text.*)
 .text.button_init
                0x00000092       0x80 HAL/Button/Button.o
                0x00000092                button_init
 .text.button_read
                0x00000112        0x6 HAL/Button/Button.o
                0x00000112                button_read
 .text.Buzzer_init
                0x00000118        0xc HAL/BUZZER/Buzzer.o
                0x00000118                Buzzer_init
 .text.Buzzer_on
                0x00000124        0xc HAL/BUZZER/Buzzer.o
                0x00000124                Buzzer_on
 .text.Buzzer_off
                0x00000130        0xc HAL/BUZZER/Buzzer.o
                0x00000130                Buzzer_off
 .text.READ_gas_sensor
                0x0000013c        0xa HAL/GAS_SENSOR/GAS.o
                0x0000013c                READ_gas_sensor
 .text.Motor_Init
                0x00000146       0x2c HAL/H_Bridge/H-Bridge.o
                0x00000146                Motor_Init
 .text.Rotate_Forward
                0x00000172       0x3c HAL/H_Bridge/H-Bridge.o
                0x00000172                Rotate_Forward
 .text.Motor_Stop
                0x000001ae       0x20 HAL/H_Bridge/H-Bridge.o
                0x000001ae                Motor_Stop
 .text.LCD_write_char
                0x000001ce       0xe0 HAL/LCD/LCD.o
                0x000001ce                LCD_write_char
 .text.LCD_write_command
                0x000002ae       0xe0 HAL/LCD/LCD.o
                0x000002ae                LCD_write_command
 .text.LCD_init
                0x0000038e       0x5c HAL/LCD/LCD.o
                0x0000038e                LCD_init
 .text.LCD_write_number
                0x000003ea       0xba HAL/LCD/LCD.o
                0x000003ea                LCD_write_number
 .text.LCD_write_string
                0x000004a4       0x26 HAL/LCD/LCD.o
                0x000004a4                LCD_write_string
 .text.led_init
                0x000004ca        0x8 HAL/LED/LED.o
                0x000004ca                led_init
 .text.led_toggle
                0x000004d2       0x6e HAL/LED/LED.o
                0x000004d2                led_toggle
 .text.Light_control
                0x00000540       0x44 main.o
                0x00000540                Light_control
 .text.autotrigger
                0x00000584       0x60 main.o
                0x00000584                autotrigger
 .text.SEND_DATA
                0x000005e4       0x1a main.o
                0x000005e4                SEND_DATA
 .text.DISPLAY  0x000005fe       0x56 main.o
                0x000005fe                DISPLAY
 .text.main     0x00000654       0xe6 main.o
                0x00000654                main
 .text.ADC_init
                0x0000073a       0x32 MCAL/ADC/ADC.o
                0x0000073a                ADC_init
 .text.ADC_read
                0x0000076c       0x28 MCAL/ADC/ADC.o
                0x0000076c                ADC_read
 .text.DIO_voidSetPinDirection
                0x00000794       0xe8 MCAL/DIO/DIO.o
                0x00000794                DIO_voidSetPinDirection
 .text.DIO_voidSetPinValue
                0x0000087c       0xe8 MCAL/DIO/DIO.o
                0x0000087c                DIO_voidSetPinValue
 .text.DIO_voidGetBitValue
                0x00000964       0x62 MCAL/DIO/DIO.o
                0x00000964                DIO_voidGetBitValue
 .text.EXT_init
                0x000009c6       0xee MCAL/EXT/EXT.o
                0x000009c6                EXT_init
 .text.EXT_callback
                0x00000ab4       0x2a MCAL/EXT/EXT.o
                0x00000ab4                EXT_callback
 .text.__vector_1
                0x00000ade       0x4e MCAL/EXT/EXT.o
                0x00000ade                __vector_1
 .text.__vector_2
                0x00000b2c       0x4e MCAL/EXT/EXT.o
                0x00000b2c                __vector_2
 .text.__vector_3
                0x00000b7a       0x4e MCAL/EXT/EXT.o
                0x00000b7a                __vector_3
 .text.GIE_Enable
                0x00000bc8        0x8 MCAL/GIE/GIE.o
                0x00000bc8                GIE_Enable
 .text.GIE_Disable
                0x00000bd0        0x8 MCAL/GIE/GIE.o
                0x00000bd0                GIE_Disable
 .text.SPI_master_init
                0x00000bd8       0x1e MCAL/SPI/SPI.o
                0x00000bd8                SPI_master_init
 .text.SPI_send
                0x00000bf6       0x16 MCAL/SPI/SPI.o
                0x00000bf6                SPI_send
 .text.timer0_init
                0x00000c0c      0x114 MCAL/Timer0/Timer0.o
                0x00000c0c                timer0_init
 .text.PWM0_OC0_duty
                0x00000d20       0x66 MCAL/Timer0/Timer0.o
                0x00000d20                PWM0_OC0_duty
 .text.__vector_11
                0x00000d86       0x4e MCAL/Timer0/Timer0.o
                0x00000d86                __vector_11
 .text.__vector_10
                0x00000dd4       0x4e MCAL/Timer0/Timer0.o
                0x00000dd4                __vector_10
 .text.Uart_init
                0x00000e22       0x2e MCAL/UART/UART.o
                0x00000e22                Uart_init
 .text.UART_RX_Interrupt_Enable
                0x00000e50        0x8 MCAL/UART/UART.o
                0x00000e50                UART_RX_Interrupt_Enable
 .text.Uart_Receive
                0x00000e58        0xc MCAL/UART/UART.o
                0x00000e58                Uart_Receive
 .text.UART_RX_callback
                0x00000e64        0xa MCAL/UART/UART.o
                0x00000e64                UART_RX_callback
 .text.__vector_13
                0x00000e6e       0x4e MCAL/UART/UART.o
                0x00000e6e                __vector_13
 .text.avr-libc.fplib
                0x00000ebc        0xe c:/program files (x86)/atmel/studio/7.0/toolchain/avr8/avr8-gnu-toolchain/bin/../lib/gcc/avr/5.4.0/../../../../avr/lib/avr5\libm.a(addsf3.o)
                0x00000ebc                __subsf3
                0x00000ebe                __addsf3
 .text.avr-libc.fplib
                0x00000eca       0xcc c:/program files (x86)/atmel/studio/7.0/toolchain/avr8/avr8-gnu-toolchain/bin/../lib/gcc/avr/5.4.0/../../../../avr/lib/avr5\libm.a(addsf3x.o)
                0x00000eec                __addsf3x
 .text.avr-libc.fplib
                0x00000f96       0x5e c:/program files (x86)/atmel/studio/7.0/toolchain/avr8/avr8-gnu-toolchain/bin/../lib/gcc/avr/5.4.0/../../../../avr/lib/avr5\libm.a(fixunssfsi.o)
                0x00000f96                __fixunssfsi
 .text.avr-libc.fplib
                0x00000ff4       0x7a c:/program files (x86)/atmel/studio/7.0/toolchain/avr8/avr8-gnu-toolchain/bin/../lib/gcc/avr/5.4.0/../../../../avr/lib/avr5\libm.a(floatsisf.o)
                0x00000ff4                __floatunsisf
                0x00000ff8                __floatsisf
 .text.avr-libc.fplib
                0x0000106e        0xc c:/program files (x86)/atmel/studio/7.0/toolchain/avr8/avr8-gnu-toolchain/bin/../lib/gcc/avr/5.4.0/../../../../avr/lib/avr5\libm.a(fp_inf.o)
                0x0000106e                __fp_inf
 .text.avr-libc.fplib
                0x0000107a        0x6 c:/program files (x86)/atmel/studio/7.0/toolchain/avr8/avr8-gnu-toolchain/bin/../lib/gcc/avr/5.4.0/../../../../avr/lib/avr5\libm.a(fp_nan.o)
                0x0000107a                __fp_nan
 .text.avr-libc.fplib
                0x00001080        0xe c:/program files (x86)/atmel/studio/7.0/toolchain/avr8/avr8-gnu-toolchain/bin/../lib/gcc/avr/5.4.0/../../../../avr/lib/avr5\libm.a(fp_pscA.o)
                0x00001080                __fp_pscA
 .text.avr-libc.fplib
                0x0000108e        0xe c:/program files (x86)/atmel/studio/7.0/toolchain/avr8/avr8-gnu-toolchain/bin/../lib/gcc/avr/5.4.0/../../../../avr/lib/avr5\libm.a(fp_pscB.o)
                0x0000108e                __fp_pscB
 .text.avr-libc.fplib
                0x0000109c       0x22 c:/program files (x86)/atmel/studio/7.0/toolchain/avr8/avr8-gnu-toolchain/bin/../lib/gcc/avr/5.4.0/../../../../avr/lib/avr5\libm.a(fp_round.o)
                0x0000109c                __fp_round
 .text.avr-libc.fplib
                0x000010be       0x44 c:/program files (x86)/atmel/studio/7.0/toolchain/avr8/avr8-gnu-toolchain/bin/../lib/gcc/avr/5.4.0/../../../../avr/lib/avr5\libm.a(fp_split3.o)
                0x000010be                __fp_split3
                0x000010ce                __fp_splitA
 .text.avr-libc.fplib
                0x00001102        0xe c:/program files (x86)/atmel/studio/7.0/toolchain/avr8/avr8-gnu-toolchain/bin/../lib/gcc/avr/5.4.0/../../../../avr/lib/avr5\libm.a(fp_zero.o)
                0x00001102                __fp_zero
                0x00001104                __fp_szero
 .text.avr-libc.fplib
                0x00001110        0x8 c:/program files (x86)/atmel/studio/7.0/toolchain/avr8/avr8-gnu-toolchain/bin/../lib/gcc/avr/5.4.0/../../../../avr/lib/avr5\libm.a(mulsf3.o)
                0x00001110                __mulsf3
 .text.avr-libc.fplib
                0x00001118       0xd2 c:/program files (x86)/atmel/studio/7.0/toolchain/avr8/avr8-gnu-toolchain/bin/../lib/gcc/avr/5.4.0/../../../../avr/lib/avr5\libm.a(mulsf3x.o)
                0x00001136                __mulsf3x
                0x0000113c                __mulsf3_pse
 .text.libgcc.div
                0x000011ea       0x44 c:/program files (x86)/atmel/studio/7.0/toolchain/avr8/avr8-gnu-toolchain/bin/../lib/gcc/avr/5.4.0/avr5\libgcc.a(_udivmodsi4.o)
                0x000011ea                __udivmodsi4
 .text.libgcc.div
                0x0000122e       0x2e c:/program files (x86)/atmel/studio/7.0/toolchain/avr8/avr8-gnu-toolchain/bin/../lib/gcc/avr/5.4.0/avr5\libgcc.a(_divmodsi4.o)
                0x0000122e                __divmodsi4
 .text.libgcc.div
                0x0000125c       0x10 c:/program files (x86)/atmel/studio/7.0/toolchain/avr8/avr8-gnu-toolchain/bin/../lib/gcc/avr/5.4.0/avr5\libgcc.a(_negsi2.o)
                0x0000125c                __negsi2
 .text.libgcc.mul
                0x0000126c       0x1e c:/program files (x86)/atmel/studio/7.0/toolchain/avr8/avr8-gnu-toolchain/bin/../lib/gcc/avr/5.4.0/avr5\libgcc.a(_umulhisi3.o)
                0x0000126c                __umulhisi3
                0x0000128a                . = ALIGN (0x2)
 *(.fini9)
 .fini9         0x0000128a        0x0 c:/program files (x86)/atmel/studio/7.0/toolchain/avr8/avr8-gnu-toolchain/bin/../lib/gcc/avr/5.4.0/avr5\libgcc.a(_exit.o)
                0x0000128a                _exit
                0x0000128a                exit
 *(.fini9)
 *(.fini8)
 *(.fini8)
 *(.fini7)
 *(.fini7)
 *(.fini6)
 *(.fini6)
 *(.fini5)
 *(.fini5)
 *(.fini4)
 *(.fini4)
 *(.fini3)
 *(.fini3)
 *(.fini2)
 *(.fini2)
 *(.fini1)
 *(.fini1)
 *(.fini0)
 .fini0         0x0000128a        0x4 c:/program files (x86)/atmel/studio/7.0/toolchain/avr8/avr8-gnu-toolchain/bin/../lib/gcc/avr/5.4.0/avr5\libgcc.a(_exit.o)
 *(.fini0)
                0x0000128e                _etext = .

.data           0x00800060       0x16 load address 0x0000128e
                0x00800060                PROVIDE (__data_start, .)
 *(.data)
 *(.data*)
 *(.gnu.linkonce.d*)
 *(.rodata)
 *(.rodata*)
 .rodata.str1.1
                0x00800060       0x15 main.o
 *(.gnu.linkonce.r*)
                0x00800076                . = ALIGN (0x2)
 *fill*         0x00800075        0x1 
                0x00800076                _edata = .
                0x00800076                PROVIDE (__data_end, .)

.bss            0x00800076        0xd
                0x00800076                PROVIDE (__bss_start, .)
 *(.bss)
 *(.bss*)
 .bss.ptr_EXT3  0x00800076        0x2 MCAL/EXT/EXT.o
                0x00800076                ptr_EXT3
 .bss.ptr_EXT2  0x00800078        0x2 MCAL/EXT/EXT.o
                0x00800078                ptr_EXT2
 .bss.ptr_EXT1  0x0080007a        0x2 MCAL/EXT/EXT.o
                0x0080007a                ptr_EXT1
 .bss.ptr_t0    0x0080007c        0x2 MCAL/Timer0/Timer0.o
                0x0080007c                ptr_t0
 .bss.ptr_RX    0x0080007e        0x2 MCAL/UART/UART.o
                0x0080007e                ptr_RX
 *(COMMON)
 COMMON         0x00800080        0x3 main.o
                0x00800080                flame_data
                0x00800081                temp_data
                0x00800082                gas_data
                0x00800083                PROVIDE (__bss_end, .)
                0x0000128e                __data_load_start = LOADADDR (.data)
                0x000012a4                __data_load_end = (__data_load_start + SIZEOF (.data))

.noinit         0x00800083        0x0
                [!provide]                PROVIDE (__noinit_start, .)
 *(.noinit*)
                [!provide]                PROVIDE (__noinit_end, .)
                0x00800083                _end = .
                [!provide]                PROVIDE (__heap_start, .)

.eeprom         0x00810000        0x0
 *(.eeprom*)
                0x00810000                __eeprom_end = .

.fuse
 *(.fuse)
 *(.lfuse)
 *(.hfuse)
 *(.efuse)

.lock
 *(.lock*)

.signature
 *(.signature*)

.user_signatures
 *(.user_signatures*)

.stab
 *(.stab)

.stabstr
 *(.stabstr)

.stab.excl
 *(.stab.excl)

.stab.exclstr
 *(.stab.exclstr)

.stab.index
 *(.stab.index)

.stab.indexstr
 *(.stab.indexstr)

.comment        0x00000000       0x30
 *(.comment)
 .comment       0x00000000       0x30 HAL/Button/Button.o
                                 0x31 (size before relaxing)
 .comment       0x00000030       0x31 HAL/BUZZER/Buzzer.o
 .comment       0x00000030       0x31 HAL/GAS_SENSOR/GAS.o
 .comment       0x00000030       0x31 HAL/H_Bridge/H-Bridge.o
 .comment       0x00000030       0x31 HAL/LCD/LCD.o
 .comment       0x00000030       0x31 HAL/LED/LED.o
 .comment       0x00000030       0x31 main.o
 .comment       0x00000030       0x31 MCAL/ADC/ADC.o
 .comment       0x00000030       0x31 MCAL/DIO/DIO.o
 .comment       0x00000030       0x31 MCAL/EXT/EXT.o
 .comment       0x00000030       0x31 MCAL/GIE/GIE.o
 .comment       0x00000030       0x31 MCAL/SPI/SPI.o
 .comment       0x00000030       0x31 MCAL/Timer0/Timer0.o
 .comment       0x00000030       0x31 MCAL/UART/UART.o

.note.gnu.avr.deviceinfo
                0x00000000       0x3c
 .note.gnu.avr.deviceinfo
                0x00000000       0x3c C:/Program Files (x86)/Atmel/Studio/7.0/Packs/atmel/ATmega_DFP/1.7.374/gcc/dev/atmega32/avr5/crtatmega32.o

.note.gnu.build-id
 *(.note.gnu.build-id)

.debug
 *(.debug)

.line
 *(.line)

.debug_srcinfo
 *(.debug_srcinfo)

.debug_sfnames
 *(.debug_sfnames)

.debug_aranges  0x00000000      0x360
 *(.debug_aranges)
 .debug_aranges
                0x00000000       0x28 HAL/Button/Button.o
 .debug_aranges
                0x00000028       0x38 HAL/BUZZER/Buzzer.o
 .debug_aranges
                0x00000060       0x28 HAL/GAS_SENSOR/GAS.o
 .debug_aranges
                0x00000088       0x38 HAL/H_Bridge/H-Bridge.o
 .debug_aranges
                0x000000c0       0x50 HAL/LCD/LCD.o
 .debug_aranges
                0x00000110       0x38 HAL/LED/LED.o
 .debug_aranges
                0x00000148       0x40 main.o
 .debug_aranges
                0x00000188       0x38 MCAL/ADC/ADC.o
 .debug_aranges
                0x000001c0       0x40 MCAL/DIO/DIO.o
 .debug_aranges
                0x00000200       0x40 MCAL/EXT/EXT.o
 .debug_aranges
                0x00000240       0x28 MCAL/GIE/GIE.o
 .debug_aranges
                0x00000268       0x40 MCAL/SPI/SPI.o
 .debug_aranges
                0x000002a8       0x70 MCAL/Timer0/Timer0.o
 .debug_aranges
                0x00000318       0x48 MCAL/UART/UART.o

.debug_pubnames
 *(.debug_pubnames)

.debug_info     0x00000000     0x2ae2
 *(.debug_info .gnu.linkonce.wi.*)
 .debug_info    0x00000000      0x4e6 C:/Program Files (x86)/Atmel/Studio/7.0/Packs/atmel/ATmega_DFP/1.7.374/gcc/dev/atmega32/avr5/crtatmega32.o
 .debug_info    0x000004e6      0x18a HAL/Button/Button.o
 .debug_info    0x00000670      0x1ab HAL/BUZZER/Buzzer.o
 .debug_info    0x0000081b      0x14a HAL/GAS_SENSOR/GAS.o
 .debug_info    0x00000965      0x391 HAL/H_Bridge/H-Bridge.o
 .debug_info    0x00000cf6      0x590 HAL/LCD/LCD.o
 .debug_info    0x00001286      0x233 HAL/LED/LED.o
 .debug_info    0x000014b9      0x71f main.o
 .debug_info    0x00001bd8      0x12c MCAL/ADC/ADC.o
 .debug_info    0x00001d04      0x21c MCAL/DIO/DIO.o
 .debug_info    0x00001f20      0x25e MCAL/EXT/EXT.o
 .debug_info    0x0000217e       0xb5 MCAL/GIE/GIE.o
 .debug_info    0x00002233      0x15d MCAL/SPI/SPI.o
 .debug_info    0x00002390      0x5ae MCAL/Timer0/Timer0.o
 .debug_info    0x0000293e      0x1a4 MCAL/UART/UART.o

.debug_abbrev   0x00000000     0x117a
 *(.debug_abbrev)
 .debug_abbrev  0x00000000      0x4a3 C:/Program Files (x86)/Atmel/Studio/7.0/Packs/atmel/ATmega_DFP/1.7.374/gcc/dev/atmega32/avr5/crtatmega32.o
 .debug_abbrev  0x000004a3       0xbf HAL/Button/Button.o
 .debug_abbrev  0x00000562       0xb1 HAL/BUZZER/Buzzer.o
 .debug_abbrev  0x00000613       0xb0 HAL/GAS_SENSOR/GAS.o
 .debug_abbrev  0x000006c3       0xd3 HAL/H_Bridge/H-Bridge.o
 .debug_abbrev  0x00000796      0x1ab HAL/LCD/LCD.o
 .debug_abbrev  0x00000941       0xbb HAL/LED/LED.o
 .debug_abbrev  0x000009fc      0x17f main.o
 .debug_abbrev  0x00000b7b       0x9f MCAL/ADC/ADC.o
 .debug_abbrev  0x00000c1a       0xbb MCAL/DIO/DIO.o
 .debug_abbrev  0x00000cd5      0x11f MCAL/EXT/EXT.o
 .debug_abbrev  0x00000df4       0x51 MCAL/GIE/GIE.o
 .debug_abbrev  0x00000e45       0xa7 MCAL/SPI/SPI.o
 .debug_abbrev  0x00000eec      0x1b0 MCAL/Timer0/Timer0.o
 .debug_abbrev  0x0000109c       0xde MCAL/UART/UART.o

.debug_line     0x00000000     0x180f
 *(.debug_line .debug_line.* .debug_line_end)
 .debug_line    0x00000000      0x116 C:/Program Files (x86)/Atmel/Studio/7.0/Packs/atmel/ATmega_DFP/1.7.374/gcc/dev/atmega32/avr5/crtatmega32.o
 .debug_line    0x00000116       0xb1 HAL/Button/Button.o
 .debug_line    0x000001c7       0xb3 HAL/BUZZER/Buzzer.o
 .debug_line    0x0000027a       0x8e HAL/GAS_SENSOR/GAS.o
 .debug_line    0x00000308      0x11e HAL/H_Bridge/H-Bridge.o
 .debug_line    0x00000426      0x514 HAL/LCD/LCD.o
 .debug_line    0x0000093a       0xc5 HAL/LED/LED.o
 .debug_line    0x000009ff      0x421 main.o
 .debug_line    0x00000e20      0x12c MCAL/ADC/ADC.o
 .debug_line    0x00000f4c      0x1ce MCAL/DIO/DIO.o
 .debug_line    0x0000111a      0x170 MCAL/EXT/EXT.o
 .debug_line    0x0000128a       0x6d MCAL/GIE/GIE.o
 .debug_line    0x000012f7       0xf8 MCAL/SPI/SPI.o
 .debug_line    0x000013ef      0x310 MCAL/Timer0/Timer0.o
 .debug_line    0x000016ff      0x110 MCAL/UART/UART.o

.debug_frame    0x00000000      0x810
 *(.debug_frame)
 .debug_frame   0x00000000       0x40 HAL/Button/Button.o
 .debug_frame   0x00000040       0x54 HAL/BUZZER/Buzzer.o
 .debug_frame   0x00000094       0x34 HAL/GAS_SENSOR/GAS.o
 .debug_frame   0x000000c8       0x7c HAL/H_Bridge/H-Bridge.o
 .debug_frame   0x00000144       0xd8 HAL/LCD/LCD.o
 .debug_frame   0x0000021c       0x54 HAL/LED/LED.o
 .debug_frame   0x00000270       0x84 main.o
 .debug_frame   0x000002f4       0x54 MCAL/ADC/ADC.o
 .debug_frame   0x00000348       0x64 MCAL/DIO/DIO.o
 .debug_frame   0x000003ac      0x144 MCAL/EXT/EXT.o
 .debug_frame   0x000004f0       0x34 MCAL/GIE/GIE.o
 .debug_frame   0x00000524       0x64 MCAL/SPI/SPI.o
 .debug_frame   0x00000588      0x1cc MCAL/Timer0/Timer0.o
 .debug_frame   0x00000754       0xbc MCAL/UART/UART.o

.debug_str      0x00000000      0xa31
 *(.debug_str)
 .debug_str     0x00000000      0x196 C:/Program Files (x86)/Atmel/Studio/7.0/Packs/atmel/ATmega_DFP/1.7.374/gcc/dev/atmega32/avr5/crtatmega32.o
 .debug_str     0x00000196      0x213 HAL/Button/Button.o
                                0x24d (size before relaxing)
 .debug_str     0x000003a9       0x5f HAL/BUZZER/Buzzer.o
                                0x24e (size before relaxing)
 .debug_str     0x00000408       0x38 HAL/GAS_SENSOR/GAS.o
                                0x23b (size before relaxing)
 .debug_str     0x00000440       0xcb HAL/H_Bridge/H-Bridge.o
                                0x2d6 (size before relaxing)
 .debug_str     0x0000050b       0xdd HAL/LCD/LCD.o
                                0x2b1 (size before relaxing)
 .debug_str     0x000005e8       0x34 HAL/LED/LED.o
                                0x257 (size before relaxing)
 .debug_str     0x0000061c      0x134 main.o
                                0x40b (size before relaxing)
 .debug_str     0x00000750       0x44 MCAL/ADC/ADC.o
                                0x208 (size before relaxing)
 .debug_str     0x00000794       0x7c MCAL/DIO/DIO.o
                                0x2b9 (size before relaxing)
 .debug_str     0x00000810       0x5f MCAL/EXT/EXT.o
                                0x293 (size before relaxing)
 .debug_str     0x0000086f       0x12 MCAL/GIE/GIE.o
                                0x1db (size before relaxing)
 .debug_str     0x00000881       0x41 MCAL/SPI/SPI.o
                                0x20a (size before relaxing)
 .debug_str     0x000008c2      0x11e MCAL/Timer0/Timer0.o
                                0x397 (size before relaxing)
 .debug_str     0x000009e0       0x51 MCAL/UART/UART.o
                                0x24a (size before relaxing)

.debug_loc      0x00000000     0x17cd
 *(.debug_loc)
 .debug_loc     0x00000000       0xc9 HAL/Button/Button.o
 .debug_loc     0x000000c9      0x11a HAL/H_Bridge/H-Bridge.o
 .debug_loc     0x000001e3      0x61c HAL/LCD/LCD.o
 .debug_loc     0x000007ff      0x132 HAL/LED/LED.o
 .debug_loc     0x00000931       0x90 main.o
 .debug_loc     0x000009c1       0x42 MCAL/ADC/ADC.o
 .debug_loc     0x00000a03      0x378 MCAL/DIO/DIO.o
 .debug_loc     0x00000d7b      0x32e MCAL/EXT/EXT.o
 .debug_loc     0x000010a9       0x4c MCAL/SPI/SPI.o
 .debug_loc     0x000010f5      0x5e0 MCAL/Timer0/Timer0.o
 .debug_loc     0x000016d5       0xf8 MCAL/UART/UART.o

.debug_macinfo
 *(.debug_macinfo)

.debug_weaknames
 *(.debug_weaknames)

.debug_funcnames
 *(.debug_funcnames)

.debug_typenames
 *(.debug_typenames)

.debug_varnames
 *(.debug_varnames)

.debug_pubtypes
 *(.debug_pubtypes)

.debug_ranges   0x00000000      0x280
 *(.debug_ranges)
 .debug_ranges  0x00000000       0x18 HAL/Button/Button.o
 .debug_ranges  0x00000018       0x28 HAL/BUZZER/Buzzer.o
 .debug_ranges  0x00000040       0x18 HAL/GAS_SENSOR/GAS.o
 .debug_ranges  0x00000058       0x28 HAL/H_Bridge/H-Bridge.o
 .debug_ranges  0x00000080       0x40 HAL/LCD/LCD.o
 .debug_ranges  0x000000c0       0x28 HAL/LED/LED.o
 .debug_ranges  0x000000e8       0x30 main.o
 .debug_ranges  0x00000118       0x28 MCAL/ADC/ADC.o
 .debug_ranges  0x00000140       0x30 MCAL/DIO/DIO.o
 .debug_ranges  0x00000170       0x30 MCAL/EXT/EXT.o
 .debug_ranges  0x000001a0       0x18 MCAL/GIE/GIE.o
 .debug_ranges  0x000001b8       0x30 MCAL/SPI/SPI.o
 .debug_ranges  0x000001e8       0x60 MCAL/Timer0/Timer0.o
 .debug_ranges  0x00000248       0x38 MCAL/UART/UART.o

.debug_macro
 *(.debug_macro)
OUTPUT(Application.elf elf32-avr)
LOAD linker stubs
