Archive member included to satisfy reference by file (symbol)

c:/program files (x86)/atmel/studio/7.0/toolchain/avr8/avr8-gnu-toolchain/bin/../lib/gcc/avr/5.4.0/avr5\libgcc.a(_mulsi3.o)
                              MCAL/DELAY/DELAY.o (__mulsi3)
c:/program files (x86)/atmel/studio/7.0/toolchain/avr8/avr8-gnu-toolchain/bin/../lib/gcc/avr/5.4.0/avr5\libgcc.a(_udivmodsi4.o)
                              HAL/SevenSeg/SevenSeg.o (__udivmodsi4)
c:/program files (x86)/atmel/studio/7.0/toolchain/avr8/avr8-gnu-toolchain/bin/../lib/gcc/avr/5.4.0/avr5\libgcc.a(_divmodsi4.o)
                              HAL/LCD/LCD.o (__divmodsi4)
c:/program files (x86)/atmel/studio/7.0/toolchain/avr8/avr8-gnu-toolchain/bin/../lib/gcc/avr/5.4.0/avr5\libgcc.a(_negsi2.o)
                              c:/program files (x86)/atmel/studio/7.0/toolchain/avr8/avr8-gnu-toolchain/bin/../lib/gcc/avr/5.4.0/avr5\libgcc.a(_divmodsi4.o) (__negsi2)
c:/program files (x86)/atmel/studio/7.0/toolchain/avr8/avr8-gnu-toolchain/bin/../lib/gcc/avr/5.4.0/avr5\libgcc.a(_exit.o)
                              C:/Program Files (x86)/Atmel/Studio/7.0/Packs/atmel/ATmega_DFP/1.7.374/gcc/dev/atmega32/avr5/crtatmega32.o (exit)
c:/program files (x86)/atmel/studio/7.0/toolchain/avr8/avr8-gnu-toolchain/bin/../lib/gcc/avr/5.4.0/avr5\libgcc.a(_tablejump2.o)
                              HAL/SevenSeg/SevenSeg.o (__tablejump2__)
c:/program files (x86)/atmel/studio/7.0/toolchain/avr8/avr8-gnu-toolchain/bin/../lib/gcc/avr/5.4.0/avr5\libgcc.a(_copy_data.o)
                              HAL/KEYPAD/KEYPAD.o (__do_copy_data)
c:/program files (x86)/atmel/studio/7.0/toolchain/avr8/avr8-gnu-toolchain/bin/../lib/gcc/avr/5.4.0/avr5\libgcc.a(_clear_bss.o)
                              main.o (__do_clear_bss)
c:/program files (x86)/atmel/studio/7.0/toolchain/avr8/avr8-gnu-toolchain/bin/../lib/gcc/avr/5.4.0/avr5\libgcc.a(_muluhisi3.o)
                              MCAL/DELAY/DELAY.o (__muluhisi3)
c:/program files (x86)/atmel/studio/7.0/toolchain/avr8/avr8-gnu-toolchain/bin/../lib/gcc/avr/5.4.0/avr5\libgcc.a(_umulhisi3.o)
                              c:/program files (x86)/atmel/studio/7.0/toolchain/avr8/avr8-gnu-toolchain/bin/../lib/gcc/avr/5.4.0/avr5\libgcc.a(_muluhisi3.o) (__umulhisi3)
c:/program files (x86)/atmel/studio/7.0/toolchain/avr8/avr8-gnu-toolchain/bin/../lib/gcc/avr/5.4.0/../../../../avr/lib/avr5\libc.a(memcpy.o)
                              RTOS/queue.o (memcpy)

Discarded input sections

 .data          0x00000000        0x0 C:/Program Files (x86)/Atmel/Studio/7.0/Packs/atmel/ATmega_DFP/1.7.374/gcc/dev/atmega32/avr5/crtatmega32.o
 .bss           0x00000000        0x0 C:/Program Files (x86)/Atmel/Studio/7.0/Packs/atmel/ATmega_DFP/1.7.374/gcc/dev/atmega32/avr5/crtatmega32.o
 .text          0x00000000        0x0 HAL/Button/Button.o
 .data          0x00000000        0x0 HAL/Button/Button.o
 .bss           0x00000000        0x0 HAL/Button/Button.o
 .text.button_init
                0x00000000       0x80 HAL/Button/Button.o
 .text.button_read
                0x00000000        0x6 HAL/Button/Button.o
 .debug_info    0x00000000      0x17c HAL/Button/Button.o
 .debug_abbrev  0x00000000       0xb4 HAL/Button/Button.o
 .debug_loc     0x00000000       0xc9 HAL/Button/Button.o
 .debug_aranges
                0x00000000       0x28 HAL/Button/Button.o
 .debug_ranges  0x00000000       0x18 HAL/Button/Button.o
 .debug_line    0x00000000       0xb1 HAL/Button/Button.o
 .debug_str     0x00000000      0x23d HAL/Button/Button.o
 .comment       0x00000000       0x31 HAL/Button/Button.o
 .debug_frame   0x00000000       0x40 HAL/Button/Button.o
 .text          0x00000000        0x0 HAL/Buzzer/Buzzer.o
 .data          0x00000000        0x0 HAL/Buzzer/Buzzer.o
 .bss           0x00000000        0x0 HAL/Buzzer/Buzzer.o
 .text.Buzzer_init
                0x00000000        0xc HAL/Buzzer/Buzzer.o
 .text.Buzzer_on
                0x00000000        0xc HAL/Buzzer/Buzzer.o
 .text.Buzzer_off
                0x00000000        0xc HAL/Buzzer/Buzzer.o
 .text.Buzzer_toggle
                0x00000000        0xa HAL/Buzzer/Buzzer.o
 .debug_info    0x00000000      0x19d HAL/Buzzer/Buzzer.o
 .debug_abbrev  0x00000000       0xa6 HAL/Buzzer/Buzzer.o
 .debug_aranges
                0x00000000       0x38 HAL/Buzzer/Buzzer.o
 .debug_ranges  0x00000000       0x28 HAL/Buzzer/Buzzer.o
 .debug_line    0x00000000       0xb3 HAL/Buzzer/Buzzer.o
 .debug_str     0x00000000      0x23e HAL/Buzzer/Buzzer.o
 .comment       0x00000000       0x31 HAL/Buzzer/Buzzer.o
 .debug_frame   0x00000000       0x54 HAL/Buzzer/Buzzer.o
 .text          0x00000000        0x0 HAL/KEYPAD/KEYPAD.o
 .data          0x00000000        0x0 HAL/KEYPAD/KEYPAD.o
 .bss           0x00000000        0x0 HAL/KEYPAD/KEYPAD.o
 .text.KEYPAD_init
                0x00000000       0x1e HAL/KEYPAD/KEYPAD.o
 .text.KEYPAD_read
                0x00000000       0xf4 HAL/KEYPAD/KEYPAD.o
 .text.get_input_from_user
                0x00000000       0x28 HAL/KEYPAD/KEYPAD.o
 .rodata.keypad_matrix
                0x00000000        0xc HAL/KEYPAD/KEYPAD.o
 .debug_info    0x00000000      0x283 HAL/KEYPAD/KEYPAD.o
 .debug_abbrev  0x00000000      0x135 HAL/KEYPAD/KEYPAD.o
 .debug_loc     0x00000000       0x4b HAL/KEYPAD/KEYPAD.o
 .debug_aranges
                0x00000000       0x30 HAL/KEYPAD/KEYPAD.o
 .debug_ranges  0x00000000       0x20 HAL/KEYPAD/KEYPAD.o
 .debug_line    0x00000000      0x1c9 HAL/KEYPAD/KEYPAD.o
 .debug_str     0x00000000      0x23d HAL/KEYPAD/KEYPAD.o
 .comment       0x00000000       0x31 HAL/KEYPAD/KEYPAD.o
 .debug_frame   0x00000000       0x4c HAL/KEYPAD/KEYPAD.o
 .text          0x00000000        0x0 HAL/LCD/LCD.o
 .data          0x00000000        0x0 HAL/LCD/LCD.o
 .bss           0x00000000        0x0 HAL/LCD/LCD.o
 .text.LCD_write_number
                0x00000000       0xba HAL/LCD/LCD.o
 .text.clear_screen
                0x00000000        0x8 HAL/LCD/LCD.o
 .text.LCD_create_char
                0x00000000       0x2e HAL/LCD/LCD.o
 .text          0x00000000        0x0 HAL/LED/LED.o
 .data          0x00000000        0x0 HAL/LED/LED.o
 .bss           0x00000000        0x0 HAL/LED/LED.o
 .text.led_on   0x00000000        0x8 HAL/LED/LED.o
 .text.led_off  0x00000000        0x8 HAL/LED/LED.o
 .text          0x00000000        0x0 HAL/SevenSeg/SevenSeg.o
 .data          0x00000000        0x0 HAL/SevenSeg/SevenSeg.o
 .bss           0x00000000        0x0 HAL/SevenSeg/SevenSeg.o
 .text.sevenseg_write_four
                0x00000000       0xb4 HAL/SevenSeg/SevenSeg.o
 .text          0x00000000        0x0 main.o
 .data          0x00000000        0x0 main.o
 .bss           0x00000000        0x0 main.o
 .text          0x00000000        0x0 MCAL/ADC/ADC.o
 .data          0x00000000        0x0 MCAL/ADC/ADC.o
 .bss           0x00000000        0x0 MCAL/ADC/ADC.o
 .text.ADC_init
                0x00000000       0x20 MCAL/ADC/ADC.o
 .text.ADC_read
                0x00000000       0x22 MCAL/ADC/ADC.o
 .debug_info    0x00000000       0xde MCAL/ADC/ADC.o
 .debug_abbrev  0x00000000       0x87 MCAL/ADC/ADC.o
 .debug_loc     0x00000000       0x21 MCAL/ADC/ADC.o
 .debug_aranges
                0x00000000       0x28 MCAL/ADC/ADC.o
 .debug_ranges  0x00000000       0x18 MCAL/ADC/ADC.o
 .debug_line    0x00000000       0xa1 MCAL/ADC/ADC.o
 .debug_str     0x00000000      0x1db MCAL/ADC/ADC.o
 .comment       0x00000000       0x31 MCAL/ADC/ADC.o
 .debug_frame   0x00000000       0x34 MCAL/ADC/ADC.o
 .text          0x00000000        0x0 MCAL/DELAY/DELAY.o
 .data          0x00000000        0x0 MCAL/DELAY/DELAY.o
 .bss           0x00000000        0x0 MCAL/DELAY/DELAY.o
 .text.delay_s  0x00000000       0x2e MCAL/DELAY/DELAY.o
 .text.delay_us
                0x00000000       0x32 MCAL/DELAY/DELAY.o
 .text          0x00000000        0x0 MCAL/DIO/DIO.o
 .data          0x00000000        0x0 MCAL/DIO/DIO.o
 .bss           0x00000000        0x0 MCAL/DIO/DIO.o
 .text.DIO_voidSetPortDirection
                0x00000000       0x58 MCAL/DIO/DIO.o
 .text.DIO_voidSetPortValue
                0x00000000       0x58 MCAL/DIO/DIO.o
 .text.DIO_voidSetPinValue
                0x00000000       0xe8 MCAL/DIO/DIO.o
 .text.DIO_voidGetBitValue
                0x00000000       0x62 MCAL/DIO/DIO.o
 .text          0x00000000        0x0 MCAL/EXT/EXT.o
 .data          0x00000000        0x0 MCAL/EXT/EXT.o
 .bss           0x00000000        0x0 MCAL/EXT/EXT.o
 .text.EXT_init
                0x00000000       0xee MCAL/EXT/EXT.o
 .text.EXT_callback
                0x00000000       0x2a MCAL/EXT/EXT.o
 .text          0x00000000        0x0 MCAL/GIE/GIE.o
 .data          0x00000000        0x0 MCAL/GIE/GIE.o
 .bss           0x00000000        0x0 MCAL/GIE/GIE.o
 .text.GIE_Enable
                0x00000000        0x8 MCAL/GIE/GIE.o
 .text.GIE_Disable
                0x00000000        0x8 MCAL/GIE/GIE.o
 .debug_info    0x00000000       0xa7 MCAL/GIE/GIE.o
 .debug_abbrev  0x00000000       0x46 MCAL/GIE/GIE.o
 .debug_aranges
                0x00000000       0x28 MCAL/GIE/GIE.o
 .debug_ranges  0x00000000       0x18 MCAL/GIE/GIE.o
 .debug_line    0x00000000       0x6d MCAL/GIE/GIE.o
 .debug_str     0x00000000      0x1cb MCAL/GIE/GIE.o
 .comment       0x00000000       0x31 MCAL/GIE/GIE.o
 .debug_frame   0x00000000       0x34 MCAL/GIE/GIE.o
 .text          0x00000000        0x0 MCAL/SPI/SPI.o
 .data          0x00000000        0x0 MCAL/SPI/SPI.o
 .bss           0x00000000        0x0 MCAL/SPI/SPI.o
 .text.SPI_master_init
                0x00000000       0x1e MCAL/SPI/SPI.o
 .text.SPI_slave_init
                0x00000000       0x1e MCAL/SPI/SPI.o
 .text.SPI_send
                0x00000000        0x8 MCAL/SPI/SPI.o
 .text.SPI_recieve
                0x00000000        0xc MCAL/SPI/SPI.o
 .text.SPI_RX_TX
                0x00000000        0xa MCAL/SPI/SPI.o
 .debug_info    0x00000000      0x14e MCAL/SPI/SPI.o
 .debug_abbrev  0x00000000       0x98 MCAL/SPI/SPI.o
 .debug_loc     0x00000000       0x1f MCAL/SPI/SPI.o
 .debug_aranges
                0x00000000       0x40 MCAL/SPI/SPI.o
 .debug_ranges  0x00000000       0x30 MCAL/SPI/SPI.o
 .debug_line    0x00000000       0xec MCAL/SPI/SPI.o
 .debug_str     0x00000000      0x220 MCAL/SPI/SPI.o
 .comment       0x00000000       0x31 MCAL/SPI/SPI.o
 .debug_frame   0x00000000       0x64 MCAL/SPI/SPI.o
 .text          0x00000000        0x0 MCAL/UART/UART.o
 .data          0x00000000        0x0 MCAL/UART/UART.o
 .bss           0x00000000        0x0 MCAL/UART/UART.o
 .text.Uart_init
                0x00000000       0x2e MCAL/UART/UART.o
 .text.Uart_Transmit
                0x00000000       0x12 MCAL/UART/UART.o
 .text.Uart_Receive
                0x00000000        0xc MCAL/UART/UART.o
 .debug_info    0x00000000      0x100 MCAL/UART/UART.o
 .debug_abbrev  0x00000000       0x7e MCAL/UART/UART.o
 .debug_loc     0x00000000       0x2d MCAL/UART/UART.o
 .debug_aranges
                0x00000000       0x30 MCAL/UART/UART.o
 .debug_ranges  0x00000000       0x20 MCAL/UART/UART.o
 .debug_line    0x00000000       0xc7 MCAL/UART/UART.o
 .debug_str     0x00000000      0x205 MCAL/UART/UART.o
 .comment       0x00000000       0x31 MCAL/UART/UART.o
 .debug_frame   0x00000000       0x44 MCAL/UART/UART.o
 .text          0x00000000        0x0 RTOS/heap_2.o
 .data          0x00000000        0x0 RTOS/heap_2.o
 .bss           0x00000000        0x0 RTOS/heap_2.o
 .text.xPortGetFreeHeapSize
                0x00000000        0xa RTOS/heap_2.o
 .text.vPortInitialiseBlocks
                0x00000000        0x2 RTOS/heap_2.o
 .text          0x00000000        0x0 RTOS/list.o
 .data          0x00000000        0x0 RTOS/list.o
 .bss           0x00000000        0x0 RTOS/list.o
 .text          0x00000000        0x0 RTOS/port.o
 .data          0x00000000        0x0 RTOS/port.o
 .bss           0x00000000        0x0 RTOS/port.o
 .text.vPortEndScheduler
                0x00000000        0x2 RTOS/port.o
 .text          0x00000000        0x0 RTOS/queue.o
 .data          0x00000000        0x0 RTOS/queue.o
 .bss           0x00000000        0x0 RTOS/queue.o
 .text.prvIsQueueEmpty
                0x00000000       0x1a RTOS/queue.o
 .text.prvIsQueueFull
                0x00000000       0x1c RTOS/queue.o
 .text.prvCopyDataToQueue
                0x00000000       0xbe RTOS/queue.o
 .text.prvCopyDataFromQueue
                0x00000000       0x34 RTOS/queue.o
 .text.prvUnlockQueue
                0x00000000       0x68 RTOS/queue.o
 .text.xQueueGenericReset
                0x00000000       0x8c RTOS/queue.o
 .text.prvInitialiseNewQueue
                0x00000000       0x26 RTOS/queue.o
 .text.xQueueGenericCreate
                0x00000000       0x54 RTOS/queue.o
 .text.xQueueGenericSend
                0x00000000      0x124 RTOS/queue.o
 .text.prvInitialiseMutex
                0x00000000       0x20 RTOS/queue.o
 .text.xQueueCreateMutex
                0x00000000       0x1c RTOS/queue.o
 .text.xQueueGenericSendFromISR
                0x00000000       0x74 RTOS/queue.o
 .text.xQueueGiveFromISR
                0x00000000       0x52 RTOS/queue.o
 .text.xQueueGenericReceive
                0x00000000      0x182 RTOS/queue.o
 .text.xQueueReceiveFromISR
                0x00000000       0x6e RTOS/queue.o
 .text.xQueuePeekFromISR
                0x00000000       0x2e RTOS/queue.o
 .text.uxQueueMessagesWaiting
                0x00000000       0x10 RTOS/queue.o
 .text.uxQueueSpacesAvailable
                0x00000000       0x16 RTOS/queue.o
 .text.uxQueueMessagesWaitingFromISR
                0x00000000        0x6 RTOS/queue.o
 .text.vQueueDelete
                0x00000000        0x6 RTOS/queue.o
 .text.xQueueIsQueueEmptyFromISR
                0x00000000       0x10 RTOS/queue.o
 .text.xQueueIsQueueFullFromISR
                0x00000000       0x12 RTOS/queue.o
 .debug_info    0x00000000     0x1168 RTOS/queue.o
 .debug_abbrev  0x00000000      0x211 RTOS/queue.o
 .debug_loc     0x00000000     0x14c0 RTOS/queue.o
 .debug_aranges
                0x00000000       0xc8 RTOS/queue.o
 .debug_ranges  0x00000000      0x100 RTOS/queue.o
 .debug_line    0x00000000      0x8ce RTOS/queue.o
 .debug_str     0x00000000      0x782 RTOS/queue.o
 .comment       0x00000000       0x31 RTOS/queue.o
 .debug_frame   0x00000000      0x2b0 RTOS/queue.o
 .text          0x00000000        0x0 RTOS/tasks.o
 .data          0x00000000        0x0 RTOS/tasks.o
 .bss           0x00000000        0x0 RTOS/tasks.o
 .text.vTaskDelete
                0x00000000       0xa2 RTOS/tasks.o
 .text.vTaskPrioritySet
                0x00000000       0xfc RTOS/tasks.o
 .text.vTaskEndScheduler
                0x00000000        0xc RTOS/tasks.o
 .text.xTaskGetTickCount
                0x00000000       0x14 RTOS/tasks.o
 .text.xTaskGetTickCountFromISR
                0x00000000        0xa RTOS/tasks.o
 .text.uxTaskGetNumberOfTasks
                0x00000000        0x6 RTOS/tasks.o
 .text.pcTaskGetName
                0x00000000       0x10 RTOS/tasks.o
 .text.vTaskDelayUntil
                0x00000000       0x82 RTOS/tasks.o
 .text.vTaskPlaceOnEventList
                0x00000000       0x24 RTOS/tasks.o
 .text.vTaskPlaceOnUnorderedEventList
                0x00000000       0x32 RTOS/tasks.o
 .text.xTaskRemoveFromEventList
                0x00000000       0x90 RTOS/tasks.o
 .text.xTaskRemoveFromUnorderedEventList
                0x00000000       0x74 RTOS/tasks.o
 .text.vTaskSetTimeOutState
                0x00000000       0x16 RTOS/tasks.o
 .text.xTaskCheckForTimeOut
                0x00000000       0x64 RTOS/tasks.o
 .text.vTaskMissedYield
                0x00000000        0x8 RTOS/tasks.o
 .text.xTaskGetCurrentTaskHandle
                0x00000000        0xa RTOS/tasks.o
 .text.vTaskPriorityInherit
                0x00000000       0xc4 RTOS/tasks.o
 .text.xTaskPriorityDisinherit
                0x00000000       0x80 RTOS/tasks.o
 .text.uxTaskResetEventItemValue
                0x00000000       0x2e RTOS/tasks.o
 .text.pvTaskIncrementMutexHeldCount
                0x00000000       0x24 RTOS/tasks.o
 .text.ulTaskNotifyTake
                0x00000000       0xae RTOS/tasks.o
 .text.xTaskNotifyWait
                0x00000000      0x108 RTOS/tasks.o
 .text.xTaskGenericNotify
                0x00000000      0x10a RTOS/tasks.o
 .text.xTaskGenericNotifyFromISR
                0x00000000      0x130 RTOS/tasks.o
 .text.vTaskNotifyGiveFromISR
                0x00000000       0xb6 RTOS/tasks.o
 .text.xTaskNotifyStateClear
                0x00000000       0x28 RTOS/tasks.o
 .text          0x00000000        0x0 c:/program files (x86)/atmel/studio/7.0/toolchain/avr8/avr8-gnu-toolchain/bin/../lib/gcc/avr/5.4.0/avr5\libgcc.a(_mulsi3.o)
 .data          0x00000000        0x0 c:/program files (x86)/atmel/studio/7.0/toolchain/avr8/avr8-gnu-toolchain/bin/../lib/gcc/avr/5.4.0/avr5\libgcc.a(_mulsi3.o)
 .bss           0x00000000        0x0 c:/program files (x86)/atmel/studio/7.0/toolchain/avr8/avr8-gnu-toolchain/bin/../lib/gcc/avr/5.4.0/avr5\libgcc.a(_mulsi3.o)
 .text.libgcc.mul
                0x00000000       0x20 c:/program files (x86)/atmel/studio/7.0/toolchain/avr8/avr8-gnu-toolchain/bin/../lib/gcc/avr/5.4.0/avr5\libgcc.a(_mulsi3.o)
 .text.libgcc.div
                0x00000000        0x0 c:/program files (x86)/atmel/studio/7.0/toolchain/avr8/avr8-gnu-toolchain/bin/../lib/gcc/avr/5.4.0/avr5\libgcc.a(_mulsi3.o)
 .text.libgcc   0x00000000        0x0 c:/program files (x86)/atmel/studio/7.0/toolchain/avr8/avr8-gnu-toolchain/bin/../lib/gcc/avr/5.4.0/avr5\libgcc.a(_mulsi3.o)
 .text.libgcc.prologue
                0x00000000        0x0 c:/program files (x86)/atmel/studio/7.0/toolchain/avr8/avr8-gnu-toolchain/bin/../lib/gcc/avr/5.4.0/avr5\libgcc.a(_mulsi3.o)
 .text.libgcc.builtins
                0x00000000        0x0 c:/program files (x86)/atmel/studio/7.0/toolchain/avr8/avr8-gnu-toolchain/bin/../lib/gcc/avr/5.4.0/avr5\libgcc.a(_mulsi3.o)
 .text.libgcc.fmul
                0x00000000        0x0 c:/program files (x86)/atmel/studio/7.0/toolchain/avr8/avr8-gnu-toolchain/bin/../lib/gcc/avr/5.4.0/avr5\libgcc.a(_mulsi3.o)
 .text.libgcc.fixed
                0x00000000        0x0 c:/program files (x86)/atmel/studio/7.0/toolchain/avr8/avr8-gnu-toolchain/bin/../lib/gcc/avr/5.4.0/avr5\libgcc.a(_mulsi3.o)
 .text          0x00000000        0x0 c:/program files (x86)/atmel/studio/7.0/toolchain/avr8/avr8-gnu-toolchain/bin/../lib/gcc/avr/5.4.0/avr5\libgcc.a(_udivmodsi4.o)
 .data          0x00000000        0x0 c:/program files (x86)/atmel/studio/7.0/toolchain/avr8/avr8-gnu-toolchain/bin/../lib/gcc/avr/5.4.0/avr5\libgcc.a(_udivmodsi4.o)
 .bss           0x00000000        0x0 c:/program files (x86)/atmel/studio/7.0/toolchain/avr8/avr8-gnu-toolchain/bin/../lib/gcc/avr/5.4.0/avr5\libgcc.a(_udivmodsi4.o)
 .text.libgcc.mul
                0x00000000        0x0 c:/program files (x86)/atmel/studio/7.0/toolchain/avr8/avr8-gnu-toolchain/bin/../lib/gcc/avr/5.4.0/avr5\libgcc.a(_udivmodsi4.o)
 .text.libgcc.div
                0x00000000       0x44 c:/program files (x86)/atmel/studio/7.0/toolchain/avr8/avr8-gnu-toolchain/bin/../lib/gcc/avr/5.4.0/avr5\libgcc.a(_udivmodsi4.o)
 .text.libgcc   0x00000000        0x0 c:/program files (x86)/atmel/studio/7.0/toolchain/avr8/avr8-gnu-toolchain/bin/../lib/gcc/avr/5.4.0/avr5\libgcc.a(_udivmodsi4.o)
 .text.libgcc.prologue
                0x00000000        0x0 c:/program files (x86)/atmel/studio/7.0/toolchain/avr8/avr8-gnu-toolchain/bin/../lib/gcc/avr/5.4.0/avr5\libgcc.a(_udivmodsi4.o)
 .text.libgcc.builtins
                0x00000000        0x0 c:/program files (x86)/atmel/studio/7.0/toolchain/avr8/avr8-gnu-toolchain/bin/../lib/gcc/avr/5.4.0/avr5\libgcc.a(_udivmodsi4.o)
 .text.libgcc.fmul
                0x00000000        0x0 c:/program files (x86)/atmel/studio/7.0/toolchain/avr8/avr8-gnu-toolchain/bin/../lib/gcc/avr/5.4.0/avr5\libgcc.a(_udivmodsi4.o)
 .text.libgcc.fixed
                0x00000000        0x0 c:/program files (x86)/atmel/studio/7.0/toolchain/avr8/avr8-gnu-toolchain/bin/../lib/gcc/avr/5.4.0/avr5\libgcc.a(_udivmodsi4.o)
 .text          0x00000000        0x0 c:/program files (x86)/atmel/studio/7.0/toolchain/avr8/avr8-gnu-toolchain/bin/../lib/gcc/avr/5.4.0/avr5\libgcc.a(_divmodsi4.o)
 .data          0x00000000        0x0 c:/program files (x86)/atmel/studio/7.0/toolchain/avr8/avr8-gnu-toolchain/bin/../lib/gcc/avr/5.4.0/avr5\libgcc.a(_divmodsi4.o)
 .bss           0x00000000        0x0 c:/program files (x86)/atmel/studio/7.0/toolchain/avr8/avr8-gnu-toolchain/bin/../lib/gcc/avr/5.4.0/avr5\libgcc.a(_divmodsi4.o)
 .text.libgcc.mul
                0x00000000        0x0 c:/program files (x86)/atmel/studio/7.0/toolchain/avr8/avr8-gnu-toolchain/bin/../lib/gcc/avr/5.4.0/avr5\libgcc.a(_divmodsi4.o)
 .text.libgcc.div
                0x00000000       0x2e c:/program files (x86)/atmel/studio/7.0/toolchain/avr8/avr8-gnu-toolchain/bin/../lib/gcc/avr/5.4.0/avr5\libgcc.a(_divmodsi4.o)
 .text.libgcc   0x00000000        0x0 c:/program files (x86)/atmel/studio/7.0/toolchain/avr8/avr8-gnu-toolchain/bin/../lib/gcc/avr/5.4.0/avr5\libgcc.a(_divmodsi4.o)
 .text.libgcc.prologue
                0x00000000        0x0 c:/program files (x86)/atmel/studio/7.0/toolchain/avr8/avr8-gnu-toolchain/bin/../lib/gcc/avr/5.4.0/avr5\libgcc.a(_divmodsi4.o)
 .text.libgcc.builtins
                0x00000000        0x0 c:/program files (x86)/atmel/studio/7.0/toolchain/avr8/avr8-gnu-toolchain/bin/../lib/gcc/avr/5.4.0/avr5\libgcc.a(_divmodsi4.o)
 .text.libgcc.fmul
                0x00000000        0x0 c:/program files (x86)/atmel/studio/7.0/toolchain/avr8/avr8-gnu-toolchain/bin/../lib/gcc/avr/5.4.0/avr5\libgcc.a(_divmodsi4.o)
 .text.libgcc.fixed
                0x00000000        0x0 c:/program files (x86)/atmel/studio/7.0/toolchain/avr8/avr8-gnu-toolchain/bin/../lib/gcc/avr/5.4.0/avr5\libgcc.a(_divmodsi4.o)
 .text          0x00000000        0x0 c:/program files (x86)/atmel/studio/7.0/toolchain/avr8/avr8-gnu-toolchain/bin/../lib/gcc/avr/5.4.0/avr5\libgcc.a(_negsi2.o)
 .data          0x00000000        0x0 c:/program files (x86)/atmel/studio/7.0/toolchain/avr8/avr8-gnu-toolchain/bin/../lib/gcc/avr/5.4.0/avr5\libgcc.a(_negsi2.o)
 .bss           0x00000000        0x0 c:/program files (x86)/atmel/studio/7.0/toolchain/avr8/avr8-gnu-toolchain/bin/../lib/gcc/avr/5.4.0/avr5\libgcc.a(_negsi2.o)
 .text.libgcc.mul
                0x00000000        0x0 c:/program files (x86)/atmel/studio/7.0/toolchain/avr8/avr8-gnu-toolchain/bin/../lib/gcc/avr/5.4.0/avr5\libgcc.a(_negsi2.o)
 .text.libgcc.div
                0x00000000       0x10 c:/program files (x86)/atmel/studio/7.0/toolchain/avr8/avr8-gnu-toolchain/bin/../lib/gcc/avr/5.4.0/avr5\libgcc.a(_negsi2.o)
 .text.libgcc   0x00000000        0x0 c:/program files (x86)/atmel/studio/7.0/toolchain/avr8/avr8-gnu-toolchain/bin/../lib/gcc/avr/5.4.0/avr5\libgcc.a(_negsi2.o)
 .text.libgcc.prologue
                0x00000000        0x0 c:/program files (x86)/atmel/studio/7.0/toolchain/avr8/avr8-gnu-toolchain/bin/../lib/gcc/avr/5.4.0/avr5\libgcc.a(_negsi2.o)
 .text.libgcc.builtins
                0x00000000        0x0 c:/program files (x86)/atmel/studio/7.0/toolchain/avr8/avr8-gnu-toolchain/bin/../lib/gcc/avr/5.4.0/avr5\libgcc.a(_negsi2.o)
 .text.libgcc.fmul
                0x00000000        0x0 c:/program files (x86)/atmel/studio/7.0/toolchain/avr8/avr8-gnu-toolchain/bin/../lib/gcc/avr/5.4.0/avr5\libgcc.a(_negsi2.o)
 .text.libgcc.fixed
                0x00000000        0x0 c:/program files (x86)/atmel/studio/7.0/toolchain/avr8/avr8-gnu-toolchain/bin/../lib/gcc/avr/5.4.0/avr5\libgcc.a(_negsi2.o)
 .text          0x00000000        0x0 c:/program files (x86)/atmel/studio/7.0/toolchain/avr8/avr8-gnu-toolchain/bin/../lib/gcc/avr/5.4.0/avr5\libgcc.a(_exit.o)
 .data          0x00000000        0x0 c:/program files (x86)/atmel/studio/7.0/toolchain/avr8/avr8-gnu-toolchain/bin/../lib/gcc/avr/5.4.0/avr5\libgcc.a(_exit.o)
 .bss           0x00000000        0x0 c:/program files (x86)/atmel/studio/7.0/toolchain/avr8/avr8-gnu-toolchain/bin/../lib/gcc/avr/5.4.0/avr5\libgcc.a(_exit.o)
 .text.libgcc.mul
                0x00000000        0x0 c:/program files (x86)/atmel/studio/7.0/toolchain/avr8/avr8-gnu-toolchain/bin/../lib/gcc/avr/5.4.0/avr5\libgcc.a(_exit.o)
 .text.libgcc.div
                0x00000000        0x0 c:/program files (x86)/atmel/studio/7.0/toolchain/avr8/avr8-gnu-toolchain/bin/../lib/gcc/avr/5.4.0/avr5\libgcc.a(_exit.o)
 .text.libgcc   0x00000000        0x0 c:/program files (x86)/atmel/studio/7.0/toolchain/avr8/avr8-gnu-toolchain/bin/../lib/gcc/avr/5.4.0/avr5\libgcc.a(_exit.o)
 .text.libgcc.prologue
                0x00000000        0x0 c:/program files (x86)/atmel/studio/7.0/toolchain/avr8/avr8-gnu-toolchain/bin/../lib/gcc/avr/5.4.0/avr5\libgcc.a(_exit.o)
 .text.libgcc.builtins
                0x00000000        0x0 c:/program files (x86)/atmel/studio/7.0/toolchain/avr8/avr8-gnu-toolchain/bin/../lib/gcc/avr/5.4.0/avr5\libgcc.a(_exit.o)
 .text.libgcc.fmul
                0x00000000        0x0 c:/program files (x86)/atmel/studio/7.0/toolchain/avr8/avr8-gnu-toolchain/bin/../lib/gcc/avr/5.4.0/avr5\libgcc.a(_exit.o)
 .text.libgcc.fixed
                0x00000000        0x0 c:/program files (x86)/atmel/studio/7.0/toolchain/avr8/avr8-gnu-toolchain/bin/../lib/gcc/avr/5.4.0/avr5\libgcc.a(_exit.o)
 .text          0x00000000        0x0 c:/program files (x86)/atmel/studio/7.0/toolchain/avr8/avr8-gnu-toolchain/bin/../lib/gcc/avr/5.4.0/avr5\libgcc.a(_tablejump2.o)
 .data          0x00000000        0x0 c:/program files (x86)/atmel/studio/7.0/toolchain/avr8/avr8-gnu-toolchain/bin/../lib/gcc/avr/5.4.0/avr5\libgcc.a(_tablejump2.o)
 .bss           0x00000000        0x0 c:/program files (x86)/atmel/studio/7.0/toolchain/avr8/avr8-gnu-toolchain/bin/../lib/gcc/avr/5.4.0/avr5\libgcc.a(_tablejump2.o)
 .text.libgcc.mul
                0x00000000        0x0 c:/program files (x86)/atmel/studio/7.0/toolchain/avr8/avr8-gnu-toolchain/bin/../lib/gcc/avr/5.4.0/avr5\libgcc.a(_tablejump2.o)
 .text.libgcc.div
                0x00000000        0x0 c:/program files (x86)/atmel/studio/7.0/toolchain/avr8/avr8-gnu-toolchain/bin/../lib/gcc/avr/5.4.0/avr5\libgcc.a(_tablejump2.o)
 .text.libgcc.prologue
                0x00000000        0x0 c:/program files (x86)/atmel/studio/7.0/toolchain/avr8/avr8-gnu-toolchain/bin/../lib/gcc/avr/5.4.0/avr5\libgcc.a(_tablejump2.o)
 .text.libgcc.builtins
                0x00000000        0x0 c:/program files (x86)/atmel/studio/7.0/toolchain/avr8/avr8-gnu-toolchain/bin/../lib/gcc/avr/5.4.0/avr5\libgcc.a(_tablejump2.o)
 .text.libgcc.fmul
                0x00000000        0x0 c:/program files (x86)/atmel/studio/7.0/toolchain/avr8/avr8-gnu-toolchain/bin/../lib/gcc/avr/5.4.0/avr5\libgcc.a(_tablejump2.o)
 .text.libgcc.fixed
                0x00000000        0x0 c:/program files (x86)/atmel/studio/7.0/toolchain/avr8/avr8-gnu-toolchain/bin/../lib/gcc/avr/5.4.0/avr5\libgcc.a(_tablejump2.o)
 .text          0x00000000        0x0 c:/program files (x86)/atmel/studio/7.0/toolchain/avr8/avr8-gnu-toolchain/bin/../lib/gcc/avr/5.4.0/avr5\libgcc.a(_copy_data.o)
 .data          0x00000000        0x0 c:/program files (x86)/atmel/studio/7.0/toolchain/avr8/avr8-gnu-toolchain/bin/../lib/gcc/avr/5.4.0/avr5\libgcc.a(_copy_data.o)
 .bss           0x00000000        0x0 c:/program files (x86)/atmel/studio/7.0/toolchain/avr8/avr8-gnu-toolchain/bin/../lib/gcc/avr/5.4.0/avr5\libgcc.a(_copy_data.o)
 .text.libgcc.mul
                0x00000000        0x0 c:/program files (x86)/atmel/studio/7.0/toolchain/avr8/avr8-gnu-toolchain/bin/../lib/gcc/avr/5.4.0/avr5\libgcc.a(_copy_data.o)
 .text.libgcc.div
                0x00000000        0x0 c:/program files (x86)/atmel/studio/7.0/toolchain/avr8/avr8-gnu-toolchain/bin/../lib/gcc/avr/5.4.0/avr5\libgcc.a(_copy_data.o)
 .text.libgcc   0x00000000        0x0 c:/program files (x86)/atmel/studio/7.0/toolchain/avr8/avr8-gnu-toolchain/bin/../lib/gcc/avr/5.4.0/avr5\libgcc.a(_copy_data.o)
 .text.libgcc.prologue
                0x00000000        0x0 c:/program files (x86)/atmel/studio/7.0/toolchain/avr8/avr8-gnu-toolchain/bin/../lib/gcc/avr/5.4.0/avr5\libgcc.a(_copy_data.o)
 .text.libgcc.builtins
                0x00000000        0x0 c:/program files (x86)/atmel/studio/7.0/toolchain/avr8/avr8-gnu-toolchain/bin/../lib/gcc/avr/5.4.0/avr5\libgcc.a(_copy_data.o)
 .text.libgcc.fmul
                0x00000000        0x0 c:/program files (x86)/atmel/studio/7.0/toolchain/avr8/avr8-gnu-toolchain/bin/../lib/gcc/avr/5.4.0/avr5\libgcc.a(_copy_data.o)
 .text.libgcc.fixed
                0x00000000        0x0 c:/program files (x86)/atmel/studio/7.0/toolchain/avr8/avr8-gnu-toolchain/bin/../lib/gcc/avr/5.4.0/avr5\libgcc.a(_copy_data.o)
 .text          0x00000000        0x0 c:/program files (x86)/atmel/studio/7.0/toolchain/avr8/avr8-gnu-toolchain/bin/../lib/gcc/avr/5.4.0/avr5\libgcc.a(_clear_bss.o)
 .data          0x00000000        0x0 c:/program files (x86)/atmel/studio/7.0/toolchain/avr8/avr8-gnu-toolchain/bin/../lib/gcc/avr/5.4.0/avr5\libgcc.a(_clear_bss.o)
 .bss           0x00000000        0x0 c:/program files (x86)/atmel/studio/7.0/toolchain/avr8/avr8-gnu-toolchain/bin/../lib/gcc/avr/5.4.0/avr5\libgcc.a(_clear_bss.o)
 .text.libgcc.mul
                0x00000000        0x0 c:/program files (x86)/atmel/studio/7.0/toolchain/avr8/avr8-gnu-toolchain/bin/../lib/gcc/avr/5.4.0/avr5\libgcc.a(_clear_bss.o)
 .text.libgcc.div
                0x00000000        0x0 c:/program files (x86)/atmel/studio/7.0/toolchain/avr8/avr8-gnu-toolchain/bin/../lib/gcc/avr/5.4.0/avr5\libgcc.a(_clear_bss.o)
 .text.libgcc   0x00000000        0x0 c:/program files (x86)/atmel/studio/7.0/toolchain/avr8/avr8-gnu-toolchain/bin/../lib/gcc/avr/5.4.0/avr5\libgcc.a(_clear_bss.o)
 .text.libgcc.prologue
                0x00000000        0x0 c:/program files (x86)/atmel/studio/7.0/toolchain/avr8/avr8-gnu-toolchain/bin/../lib/gcc/avr/5.4.0/avr5\libgcc.a(_clear_bss.o)
 .text.libgcc.builtins
                0x00000000        0x0 c:/program files (x86)/atmel/studio/7.0/toolchain/avr8/avr8-gnu-toolchain/bin/../lib/gcc/avr/5.4.0/avr5\libgcc.a(_clear_bss.o)
 .text.libgcc.fmul
                0x00000000        0x0 c:/program files (x86)/atmel/studio/7.0/toolchain/avr8/avr8-gnu-toolchain/bin/../lib/gcc/avr/5.4.0/avr5\libgcc.a(_clear_bss.o)
 .text.libgcc.fixed
                0x00000000        0x0 c:/program files (x86)/atmel/studio/7.0/toolchain/avr8/avr8-gnu-toolchain/bin/../lib/gcc/avr/5.4.0/avr5\libgcc.a(_clear_bss.o)
 .text          0x00000000        0x0 c:/program files (x86)/atmel/studio/7.0/toolchain/avr8/avr8-gnu-toolchain/bin/../lib/gcc/avr/5.4.0/avr5\libgcc.a(_muluhisi3.o)
 .data          0x00000000        0x0 c:/program files (x86)/atmel/studio/7.0/toolchain/avr8/avr8-gnu-toolchain/bin/../lib/gcc/avr/5.4.0/avr5\libgcc.a(_muluhisi3.o)
 .bss           0x00000000        0x0 c:/program files (x86)/atmel/studio/7.0/toolchain/avr8/avr8-gnu-toolchain/bin/../lib/gcc/avr/5.4.0/avr5\libgcc.a(_muluhisi3.o)
 .text.libgcc.div
                0x00000000        0x0 c:/program files (x86)/atmel/studio/7.0/toolchain/avr8/avr8-gnu-toolchain/bin/../lib/gcc/avr/5.4.0/avr5\libgcc.a(_muluhisi3.o)
 .text.libgcc   0x00000000        0x0 c:/program files (x86)/atmel/studio/7.0/toolchain/avr8/avr8-gnu-toolchain/bin/../lib/gcc/avr/5.4.0/avr5\libgcc.a(_muluhisi3.o)
 .text.libgcc.prologue
                0x00000000        0x0 c:/program files (x86)/atmel/studio/7.0/toolchain/avr8/avr8-gnu-toolchain/bin/../lib/gcc/avr/5.4.0/avr5\libgcc.a(_muluhisi3.o)
 .text.libgcc.builtins
                0x00000000        0x0 c:/program files (x86)/atmel/studio/7.0/toolchain/avr8/avr8-gnu-toolchain/bin/../lib/gcc/avr/5.4.0/avr5\libgcc.a(_muluhisi3.o)
 .text.libgcc.fmul
                0x00000000        0x0 c:/program files (x86)/atmel/studio/7.0/toolchain/avr8/avr8-gnu-toolchain/bin/../lib/gcc/avr/5.4.0/avr5\libgcc.a(_muluhisi3.o)
 .text.libgcc.fixed
                0x00000000        0x0 c:/program files (x86)/atmel/studio/7.0/toolchain/avr8/avr8-gnu-toolchain/bin/../lib/gcc/avr/5.4.0/avr5\libgcc.a(_muluhisi3.o)
 .text          0x00000000        0x0 c:/program files (x86)/atmel/studio/7.0/toolchain/avr8/avr8-gnu-toolchain/bin/../lib/gcc/avr/5.4.0/avr5\libgcc.a(_umulhisi3.o)
 .data          0x00000000        0x0 c:/program files (x86)/atmel/studio/7.0/toolchain/avr8/avr8-gnu-toolchain/bin/../lib/gcc/avr/5.4.0/avr5\libgcc.a(_umulhisi3.o)
 .bss           0x00000000        0x0 c:/program files (x86)/atmel/studio/7.0/toolchain/avr8/avr8-gnu-toolchain/bin/../lib/gcc/avr/5.4.0/avr5\libgcc.a(_umulhisi3.o)
 .text.libgcc.div
                0x00000000        0x0 c:/program files (x86)/atmel/studio/7.0/toolchain/avr8/avr8-gnu-toolchain/bin/../lib/gcc/avr/5.4.0/avr5\libgcc.a(_umulhisi3.o)
 .text.libgcc   0x00000000        0x0 c:/program files (x86)/atmel/studio/7.0/toolchain/avr8/avr8-gnu-toolchain/bin/../lib/gcc/avr/5.4.0/avr5\libgcc.a(_umulhisi3.o)
 .text.libgcc.prologue
                0x00000000        0x0 c:/program files (x86)/atmel/studio/7.0/toolchain/avr8/avr8-gnu-toolchain/bin/../lib/gcc/avr/5.4.0/avr5\libgcc.a(_umulhisi3.o)
 .text.libgcc.builtins
                0x00000000        0x0 c:/program files (x86)/atmel/studio/7.0/toolchain/avr8/avr8-gnu-toolchain/bin/../lib/gcc/avr/5.4.0/avr5\libgcc.a(_umulhisi3.o)
 .text.libgcc.fmul
                0x00000000        0x0 c:/program files (x86)/atmel/studio/7.0/toolchain/avr8/avr8-gnu-toolchain/bin/../lib/gcc/avr/5.4.0/avr5\libgcc.a(_umulhisi3.o)
 .text.libgcc.fixed
                0x00000000        0x0 c:/program files (x86)/atmel/studio/7.0/toolchain/avr8/avr8-gnu-toolchain/bin/../lib/gcc/avr/5.4.0/avr5\libgcc.a(_umulhisi3.o)
 .text          0x00000000        0x0 c:/program files (x86)/atmel/studio/7.0/toolchain/avr8/avr8-gnu-toolchain/bin/../lib/gcc/avr/5.4.0/../../../../avr/lib/avr5\libc.a(memcpy.o)
 .data          0x00000000        0x0 c:/program files (x86)/atmel/studio/7.0/toolchain/avr8/avr8-gnu-toolchain/bin/../lib/gcc/avr/5.4.0/../../../../avr/lib/avr5\libc.a(memcpy.o)
 .bss           0x00000000        0x0 c:/program files (x86)/atmel/studio/7.0/toolchain/avr8/avr8-gnu-toolchain/bin/../lib/gcc/avr/5.4.0/../../../../avr/lib/avr5\libc.a(memcpy.o)
 .text.avr-libc
                0x00000000       0x12 c:/program files (x86)/atmel/studio/7.0/toolchain/avr8/avr8-gnu-toolchain/bin/../lib/gcc/avr/5.4.0/../../../../avr/lib/avr5\libc.a(memcpy.o)

Memory Configuration

Name             Origin             Length             Attributes
text             0x00000000         0x00008000         xr
data             0x00800060         0x00000800         rw !x
eeprom           0x00810000         0x00000400         rw !x
fuse             0x00820000         0x00000002         rw !x
lock             0x00830000         0x00000400         rw !x
signature        0x00840000         0x00000400         rw !x
user_signatures  0x00850000         0x00000400         rw !x
*default*        0x00000000         0xffffffff

Linker script and memory map

LOAD C:/Program Files (x86)/Atmel/Studio/7.0/Packs/atmel/ATmega_DFP/1.7.374/gcc/dev/atmega32/avr5/crtatmega32.o
LOAD HAL/Button/Button.o
LOAD HAL/Buzzer/Buzzer.o
LOAD HAL/KEYPAD/KEYPAD.o
LOAD HAL/LCD/LCD.o
LOAD HAL/LED/LED.o
LOAD HAL/SevenSeg/SevenSeg.o
LOAD main.o
LOAD MCAL/ADC/ADC.o
LOAD MCAL/DELAY/DELAY.o
LOAD MCAL/DIO/DIO.o
LOAD MCAL/EXT/EXT.o
LOAD MCAL/GIE/GIE.o
LOAD MCAL/SPI/SPI.o
LOAD MCAL/UART/UART.o
LOAD RTOS/heap_2.o
LOAD RTOS/list.o
LOAD RTOS/port.o
LOAD RTOS/queue.o
LOAD RTOS/tasks.o
START GROUP
LOAD c:/program files (x86)/atmel/studio/7.0/toolchain/avr8/avr8-gnu-toolchain/bin/../lib/gcc/avr/5.4.0/../../../../avr/lib/avr5\libm.a
END GROUP
START GROUP
LOAD c:/program files (x86)/atmel/studio/7.0/toolchain/avr8/avr8-gnu-toolchain/bin/../lib/gcc/avr/5.4.0/avr5\libgcc.a
LOAD c:/program files (x86)/atmel/studio/7.0/toolchain/avr8/avr8-gnu-toolchain/bin/../lib/gcc/avr/5.4.0/../../../../avr/lib/avr5\libm.a
LOAD c:/program files (x86)/atmel/studio/7.0/toolchain/avr8/avr8-gnu-toolchain/bin/../lib/gcc/avr/5.4.0/../../../../avr/lib/avr5\libc.a
LOAD C:/Program Files (x86)/Atmel/Studio/7.0/Packs/atmel/ATmega_DFP/1.7.374/gcc/dev/atmega32/avr5\libatmega32.a
END GROUP
                0x00000000                __TEXT_REGION_ORIGIN__ = DEFINED (__TEXT_REGION_ORIGIN__)?__TEXT_REGION_ORIGIN__:0x0
                [0x00800060]                __DATA_REGION_ORIGIN__ = DEFINED (__DATA_REGION_ORIGIN__)?__DATA_REGION_ORIGIN__:0x800060
                [0x00008000]                __TEXT_REGION_LENGTH__ = DEFINED (__TEXT_REGION_LENGTH__)?__TEXT_REGION_LENGTH__:0x20000
                [0x00000800]                __DATA_REGION_LENGTH__ = DEFINED (__DATA_REGION_LENGTH__)?__DATA_REGION_LENGTH__:0xffa0
                [0x00000400]                __EEPROM_REGION_LENGTH__ = DEFINED (__EEPROM_REGION_LENGTH__)?__EEPROM_REGION_LENGTH__:0x10000
                [0x00000002]                __FUSE_REGION_LENGTH__ = DEFINED (__FUSE_REGION_LENGTH__)?__FUSE_REGION_LENGTH__:0x400
                0x00000400                __LOCK_REGION_LENGTH__ = DEFINED (__LOCK_REGION_LENGTH__)?__LOCK_REGION_LENGTH__:0x400
                0x00000400                __SIGNATURE_REGION_LENGTH__ = DEFINED (__SIGNATURE_REGION_LENGTH__)?__SIGNATURE_REGION_LENGTH__:0x400
                0x00000400                __USER_SIGNATURE_REGION_LENGTH__ = DEFINED (__USER_SIGNATURE_REGION_LENGTH__)?__USER_SIGNATURE_REGION_LENGTH__:0x400

.hash
 *(.hash)

.dynsym
 *(.dynsym)

.dynstr
 *(.dynstr)

.gnu.version
 *(.gnu.version)

.gnu.version_d
 *(.gnu.version_d)

.gnu.version_r
 *(.gnu.version_r)

.rel.init
 *(.rel.init)

.rela.init
 *(.rela.init)

.rel.text
 *(.rel.text)
 *(.rel.text.*)
 *(.rel.gnu.linkonce.t*)

.rela.text
 *(.rela.text)
 *(.rela.text.*)
 *(.rela.gnu.linkonce.t*)

.rel.fini
 *(.rel.fini)

.rela.fini
 *(.rela.fini)

.rel.rodata
 *(.rel.rodata)
 *(.rel.rodata.*)
 *(.rel.gnu.linkonce.r*)

.rela.rodata
 *(.rela.rodata)
 *(.rela.rodata.*)
 *(.rela.gnu.linkonce.r*)

.rel.data
 *(.rel.data)
 *(.rel.data.*)
 *(.rel.gnu.linkonce.d*)

.rela.data
 *(.rela.data)
 *(.rela.data.*)
 *(.rela.gnu.linkonce.d*)

.rel.ctors
 *(.rel.ctors)

.rela.ctors
 *(.rela.ctors)

.rel.dtors
 *(.rel.dtors)

.rela.dtors
 *(.rela.dtors)

.rel.got
 *(.rel.got)

.rela.got
 *(.rela.got)

.rel.bss
 *(.rel.bss)

.rela.bss
 *(.rela.bss)

.rel.plt
 *(.rel.plt)

.rela.plt
 *(.rela.plt)

.text           0x00000000     0x14f0
 *(.vectors)
 .vectors       0x00000000       0x54 C:/Program Files (x86)/Atmel/Studio/7.0/Packs/atmel/ATmega_DFP/1.7.374/gcc/dev/atmega32/avr5/crtatmega32.o
                0x00000000                __vector_default
                0x00000000                __vectors
 *(.vectors)
 *(.progmem.gcc*)
 .progmem.gcc_sw_table.sevenseg_write
                0x00000054       0x14 HAL/SevenSeg/SevenSeg.o
                0x00000068                . = ALIGN (0x2)
                0x00000068                __trampolines_start = .
 *(.trampolines)
 .trampolines   0x00000068        0x0 linker stubs
 *(.trampolines*)
                0x00000068                __trampolines_end = .
 *libprintf_flt.a:*(.progmem.data)
 *libc.a:*(.progmem.data)
 *(.progmem*)
                0x00000068                . = ALIGN (0x2)
 *(.jumptables)
 *(.jumptables*)
 *(.lowtext)
 *(.lowtext*)
                0x00000068                __ctors_start = .
 *(.ctors)
                0x00000068                __ctors_end = .
                0x00000068                __dtors_start = .
 *(.dtors)
                0x00000068                __dtors_end = .
 SORT(*)(.ctors)
 SORT(*)(.dtors)
 *(.init0)
 .init0         0x00000068        0x0 C:/Program Files (x86)/Atmel/Studio/7.0/Packs/atmel/ATmega_DFP/1.7.374/gcc/dev/atmega32/avr5/crtatmega32.o
                0x00000068                __init
 *(.init0)
 *(.init1)
 *(.init1)
 *(.init2)
 .init2         0x00000068        0xc C:/Program Files (x86)/Atmel/Studio/7.0/Packs/atmel/ATmega_DFP/1.7.374/gcc/dev/atmega32/avr5/crtatmega32.o
 *(.init2)
 *(.init3)
 *(.init3)
 *(.init4)
 .init4         0x00000074       0x16 c:/program files (x86)/atmel/studio/7.0/toolchain/avr8/avr8-gnu-toolchain/bin/../lib/gcc/avr/5.4.0/avr5\libgcc.a(_copy_data.o)
                0x00000074                __do_copy_data
 .init4         0x0000008a       0x10 c:/program files (x86)/atmel/studio/7.0/toolchain/avr8/avr8-gnu-toolchain/bin/../lib/gcc/avr/5.4.0/avr5\libgcc.a(_clear_bss.o)
                0x0000008a                __do_clear_bss
 *(.init4)
 *(.init5)
 *(.init5)
 *(.init6)
 *(.init6)
 *(.init7)
 *(.init7)
 *(.init8)
 *(.init8)
 *(.init9)
 .init9         0x0000009a        0x8 C:/Program Files (x86)/Atmel/Studio/7.0/Packs/atmel/ATmega_DFP/1.7.374/gcc/dev/atmega32/avr5/crtatmega32.o
 *(.init9)
 *(.text)
 .text          0x000000a2        0x4 C:/Program Files (x86)/Atmel/Studio/7.0/Packs/atmel/ATmega_DFP/1.7.374/gcc/dev/atmega32/avr5/crtatmega32.o
                0x000000a2                __vector_12
                0x000000a2                __bad_interrupt
                0x000000a2                __vector_6
                0x000000a2                __vector_11
                0x000000a2                __vector_13
                0x000000a2                __vector_17
                0x000000a2                __vector_19
                0x000000a2                __vector_5
                0x000000a2                __vector_4
                0x000000a2                __vector_9
                0x000000a2                __vector_15
                0x000000a2                __vector_8
                0x000000a2                __vector_14
                0x000000a2                __vector_10
                0x000000a2                __vector_16
                0x000000a2                __vector_18
                0x000000a2                __vector_20
                0x000000a6                . = ALIGN (0x2)
 *(.text.*)
 .text.LCD_write_char
                0x000000a6       0xe6 HAL/LCD/LCD.o
                0x000000a6                LCD_write_char
 .text.LCD_write_command
                0x0000018c       0xe6 HAL/LCD/LCD.o
                0x0000018c                LCD_write_command
 .text.LCD_init
                0x00000272       0x5c HAL/LCD/LCD.o
                0x00000272                LCD_init
 .text.LCD_write_string
                0x000002ce       0x26 HAL/LCD/LCD.o
                0x000002ce                LCD_write_string
 .text.led_init
                0x000002f4        0x8 HAL/LED/LED.o
                0x000002f4                led_init
 .text.led_toggle
                0x000002fc       0x6e HAL/LED/LED.o
                0x000002fc                led_toggle
 .text.sevenseg_init
                0x0000036a        0xa HAL/SevenSeg/SevenSeg.o
                0x0000036a                sevenseg_init
 .text.sevenseg_write
                0x00000374      0x14c HAL/SevenSeg/SevenSeg.o
                0x00000374                sevenseg_write
 .text.sevenseg_write_two
                0x000004c0       0x4c HAL/SevenSeg/SevenSeg.o
                0x000004c0                sevenseg_write_two
 .text.task1    0x0000050c       0x1a main.o
                0x0000050c                task1
 .text.task2    0x00000526       0x1a main.o
                0x00000526                task2
 .text.task3    0x00000540       0x40 main.o
                0x00000540                task3
 .text.main     0x00000580       0x66 main.o
                0x00000580                main
 .text.delay_ms
                0x000005e6       0x2a MCAL/DELAY/DELAY.o
                0x000005e6                delay_ms
 .text.DIO_voidSetPinDirection
                0x00000610       0xe8 MCAL/DIO/DIO.o
                0x00000610                DIO_voidSetPinDirection
 .text.__vector_1
                0x000006f8       0x4e MCAL/EXT/EXT.o
                0x000006f8                __vector_1
 .text.__vector_2
                0x00000746       0x4e MCAL/EXT/EXT.o
                0x00000746                __vector_2
 .text.__vector_3
                0x00000794       0x4e MCAL/EXT/EXT.o
                0x00000794                __vector_3
 .text.prvHeapInit
                0x000007e2       0x36 RTOS/heap_2.o
 .text.pvPortMalloc
                0x00000818       0xf8 RTOS/heap_2.o
                0x00000818                pvPortMalloc
 .text.vPortFree
                0x00000910       0x66 RTOS/heap_2.o
                0x00000910                vPortFree
 .text.vListInitialise
                0x00000976       0x1c RTOS/list.o
                0x00000976                vListInitialise
 .text.vListInitialiseItem
                0x00000992        0x8 RTOS/list.o
                0x00000992                vListInitialiseItem
 .text.vListInsertEnd
                0x0000099a       0x42 RTOS/list.o
                0x0000099a                vListInsertEnd
 .text.vListInsert
                0x000009dc       0x62 RTOS/list.o
                0x000009dc                vListInsert
 .text.uxListRemove
                0x00000a3e       0x4c RTOS/list.o
                0x00000a3e                uxListRemove
 .text.prvSetupTimerInterrupt
                0x00000a8a       0x12 RTOS/port.o
 .text.pxPortInitialiseStack
                0x00000a9c       0xd8 RTOS/port.o
                0x00000a9c                pxPortInitialiseStack
 .text.xPortStartScheduler
                0x00000b74       0x5e RTOS/port.o
                0x00000b74                xPortStartScheduler
 .text.vPortYield
                0x00000bd2       0xb2 RTOS/port.o
                0x00000bd2                vPortYield
 .text.vPortYieldFromTick
                0x00000c84       0xb8 RTOS/port.o
                0x00000c84                vPortYieldFromTick
 .text.__vector_7
                0x00000d3c        0x6 RTOS/port.o
                0x00000d3c                __vector_7
 .text.prvResetNextTaskUnblockTime
                0x00000d42       0x3e RTOS/tasks.o
 .text.prvDeleteTCB
                0x00000d80       0x1a RTOS/tasks.o
 .text.prvInitialiseNewTask
                0x00000d9a       0xd6 RTOS/tasks.o
 .text.prvInitialiseTaskLists
                0x00000e70       0x66 RTOS/tasks.o
 .text.prvAddNewTaskToReadyList
                0x00000ed6       0xb8 RTOS/tasks.o
 .text.prvAddCurrentTaskToDelayedList
                0x00000f8e       0x88 RTOS/tasks.o
 .text.xTaskCreate
                0x00001016       0xa8 RTOS/tasks.o
                0x00001016                xTaskCreate
 .text.vTaskStartScheduler
                0x000010be       0x54 RTOS/tasks.o
                0x000010be                vTaskStartScheduler
 .text.vTaskSuspendAll
                0x00001112        0xc RTOS/tasks.o
                0x00001112                vTaskSuspendAll
 .text.xTaskIncrementTick
                0x0000111e      0x174 RTOS/tasks.o
                0x0000111e                xTaskIncrementTick
 .text.xTaskResumeAll
                0x00001292       0xe4 RTOS/tasks.o
                0x00001292                xTaskResumeAll
 .text.vTaskDelay
                0x00001376       0x2c RTOS/tasks.o
                0x00001376                vTaskDelay
 .text.prvCheckTasksWaitingTermination
                0x000013a2       0x5c RTOS/tasks.o
 .text.prvIdleTask
                0x000013fe        0x6 RTOS/tasks.o
 .text.vTaskSwitchContext
                0x00001404       0xa8 RTOS/tasks.o
                0x00001404                vTaskSwitchContext
 .text.libgcc   0x000014ac        0xc c:/program files (x86)/atmel/studio/7.0/toolchain/avr8/avr8-gnu-toolchain/bin/../lib/gcc/avr/5.4.0/avr5\libgcc.a(_tablejump2.o)
                0x000014ac                __tablejump2__
 .text.libgcc.mul
                0x000014b8       0x16 c:/program files (x86)/atmel/studio/7.0/toolchain/avr8/avr8-gnu-toolchain/bin/../lib/gcc/avr/5.4.0/avr5\libgcc.a(_muluhisi3.o)
                0x000014b8                __muluhisi3
 .text.libgcc.mul
                0x000014ce       0x1e c:/program files (x86)/atmel/studio/7.0/toolchain/avr8/avr8-gnu-toolchain/bin/../lib/gcc/avr/5.4.0/avr5\libgcc.a(_umulhisi3.o)
                0x000014ce                __umulhisi3
                0x000014ec                . = ALIGN (0x2)
 *(.fini9)
 .fini9         0x000014ec        0x0 c:/program files (x86)/atmel/studio/7.0/toolchain/avr8/avr8-gnu-toolchain/bin/../lib/gcc/avr/5.4.0/avr5\libgcc.a(_exit.o)
                0x000014ec                _exit
                0x000014ec                exit
 *(.fini9)
 *(.fini8)
 *(.fini8)
 *(.fini7)
 *(.fini7)
 *(.fini6)
 *(.fini6)
 *(.fini5)
 *(.fini5)
 *(.fini4)
 *(.fini4)
 *(.fini3)
 *(.fini3)
 *(.fini2)
 *(.fini2)
 *(.fini1)
 *(.fini1)
 *(.fini0)
 .fini0         0x000014ec        0x4 c:/program files (x86)/atmel/studio/7.0/toolchain/avr8/avr8-gnu-toolchain/bin/../lib/gcc/avr/5.4.0/avr5\libgcc.a(_exit.o)
 *(.fini0)
                0x000014f0                _etext = .

.data           0x00800060       0x1c load address 0x000014f0
                0x00800060                PROVIDE (__data_start, .)
 *(.data)
 *(.data*)
 .data.xFreeBytesRemaining
                0x00800060        0x2 RTOS/heap_2.o
 *(.gnu.linkonce.d*)
 *(.rodata)
 *(.rodata*)
 .rodata.str1.1
                0x00800062       0x15 main.o
 .rodata.str1.1
                0x00800077        0x5 RTOS/tasks.o
 *(.gnu.linkonce.r*)
                0x0080007c                . = ALIGN (0x2)
                0x0080007c                _edata = .
                0x0080007c                PROVIDE (__data_end, .)

.bss            0x0080007c      0x482
                0x0080007c                PROVIDE (__bss_start, .)
 *(.bss)
 *(.bss*)
 .bss.count     0x0080007c        0x1 main.o
                0x0080007c                count
 .bss.ptr_EXT3  0x0080007d        0x2 MCAL/EXT/EXT.o
                0x0080007d                ptr_EXT3
 .bss.ptr_EXT2  0x0080007f        0x2 MCAL/EXT/EXT.o
                0x0080007f                ptr_EXT2
 .bss.ptr_EXT1  0x00800081        0x2 MCAL/EXT/EXT.o
                0x00800081                ptr_EXT1
 .bss.xHeapHasBeenInitialised.2079
                0x00800083        0x1 RTOS/heap_2.o
 .bss.xEnd      0x00800084        0x4 RTOS/heap_2.o
 .bss.xStart    0x00800088        0x4 RTOS/heap_2.o
 .bss.ucHeap    0x0080008c      0x3e8 RTOS/heap_2.o
 .bss.uxSchedulerSuspended
                0x00800474        0x1 RTOS/tasks.o
 .bss.xIdleTaskHandle
                0x00800475        0x2 RTOS/tasks.o
 .bss.xNextTaskUnblockTime
                0x00800477        0x2 RTOS/tasks.o
 .bss.uxTaskNumber
                0x00800479        0x1 RTOS/tasks.o
 .bss.xNumOfOverflows
                0x0080047a        0x1 RTOS/tasks.o
 .bss.xYieldPending
                0x0080047b        0x1 RTOS/tasks.o
 .bss.uxPendedTicks
                0x0080047c        0x1 RTOS/tasks.o
 .bss.xSchedulerRunning
                0x0080047d        0x1 RTOS/tasks.o
 .bss.uxTopReadyPriority
                0x0080047e        0x1 RTOS/tasks.o
 .bss.xTickCount
                0x0080047f        0x2 RTOS/tasks.o
 .bss.uxCurrentNumberOfTasks
                0x00800481        0x1 RTOS/tasks.o
 .bss.uxDeletedTasksWaitingCleanUp
                0x00800482        0x1 RTOS/tasks.o
 .bss.xTasksWaitingTermination
                0x00800483        0x9 RTOS/tasks.o
 .bss.xPendingReadyList
                0x0080048c        0x9 RTOS/tasks.o
 .bss.pxOverflowDelayedTaskList
                0x00800495        0x2 RTOS/tasks.o
 .bss.pxDelayedTaskList
                0x00800497        0x2 RTOS/tasks.o
 .bss.xDelayedTaskList2
                0x00800499        0x9 RTOS/tasks.o
 .bss.xDelayedTaskList1
                0x008004a2        0x9 RTOS/tasks.o
 .bss.pxReadyTasksLists
                0x008004ab       0x51 RTOS/tasks.o
 .bss.pxCurrentTCB
                0x008004fc        0x2 RTOS/tasks.o
                0x008004fc                pxCurrentTCB
 *(COMMON)
                0x008004fe                PROVIDE (__bss_end, .)
                0x000014f0                __data_load_start = LOADADDR (.data)
                0x0000150c                __data_load_end = (__data_load_start + SIZEOF (.data))

.noinit         0x008004fe        0x0
                [!provide]                PROVIDE (__noinit_start, .)
 *(.noinit*)
                [!provide]                PROVIDE (__noinit_end, .)
                0x008004fe                _end = .
                [!provide]                PROVIDE (__heap_start, .)

.eeprom         0x00810000        0x0
 *(.eeprom*)
                0x00810000                __eeprom_end = .

.fuse
 *(.fuse)
 *(.lfuse)
 *(.hfuse)
 *(.efuse)

.lock
 *(.lock*)

.signature
 *(.signature*)

.user_signatures
 *(.user_signatures*)

.stab
 *(.stab)

.stabstr
 *(.stabstr)

.stab.excl
 *(.stab.excl)

.stab.exclstr
 *(.stab.exclstr)

.stab.index
 *(.stab.index)

.stab.indexstr
 *(.stab.indexstr)

.comment        0x00000000       0x30
 *(.comment)
 .comment       0x00000000       0x30 HAL/LCD/LCD.o
                                 0x31 (size before relaxing)
 .comment       0x00000030       0x31 HAL/LED/LED.o
 .comment       0x00000030       0x31 HAL/SevenSeg/SevenSeg.o
 .comment       0x00000030       0x31 main.o
 .comment       0x00000030       0x31 MCAL/DELAY/DELAY.o
 .comment       0x00000030       0x31 MCAL/DIO/DIO.o
 .comment       0x00000030       0x31 MCAL/EXT/EXT.o
 .comment       0x00000030       0x31 RTOS/heap_2.o
 .comment       0x00000030       0x31 RTOS/list.o
 .comment       0x00000030       0x31 RTOS/port.o
 .comment       0x00000030       0x31 RTOS/tasks.o

.note.gnu.avr.deviceinfo
                0x00000000       0x3c
 .note.gnu.avr.deviceinfo
                0x00000000       0x3c C:/Program Files (x86)/Atmel/Studio/7.0/Packs/atmel/ATmega_DFP/1.7.374/gcc/dev/atmega32/avr5/crtatmega32.o

.note.gnu.build-id
 *(.note.gnu.build-id)

.debug
 *(.debug)

.line
 *(.line)

.debug_srcinfo
 *(.debug_srcinfo)

.debug_sfnames
 *(.debug_sfnames)

.debug_aranges  0x00000000      0x3d8
 *(.debug_aranges)
 .debug_aranges
                0x00000000       0x50 HAL/LCD/LCD.o
 .debug_aranges
                0x00000050       0x38 HAL/LED/LED.o
 .debug_aranges
                0x00000088       0x38 HAL/SevenSeg/SevenSeg.o
 .debug_aranges
                0x000000c0       0x38 main.o
 .debug_aranges
                0x000000f8       0x30 MCAL/DELAY/DELAY.o
 .debug_aranges
                0x00000128       0x40 MCAL/DIO/DIO.o
 .debug_aranges
                0x00000168       0x40 MCAL/EXT/EXT.o
 .debug_aranges
                0x000001a8       0x40 RTOS/heap_2.o
 .debug_aranges
                0x000001e8       0x40 RTOS/list.o
 .debug_aranges
                0x00000228       0x50 RTOS/port.o
 .debug_aranges
                0x00000278      0x160 RTOS/tasks.o

.debug_pubnames
 *(.debug_pubnames)

.debug_info     0x00000000     0x38d7
 *(.debug_info .gnu.linkonce.wi.*)
 .debug_info    0x00000000      0x4e6 C:/Program Files (x86)/Atmel/Studio/7.0/Packs/atmel/ATmega_DFP/1.7.374/gcc/dev/atmega32/avr5/crtatmega32.o
 .debug_info    0x000004e6      0x40b HAL/LCD/LCD.o
 .debug_info    0x000008f1      0x225 HAL/LED/LED.o
 .debug_info    0x00000b16      0x1d6 HAL/SevenSeg/SevenSeg.o
 .debug_info    0x00000cec      0x3e5 main.o
 .debug_info    0x000010d1      0x179 MCAL/DELAY/DELAY.o
 .debug_info    0x0000124a      0x20e MCAL/DIO/DIO.o
 .debug_info    0x00001458      0x250 MCAL/EXT/EXT.o
 .debug_info    0x000016a8      0x329 RTOS/heap_2.o
 .debug_info    0x000019d1      0x2cd RTOS/list.o
 .debug_info    0x00001c9e      0x24e RTOS/port.o
 .debug_info    0x00001eec     0x19eb RTOS/tasks.o

.debug_abbrev   0x00000000     0x1138
 *(.debug_abbrev)
 .debug_abbrev  0x00000000      0x4a3 C:/Program Files (x86)/Atmel/Studio/7.0/Packs/atmel/ATmega_DFP/1.7.374/gcc/dev/atmega32/avr5/crtatmega32.o
 .debug_abbrev  0x000004a3      0x11d HAL/LCD/LCD.o
 .debug_abbrev  0x000005c0       0xb0 HAL/LED/LED.o
 .debug_abbrev  0x00000670       0xbf HAL/SevenSeg/SevenSeg.o
 .debug_abbrev  0x0000072f      0x120 main.o
 .debug_abbrev  0x0000084f       0xa5 MCAL/DELAY/DELAY.o
 .debug_abbrev  0x000008f4       0xb0 MCAL/DIO/DIO.o
 .debug_abbrev  0x000009a4      0x114 MCAL/EXT/EXT.o
 .debug_abbrev  0x00000ab8      0x1a0 RTOS/heap_2.o
 .debug_abbrev  0x00000c58       0xf8 RTOS/list.o
 .debug_abbrev  0x00000d50      0x143 RTOS/port.o
 .debug_abbrev  0x00000e93      0x2a5 RTOS/tasks.o

.debug_line     0x00000000     0x23de
 *(.debug_line .debug_line.* .debug_line_end)
 .debug_line    0x00000000      0x116 C:/Program Files (x86)/Atmel/Studio/7.0/Packs/atmel/ATmega_DFP/1.7.374/gcc/dev/atmega32/avr5/crtatmega32.o
 .debug_line    0x00000116      0x448 HAL/LCD/LCD.o
 .debug_line    0x0000055e       0xc5 HAL/LED/LED.o
 .debug_line    0x00000623      0x145 HAL/SevenSeg/SevenSeg.o
 .debug_line    0x00000768      0x189 main.o
 .debug_line    0x000008f1       0xf3 MCAL/DELAY/DELAY.o
 .debug_line    0x000009e4      0x1ce MCAL/DIO/DIO.o
 .debug_line    0x00000bb2      0x170 MCAL/EXT/EXT.o
 .debug_line    0x00000d22      0x29a RTOS/heap_2.o
 .debug_line    0x00000fbc      0x1ce RTOS/list.o
 .debug_line    0x0000118a      0x2a0 RTOS/port.o
 .debug_line    0x0000142a      0xfb4 RTOS/tasks.o

.debug_frame    0x00000000      0xaf0
 *(.debug_frame)
 .debug_frame   0x00000000       0xd4 HAL/LCD/LCD.o
 .debug_frame   0x000000d4       0x54 HAL/LED/LED.o
 .debug_frame   0x00000128       0x9c HAL/SevenSeg/SevenSeg.o
 .debug_frame   0x000001c4       0x64 main.o
 .debug_frame   0x00000228       0x44 MCAL/DELAY/DELAY.o
 .debug_frame   0x0000026c       0x64 MCAL/DIO/DIO.o
 .debug_frame   0x000002d0      0x144 MCAL/EXT/EXT.o
 .debug_frame   0x00000414       0x8c RTOS/heap_2.o
 .debug_frame   0x000004a0       0x88 RTOS/list.o
 .debug_frame   0x00000528       0x84 RTOS/port.o
 .debug_frame   0x000005ac      0x544 RTOS/tasks.o

.debug_str      0x00000000     0x141a
 *(.debug_str)
 .debug_str     0x00000000      0x196 C:/Program Files (x86)/Atmel/Studio/7.0/Packs/atmel/ATmega_DFP/1.7.374/gcc/dev/atmega32/avr5/crtatmega32.o
 .debug_str     0x00000196      0x248 HAL/LCD/LCD.o
                                0x27a (size before relaxing)
 .debug_str     0x000003de      0x112 HAL/LED/LED.o
                                0x247 (size before relaxing)
 .debug_str     0x000004f0       0x73 HAL/SevenSeg/SevenSeg.o
                                0x21e (size before relaxing)
 .debug_str     0x00000563       0xcc main.o
                                0x283 (size before relaxing)
 .debug_str     0x0000062f       0x48 MCAL/DELAY/DELAY.o
                                0x1fc (size before relaxing)
 .debug_str     0x00000677       0x90 MCAL/DIO/DIO.o
                                0x2a9 (size before relaxing)
 .debug_str     0x00000707       0x9a MCAL/EXT/EXT.o
                                0x283 (size before relaxing)
 .debug_str     0x000007a1      0x190 RTOS/heap_2.o
                                0x333 (size before relaxing)
 .debug_str     0x00000931      0x138 RTOS/list.o
                                0x2ea (size before relaxing)
 .debug_str     0x00000a69      0x11b RTOS/port.o
                                0x2e3 (size before relaxing)
 .debug_str     0x00000b84      0x896 RTOS/tasks.o
                                0xc83 (size before relaxing)

.debug_loc      0x00000000     0x3340
 *(.debug_loc)
 .debug_loc     0x00000000      0x335 HAL/LCD/LCD.o
 .debug_loc     0x00000335      0x132 HAL/LED/LED.o
 .debug_loc     0x00000467      0x344 HAL/SevenSeg/SevenSeg.o
 .debug_loc     0x000007ab       0x60 main.o
 .debug_loc     0x0000080b      0x15c MCAL/DELAY/DELAY.o
 .debug_loc     0x00000967      0x378 MCAL/DIO/DIO.o
 .debug_loc     0x00000cdf      0x32e MCAL/EXT/EXT.o
 .debug_loc     0x0000100d      0x2a8 RTOS/heap_2.o
 .debug_loc     0x000012b5      0x145 RTOS/list.o
 .debug_loc     0x000013fa      0x2a0 RTOS/port.o
 .debug_loc     0x0000169a     0x1ca6 RTOS/tasks.o

.debug_macinfo
 *(.debug_macinfo)

.debug_weaknames
 *(.debug_weaknames)

.debug_funcnames
 *(.debug_funcnames)

.debug_typenames
 *(.debug_typenames)

.debug_varnames
 *(.debug_varnames)

.debug_pubtypes
 *(.debug_pubtypes)

.debug_ranges   0x00000000      0x368
 *(.debug_ranges)
 .debug_ranges  0x00000000       0x40 HAL/LCD/LCD.o
 .debug_ranges  0x00000040       0x28 HAL/LED/LED.o
 .debug_ranges  0x00000068       0x28 HAL/SevenSeg/SevenSeg.o
 .debug_ranges  0x00000090       0x28 main.o
 .debug_ranges  0x000000b8       0x20 MCAL/DELAY/DELAY.o
 .debug_ranges  0x000000d8       0x30 MCAL/DIO/DIO.o
 .debug_ranges  0x00000108       0x30 MCAL/EXT/EXT.o
 .debug_ranges  0x00000138       0x30 RTOS/heap_2.o
 .debug_ranges  0x00000168       0x30 RTOS/list.o
 .debug_ranges  0x00000198       0x40 RTOS/port.o
 .debug_ranges  0x000001d8      0x190 RTOS/tasks.o

.debug_macro
 *(.debug_macro)
OUTPUT(Application.elf elf32-avr)
LOAD linker stubs
