Archive member included to satisfy reference by file (symbol)

c:/program files (x86)/atmel/studio/7.0/toolchain/avr8/avr8-gnu-toolchain/bin/../lib/gcc/avr/5.4.0/../../../../avr/lib/avr5\libm.a(addsf3.o)
                              MCAL/Timer0/Timer0.o (__subsf3)
c:/program files (x86)/atmel/studio/7.0/toolchain/avr8/avr8-gnu-toolchain/bin/../lib/gcc/avr/5.4.0/../../../../avr/lib/avr5\libm.a(addsf3x.o)
                              c:/program files (x86)/atmel/studio/7.0/toolchain/avr8/avr8-gnu-toolchain/bin/../lib/gcc/avr/5.4.0/../../../../avr/lib/avr5\libm.a(addsf3.o) (__addsf3x)
c:/program files (x86)/atmel/studio/7.0/toolchain/avr8/avr8-gnu-toolchain/bin/../lib/gcc/avr/5.4.0/../../../../avr/lib/avr5\libm.a(divsf3.o)
                              MCAL/Timer0/Timer0.o (__divsf3)
c:/program files (x86)/atmel/studio/7.0/toolchain/avr8/avr8-gnu-toolchain/bin/../lib/gcc/avr/5.4.0/../../../../avr/lib/avr5\libm.a(divsf3x.o)
                              c:/program files (x86)/atmel/studio/7.0/toolchain/avr8/avr8-gnu-toolchain/bin/../lib/gcc/avr/5.4.0/../../../../avr/lib/avr5\libm.a(divsf3.o) (__divsf3x)
c:/program files (x86)/atmel/studio/7.0/toolchain/avr8/avr8-gnu-toolchain/bin/../lib/gcc/avr/5.4.0/../../../../avr/lib/avr5\libm.a(fixunssfsi.o)
                              HAL/LCD/LCD.o (__fixunssfsi)
c:/program files (x86)/atmel/studio/7.0/toolchain/avr8/avr8-gnu-toolchain/bin/../lib/gcc/avr/5.4.0/../../../../avr/lib/avr5\libm.a(floatsisf.o)
                              MCAL/Timer0/Timer0.o (__floatunsisf)
c:/program files (x86)/atmel/studio/7.0/toolchain/avr8/avr8-gnu-toolchain/bin/../lib/gcc/avr/5.4.0/../../../../avr/lib/avr5\libm.a(fp_inf.o)
                              c:/program files (x86)/atmel/studio/7.0/toolchain/avr8/avr8-gnu-toolchain/bin/../lib/gcc/avr/5.4.0/../../../../avr/lib/avr5\libm.a(addsf3x.o) (__fp_inf)
c:/program files (x86)/atmel/studio/7.0/toolchain/avr8/avr8-gnu-toolchain/bin/../lib/gcc/avr/5.4.0/../../../../avr/lib/avr5\libm.a(fp_nan.o)
                              c:/program files (x86)/atmel/studio/7.0/toolchain/avr8/avr8-gnu-toolchain/bin/../lib/gcc/avr/5.4.0/../../../../avr/lib/avr5\libm.a(addsf3x.o) (__fp_nan)
c:/program files (x86)/atmel/studio/7.0/toolchain/avr8/avr8-gnu-toolchain/bin/../lib/gcc/avr/5.4.0/../../../../avr/lib/avr5\libm.a(fp_pscA.o)
                              c:/program files (x86)/atmel/studio/7.0/toolchain/avr8/avr8-gnu-toolchain/bin/../lib/gcc/avr/5.4.0/../../../../avr/lib/avr5\libm.a(addsf3x.o) (__fp_pscA)
c:/program files (x86)/atmel/studio/7.0/toolchain/avr8/avr8-gnu-toolchain/bin/../lib/gcc/avr/5.4.0/../../../../avr/lib/avr5\libm.a(fp_pscB.o)
                              c:/program files (x86)/atmel/studio/7.0/toolchain/avr8/avr8-gnu-toolchain/bin/../lib/gcc/avr/5.4.0/../../../../avr/lib/avr5\libm.a(addsf3x.o) (__fp_pscB)
c:/program files (x86)/atmel/studio/7.0/toolchain/avr8/avr8-gnu-toolchain/bin/../lib/gcc/avr/5.4.0/../../../../avr/lib/avr5\libm.a(fp_round.o)
                              c:/program files (x86)/atmel/studio/7.0/toolchain/avr8/avr8-gnu-toolchain/bin/../lib/gcc/avr/5.4.0/../../../../avr/lib/avr5\libm.a(addsf3.o) (__fp_round)
c:/program files (x86)/atmel/studio/7.0/toolchain/avr8/avr8-gnu-toolchain/bin/../lib/gcc/avr/5.4.0/../../../../avr/lib/avr5\libm.a(fp_split3.o)
                              c:/program files (x86)/atmel/studio/7.0/toolchain/avr8/avr8-gnu-toolchain/bin/../lib/gcc/avr/5.4.0/../../../../avr/lib/avr5\libm.a(addsf3x.o) (__fp_split3)
c:/program files (x86)/atmel/studio/7.0/toolchain/avr8/avr8-gnu-toolchain/bin/../lib/gcc/avr/5.4.0/../../../../avr/lib/avr5\libm.a(fp_zero.o)
                              c:/program files (x86)/atmel/studio/7.0/toolchain/avr8/avr8-gnu-toolchain/bin/../lib/gcc/avr/5.4.0/../../../../avr/lib/avr5\libm.a(addsf3x.o) (__fp_zero)
c:/program files (x86)/atmel/studio/7.0/toolchain/avr8/avr8-gnu-toolchain/bin/../lib/gcc/avr/5.4.0/../../../../avr/lib/avr5\libm.a(mulsf3.o)
                              HAL/LCD/LCD.o (__mulsf3)
c:/program files (x86)/atmel/studio/7.0/toolchain/avr8/avr8-gnu-toolchain/bin/../lib/gcc/avr/5.4.0/../../../../avr/lib/avr5\libm.a(mulsf3x.o)
                              c:/program files (x86)/atmel/studio/7.0/toolchain/avr8/avr8-gnu-toolchain/bin/../lib/gcc/avr/5.4.0/../../../../avr/lib/avr5\libm.a(mulsf3.o) (__mulsf3x)
c:/program files (x86)/atmel/studio/7.0/toolchain/avr8/avr8-gnu-toolchain/bin/../lib/gcc/avr/5.4.0/avr5\libgcc.a(_udivmodsi4.o)
                              HAL/LCD/LCD.o (__udivmodsi4)
c:/program files (x86)/atmel/studio/7.0/toolchain/avr8/avr8-gnu-toolchain/bin/../lib/gcc/avr/5.4.0/avr5\libgcc.a(_divmodsi4.o)
                              HAL/LCD/LCD.o (__divmodsi4)
c:/program files (x86)/atmel/studio/7.0/toolchain/avr8/avr8-gnu-toolchain/bin/../lib/gcc/avr/5.4.0/avr5\libgcc.a(_negsi2.o)
                              c:/program files (x86)/atmel/studio/7.0/toolchain/avr8/avr8-gnu-toolchain/bin/../lib/gcc/avr/5.4.0/avr5\libgcc.a(_divmodsi4.o) (__negsi2)
c:/program files (x86)/atmel/studio/7.0/toolchain/avr8/avr8-gnu-toolchain/bin/../lib/gcc/avr/5.4.0/avr5\libgcc.a(_exit.o)
                              C:/Program Files (x86)/Atmel/Studio/7.0/Packs/atmel/ATmega_DFP/1.7.374/gcc/dev/atmega32/avr5/crtatmega32.o (exit)
c:/program files (x86)/atmel/studio/7.0/toolchain/avr8/avr8-gnu-toolchain/bin/../lib/gcc/avr/5.4.0/avr5\libgcc.a(_tablejump2.o)
                              HAL/SevenSeg/SevenSeg.o (__tablejump2__)
c:/program files (x86)/atmel/studio/7.0/toolchain/avr8/avr8-gnu-toolchain/bin/../lib/gcc/avr/5.4.0/avr5\libgcc.a(_copy_data.o)
                              HAL/KEYPAD/KEYPAD.o (__do_copy_data)
c:/program files (x86)/atmel/studio/7.0/toolchain/avr8/avr8-gnu-toolchain/bin/../lib/gcc/avr/5.4.0/avr5\libgcc.a(_clear_bss.o)
                              main.o (__do_clear_bss)
c:/program files (x86)/atmel/studio/7.0/toolchain/avr8/avr8-gnu-toolchain/bin/../lib/gcc/avr/5.4.0/../../../../avr/lib/avr5\libc.a(memcpy.o)
                              RTOS/queue.o (memcpy)

Discarded input sections

 .data          0x00000000        0x0 C:/Program Files (x86)/Atmel/Studio/7.0/Packs/atmel/ATmega_DFP/1.7.374/gcc/dev/atmega32/avr5/crtatmega32.o
 .bss           0x00000000        0x0 C:/Program Files (x86)/Atmel/Studio/7.0/Packs/atmel/ATmega_DFP/1.7.374/gcc/dev/atmega32/avr5/crtatmega32.o
 .text          0x00000000        0x0 HAL/Button/Button.o
 .data          0x00000000        0x0 HAL/Button/Button.o
 .bss           0x00000000        0x0 HAL/Button/Button.o
 .text.button_init
                0x00000000       0x80 HAL/Button/Button.o
 .text.button_read
                0x00000000        0x6 HAL/Button/Button.o
 .debug_info    0x00000000      0x18a HAL/Button/Button.o
 .debug_abbrev  0x00000000       0xbf HAL/Button/Button.o
 .debug_loc     0x00000000       0xc9 HAL/Button/Button.o
 .debug_aranges
                0x00000000       0x28 HAL/Button/Button.o
 .debug_ranges  0x00000000       0x18 HAL/Button/Button.o
 .debug_line    0x00000000       0xb1 HAL/Button/Button.o
 .debug_str     0x00000000      0x250 HAL/Button/Button.o
 .comment       0x00000000       0x31 HAL/Button/Button.o
 .debug_frame   0x00000000       0x40 HAL/Button/Button.o
 .text          0x00000000        0x0 HAL/KEYPAD/KEYPAD.o
 .data          0x00000000        0x0 HAL/KEYPAD/KEYPAD.o
 .bss           0x00000000        0x0 HAL/KEYPAD/KEYPAD.o
 .rodata.keypad_matrix
                0x00000000       0x10 HAL/KEYPAD/KEYPAD.o
 .text          0x00000000        0x0 HAL/LCD/LCD.o
 .data          0x00000000        0x0 HAL/LCD/LCD.o
 .bss           0x00000000        0x0 HAL/LCD/LCD.o
 .text.LCD_write_float
                0x00000000       0x60 HAL/LCD/LCD.o
 .text.clear_screen
                0x00000000        0x8 HAL/LCD/LCD.o
 .text          0x00000000        0x0 HAL/LED/LED.o
 .data          0x00000000        0x0 HAL/LED/LED.o
 .bss           0x00000000        0x0 HAL/LED/LED.o
 .text.led_toggle
                0x00000000       0x6e HAL/LED/LED.o
 .text          0x00000000        0x0 HAL/SevenSeg/SevenSeg.o
 .data          0x00000000        0x0 HAL/SevenSeg/SevenSeg.o
 .bss           0x00000000        0x0 HAL/SevenSeg/SevenSeg.o
 .text.sevenseg_init
                0x00000000       0x14 HAL/SevenSeg/SevenSeg.o
 .text.sevenseg_write
                0x00000000      0x174 HAL/SevenSeg/SevenSeg.o
 .progmem.gcc_sw_table.sevenseg_write
                0x00000000       0x14 HAL/SevenSeg/SevenSeg.o
 .text.sevenseg_write_four
                0x00000000       0xb4 HAL/SevenSeg/SevenSeg.o
 .debug_info    0x00000000      0x1c8 HAL/SevenSeg/SevenSeg.o
 .debug_abbrev  0x00000000      0x12b HAL/SevenSeg/SevenSeg.o
 .debug_loc     0x00000000      0x2f6 HAL/SevenSeg/SevenSeg.o
 .debug_aranges
                0x00000000       0x30 HAL/SevenSeg/SevenSeg.o
 .debug_ranges  0x00000000       0x20 HAL/SevenSeg/SevenSeg.o
 .debug_line    0x00000000      0x1e1 HAL/SevenSeg/SevenSeg.o
 .debug_str     0x00000000      0x259 HAL/SevenSeg/SevenSeg.o
 .comment       0x00000000       0x31 HAL/SevenSeg/SevenSeg.o
 .debug_frame   0x00000000       0x80 HAL/SevenSeg/SevenSeg.o
 .text          0x00000000        0x0 main.o
 .data          0x00000000        0x0 main.o
 .bss           0x00000000        0x0 main.o
 .text          0x00000000        0x0 MCAL/ADC/ADC.o
 .data          0x00000000        0x0 MCAL/ADC/ADC.o
 .bss           0x00000000        0x0 MCAL/ADC/ADC.o
 .text.ADC_init
                0x00000000       0x32 MCAL/ADC/ADC.o
 .text.ADC_read
                0x00000000       0x28 MCAL/ADC/ADC.o
 .text.ADC_AutoTrigger_init
                0x00000000       0x44 MCAL/ADC/ADC.o
 .text.ADC_AutoTrigger_read
                0x00000000       0x22 MCAL/ADC/ADC.o
 .debug_info    0x00000000      0x12c MCAL/ADC/ADC.o
 .debug_abbrev  0x00000000       0x9f MCAL/ADC/ADC.o
 .debug_loc     0x00000000       0x42 MCAL/ADC/ADC.o
 .debug_aranges
                0x00000000       0x38 MCAL/ADC/ADC.o
 .debug_ranges  0x00000000       0x28 MCAL/ADC/ADC.o
 .debug_line    0x00000000      0x12c MCAL/ADC/ADC.o
 .debug_str     0x00000000      0x208 MCAL/ADC/ADC.o
 .comment       0x00000000       0x31 MCAL/ADC/ADC.o
 .debug_frame   0x00000000       0x54 MCAL/ADC/ADC.o
 .text          0x00000000        0x0 MCAL/DIO/DIO.o
 .data          0x00000000        0x0 MCAL/DIO/DIO.o
 .bss           0x00000000        0x0 MCAL/DIO/DIO.o
 .text.DIO_voidSetPortDirection
                0x00000000       0x58 MCAL/DIO/DIO.o
 .text.DIO_voidSetPortValue
                0x00000000       0x58 MCAL/DIO/DIO.o
 .text.DIO_voidGetBitValue
                0x00000000       0x62 MCAL/DIO/DIO.o
 .text          0x00000000        0x0 MCAL/EXT/EXT.o
 .data          0x00000000        0x0 MCAL/EXT/EXT.o
 .bss           0x00000000        0x0 MCAL/EXT/EXT.o
 .text.EXT_init
                0x00000000       0xee MCAL/EXT/EXT.o
 .text.EXT_callback
                0x00000000       0x2a MCAL/EXT/EXT.o
 .text          0x00000000        0x0 MCAL/GIE/GIE.o
 .data          0x00000000        0x0 MCAL/GIE/GIE.o
 .bss           0x00000000        0x0 MCAL/GIE/GIE.o
 .text.GIE_Enable
                0x00000000        0x8 MCAL/GIE/GIE.o
 .text.GIE_Disable
                0x00000000        0x8 MCAL/GIE/GIE.o
 .debug_info    0x00000000       0xb5 MCAL/GIE/GIE.o
 .debug_abbrev  0x00000000       0x51 MCAL/GIE/GIE.o
 .debug_aranges
                0x00000000       0x28 MCAL/GIE/GIE.o
 .debug_ranges  0x00000000       0x18 MCAL/GIE/GIE.o
 .debug_line    0x00000000       0x6d MCAL/GIE/GIE.o
 .debug_str     0x00000000      0x1de MCAL/GIE/GIE.o
 .comment       0x00000000       0x31 MCAL/GIE/GIE.o
 .debug_frame   0x00000000       0x34 MCAL/GIE/GIE.o
 .text          0x00000000        0x0 MCAL/I2C/I2C.o
 .data          0x00000000        0x0 MCAL/I2C/I2C.o
 .bss           0x00000000        0x0 MCAL/I2C/I2C.o
 .text.I2C_MASTER_INIT
                0x00000000       0x12 MCAL/I2C/I2C.o
 .text.I2C_SLAVE_INIT
                0x00000000        0x6 MCAL/I2C/I2C.o
 .text.I2C_Send_Start_Condition
                0x00000000       0x1a MCAL/I2C/I2C.o
 .text.I2C_Send_Repeated_Start_Condition
                0x00000000       0x22 MCAL/I2C/I2C.o
 .text.I2C_Send_Slave_Address_Write
                0x00000000       0x24 MCAL/I2C/I2C.o
 .text.I2C_Send_Slave_Address_Read
                0x00000000       0x24 MCAL/I2C/I2C.o
 .text.I2C_Send_Master_Send_Byte
                0x00000000       0x1c MCAL/I2C/I2C.o
 .text.I2C_Send_Master_Read_Byte
                0x00000000       0x20 MCAL/I2C/I2C.o
 .text.I2C_Send_Stop_Condition
                0x00000000        0x6 MCAL/I2C/I2C.o
 .text.I2C_slave_avialable
                0x00000000       0x18 MCAL/I2C/I2C.o
 .debug_info    0x00000000      0x283 MCAL/I2C/I2C.o
 .debug_abbrev  0x00000000       0xd5 MCAL/I2C/I2C.o
 .debug_loc     0x00000000      0x192 MCAL/I2C/I2C.o
 .debug_aranges
                0x00000000       0x68 MCAL/I2C/I2C.o
 .debug_ranges  0x00000000       0x58 MCAL/I2C/I2C.o
 .debug_line    0x00000000      0x255 MCAL/I2C/I2C.o
 .debug_str     0x00000000      0x35f MCAL/I2C/I2C.o
 .comment       0x00000000       0x31 MCAL/I2C/I2C.o
 .debug_frame   0x00000000       0xb4 MCAL/I2C/I2C.o
 .text          0x00000000        0x0 MCAL/SPI/SPI.o
 .data          0x00000000        0x0 MCAL/SPI/SPI.o
 .bss           0x00000000        0x0 MCAL/SPI/SPI.o
 .text.SPI_master_init
                0x00000000       0x1e MCAL/SPI/SPI.o
 .text.SPI_slave_init
                0x00000000       0x1e MCAL/SPI/SPI.o
 .text.SPI_send
                0x00000000       0x16 MCAL/SPI/SPI.o
 .text.SPI_recieve
                0x00000000        0xc MCAL/SPI/SPI.o
 .text.SPI_RX_TX
                0x00000000        0xa MCAL/SPI/SPI.o
 .debug_info    0x00000000      0x15d MCAL/SPI/SPI.o
 .debug_abbrev  0x00000000       0xa7 MCAL/SPI/SPI.o
 .debug_loc     0x00000000       0x4c MCAL/SPI/SPI.o
 .debug_aranges
                0x00000000       0x40 MCAL/SPI/SPI.o
 .debug_ranges  0x00000000       0x30 MCAL/SPI/SPI.o
 .debug_line    0x00000000       0xf8 MCAL/SPI/SPI.o
 .debug_str     0x00000000      0x20a MCAL/SPI/SPI.o
 .comment       0x00000000       0x31 MCAL/SPI/SPI.o
 .debug_frame   0x00000000       0x64 MCAL/SPI/SPI.o
 .text          0x00000000        0x0 MCAL/Timer0/Timer0.o
 .data          0x00000000        0x0 MCAL/Timer0/Timer0.o
 .bss           0x00000000        0x0 MCAL/Timer0/Timer0.o
 .text.timer0_init
                0x00000000      0x114 MCAL/Timer0/Timer0.o
 .text.PWM0_OC0_duty
                0x00000000       0x66 MCAL/Timer0/Timer0.o
 .text.timer0_setOCR
                0x00000000        0x4 MCAL/Timer0/Timer0.o
 .text.timer0_setTCNT0
                0x00000000        0x4 MCAL/Timer0/Timer0.o
 .text.timer0_callback
                0x00000000        0xa MCAL/Timer0/Timer0.o
 .text.timer0_disable
                0x00000000       0x14 MCAL/Timer0/Timer0.o
 .text.timer0_delay_us
                0x00000000       0x8e MCAL/Timer0/Timer0.o
 .text.timer0_delay_ms
                0x00000000       0x8e MCAL/Timer0/Timer0.o
 .text.timer0_delay_s
                0x00000000       0x8e MCAL/Timer0/Timer0.o
 .text          0x00000000        0x0 MCAL/TWI/TWI_prog.o
 .data          0x00000000        0x0 MCAL/TWI/TWI_prog.o
 .bss           0x00000000        0x0 MCAL/TWI/TWI_prog.o
 .text.M_TWI_void_Init
                0x00000000       0x1e MCAL/TWI/TWI_prog.o
 .text.M_TWI_u8_StartCondition
                0x00000000       0x22 MCAL/TWI/TWI_prog.o
 .text.M_TWI_void_StopCondition
                0x00000000        0xe MCAL/TWI/TWI_prog.o
 .text.M_TWI_u8_RepeatedStart
                0x00000000       0x22 MCAL/TWI/TWI_prog.o
 .text.M_TWI_u8_SendSlaveAddressWrite
                0x00000000       0x26 MCAL/TWI/TWI_prog.o
 .text.M_TWI_u8_SendSlaveAddressRead
                0x00000000       0x2c MCAL/TWI/TWI_prog.o
 .text.M_TWI_u8_SendByte
                0x00000000       0x1e MCAL/TWI/TWI_prog.o
 .text.M_TWI_u8_ReadByte
                0x00000000       0x22 MCAL/TWI/TWI_prog.o
 .debug_info    0x00000000      0x24d MCAL/TWI/TWI_prog.o
 .debug_abbrev  0x00000000       0xac MCAL/TWI/TWI_prog.o
 .debug_loc     0x00000000      0x171 MCAL/TWI/TWI_prog.o
 .debug_aranges
                0x00000000       0x58 MCAL/TWI/TWI_prog.o
 .debug_ranges  0x00000000       0x48 MCAL/TWI/TWI_prog.o
 .debug_line    0x00000000      0x223 MCAL/TWI/TWI_prog.o
 .debug_str     0x00000000      0x348 MCAL/TWI/TWI_prog.o
 .comment       0x00000000       0x31 MCAL/TWI/TWI_prog.o
 .debug_frame   0x00000000       0x94 MCAL/TWI/TWI_prog.o
 .text          0x00000000        0x0 MCAL/UART/UART.o
 .data          0x00000000        0x0 MCAL/UART/UART.o
 .bss           0x00000000        0x0 MCAL/UART/UART.o
 .text.Uart_init
                0x00000000       0x2e MCAL/UART/UART.o
 .text.Uart_Transmit
                0x00000000       0x12 MCAL/UART/UART.o
 .text.Uart_Receive
                0x00000000        0xc MCAL/UART/UART.o
 .debug_info    0x00000000      0x10e MCAL/UART/UART.o
 .debug_abbrev  0x00000000       0x89 MCAL/UART/UART.o
 .debug_loc     0x00000000       0x2d MCAL/UART/UART.o
 .debug_aranges
                0x00000000       0x30 MCAL/UART/UART.o
 .debug_ranges  0x00000000       0x20 MCAL/UART/UART.o
 .debug_line    0x00000000       0xc7 MCAL/UART/UART.o
 .debug_str     0x00000000      0x1ff MCAL/UART/UART.o
 .comment       0x00000000       0x31 MCAL/UART/UART.o
 .debug_frame   0x00000000       0x44 MCAL/UART/UART.o
 .text          0x00000000        0x0 MCAL/WDT/WDT.o
 .data          0x00000000        0x0 MCAL/WDT/WDT.o
 .bss           0x00000000        0x0 MCAL/WDT/WDT.o
 .text.wdt_enable
                0x00000000       0xba MCAL/WDT/WDT.o
 .progmem.gcc_sw_table.wdt_enable
                0x00000000       0x10 MCAL/WDT/WDT.o
 .text.wdt_disable
                0x00000000        0xa MCAL/WDT/WDT.o
 .debug_info    0x00000000      0x106 MCAL/WDT/WDT.o
 .debug_abbrev  0x00000000       0x92 MCAL/WDT/WDT.o
 .debug_loc     0x00000000       0xd0 MCAL/WDT/WDT.o
 .debug_aranges
                0x00000000       0x28 MCAL/WDT/WDT.o
 .debug_ranges  0x00000000       0x18 MCAL/WDT/WDT.o
 .debug_line    0x00000000       0xbc MCAL/WDT/WDT.o
 .debug_str     0x00000000      0x21f MCAL/WDT/WDT.o
 .comment       0x00000000       0x31 MCAL/WDT/WDT.o
 .debug_frame   0x00000000       0x34 MCAL/WDT/WDT.o
 .text          0x00000000        0x0 RTOS/heap_2.o
 .data          0x00000000        0x0 RTOS/heap_2.o
 .bss           0x00000000        0x0 RTOS/heap_2.o
 .text.xPortGetFreeHeapSize
                0x00000000        0xa RTOS/heap_2.o
 .text.vPortInitialiseBlocks
                0x00000000        0x2 RTOS/heap_2.o
 .text          0x00000000        0x0 RTOS/list.o
 .data          0x00000000        0x0 RTOS/list.o
 .bss           0x00000000        0x0 RTOS/list.o
 .text          0x00000000        0x0 RTOS/port.o
 .data          0x00000000        0x0 RTOS/port.o
 .bss           0x00000000        0x0 RTOS/port.o
 .text.vPortEndScheduler
                0x00000000        0x2 RTOS/port.o
 .text          0x00000000        0x0 RTOS/queue.o
 .data          0x00000000        0x0 RTOS/queue.o
 .bss           0x00000000        0x0 RTOS/queue.o
 .text.prvIsQueueEmpty
                0x00000000       0x1a RTOS/queue.o
 .text.prvIsQueueFull
                0x00000000       0x1c RTOS/queue.o
 .text.prvCopyDataToQueue
                0x00000000       0xbe RTOS/queue.o
 .text.prvCopyDataFromQueue
                0x00000000       0x34 RTOS/queue.o
 .text.prvUnlockQueue
                0x00000000       0x68 RTOS/queue.o
 .text.xQueueGenericReset
                0x00000000       0x8c RTOS/queue.o
 .text.prvInitialiseNewQueue
                0x00000000       0x26 RTOS/queue.o
 .text.xQueueGenericCreate
                0x00000000       0x54 RTOS/queue.o
 .text.xQueueGenericSend
                0x00000000      0x124 RTOS/queue.o
 .text.prvInitialiseMutex
                0x00000000       0x20 RTOS/queue.o
 .text.xQueueCreateMutex
                0x00000000       0x1c RTOS/queue.o
 .text.xQueueGenericSendFromISR
                0x00000000       0x74 RTOS/queue.o
 .text.xQueueGiveFromISR
                0x00000000       0x52 RTOS/queue.o
 .text.xQueueGenericReceive
                0x00000000      0x182 RTOS/queue.o
 .text.xQueueReceiveFromISR
                0x00000000       0x6e RTOS/queue.o
 .text.xQueuePeekFromISR
                0x00000000       0x2e RTOS/queue.o
 .text.uxQueueMessagesWaiting
                0x00000000       0x10 RTOS/queue.o
 .text.uxQueueSpacesAvailable
                0x00000000       0x16 RTOS/queue.o
 .text.uxQueueMessagesWaitingFromISR
                0x00000000        0x6 RTOS/queue.o
 .text.vQueueDelete
                0x00000000        0x6 RTOS/queue.o
 .text.xQueueIsQueueEmptyFromISR
                0x00000000       0x10 RTOS/queue.o
 .text.xQueueIsQueueFullFromISR
                0x00000000       0x12 RTOS/queue.o
 .debug_info    0x00000000     0x1168 RTOS/queue.o
 .debug_abbrev  0x00000000      0x211 RTOS/queue.o
 .debug_loc     0x00000000     0x14c0 RTOS/queue.o
 .debug_aranges
                0x00000000       0xc8 RTOS/queue.o
 .debug_ranges  0x00000000      0x100 RTOS/queue.o
 .debug_line    0x00000000      0x8ce RTOS/queue.o
 .debug_str     0x00000000      0x782 RTOS/queue.o
 .comment       0x00000000       0x31 RTOS/queue.o
 .debug_frame   0x00000000      0x2b0 RTOS/queue.o
 .text          0x00000000        0x0 RTOS/tasks.o
 .data          0x00000000        0x0 RTOS/tasks.o
 .bss           0x00000000        0x0 RTOS/tasks.o
 .text.vTaskDelete
                0x00000000       0xa2 RTOS/tasks.o
 .text.vTaskPrioritySet
                0x00000000       0xfc RTOS/tasks.o
 .text.vTaskEndScheduler
                0x00000000        0xc RTOS/tasks.o
 .text.xTaskGetTickCount
                0x00000000       0x14 RTOS/tasks.o
 .text.xTaskGetTickCountFromISR
                0x00000000        0xa RTOS/tasks.o
 .text.uxTaskGetNumberOfTasks
                0x00000000        0x6 RTOS/tasks.o
 .text.pcTaskGetName
                0x00000000       0x10 RTOS/tasks.o
 .text.vTaskDelayUntil
                0x00000000       0x82 RTOS/tasks.o
 .text.vTaskPlaceOnEventList
                0x00000000       0x24 RTOS/tasks.o
 .text.vTaskPlaceOnUnorderedEventList
                0x00000000       0x32 RTOS/tasks.o
 .text.xTaskRemoveFromEventList
                0x00000000       0x90 RTOS/tasks.o
 .text.xTaskRemoveFromUnorderedEventList
                0x00000000       0x74 RTOS/tasks.o
 .text.vTaskSetTimeOutState
                0x00000000       0x16 RTOS/tasks.o
 .text.xTaskCheckForTimeOut
                0x00000000       0x64 RTOS/tasks.o
 .text.vTaskMissedYield
                0x00000000        0x8 RTOS/tasks.o
 .text.xTaskGetCurrentTaskHandle
                0x00000000        0xa RTOS/tasks.o
 .text.vTaskPriorityInherit
                0x00000000       0xc4 RTOS/tasks.o
 .text.xTaskPriorityDisinherit
                0x00000000       0x80 RTOS/tasks.o
 .text.uxTaskResetEventItemValue
                0x00000000       0x2e RTOS/tasks.o
 .text.pvTaskIncrementMutexHeldCount
                0x00000000       0x24 RTOS/tasks.o
 .text.ulTaskNotifyTake
                0x00000000       0xae RTOS/tasks.o
 .text.xTaskNotifyWait
                0x00000000      0x108 RTOS/tasks.o
 .text.xTaskGenericNotify
                0x00000000      0x10a RTOS/tasks.o
 .text.xTaskGenericNotifyFromISR
                0x00000000      0x130 RTOS/tasks.o
 .text.vTaskNotifyGiveFromISR
                0x00000000       0xb6 RTOS/tasks.o
 .text.xTaskNotifyStateClear
                0x00000000       0x28 RTOS/tasks.o
 .text          0x00000000        0x0 c:/program files (x86)/atmel/studio/7.0/toolchain/avr8/avr8-gnu-toolchain/bin/../lib/gcc/avr/5.4.0/../../../../avr/lib/avr5\libm.a(addsf3.o)
 .data          0x00000000        0x0 c:/program files (x86)/atmel/studio/7.0/toolchain/avr8/avr8-gnu-toolchain/bin/../lib/gcc/avr/5.4.0/../../../../avr/lib/avr5\libm.a(addsf3.o)
 .bss           0x00000000        0x0 c:/program files (x86)/atmel/studio/7.0/toolchain/avr8/avr8-gnu-toolchain/bin/../lib/gcc/avr/5.4.0/../../../../avr/lib/avr5\libm.a(addsf3.o)
 .text.avr-libc.fplib
                0x00000000        0xe c:/program files (x86)/atmel/studio/7.0/toolchain/avr8/avr8-gnu-toolchain/bin/../lib/gcc/avr/5.4.0/../../../../avr/lib/avr5\libm.a(addsf3.o)
 .text          0x00000000        0x0 c:/program files (x86)/atmel/studio/7.0/toolchain/avr8/avr8-gnu-toolchain/bin/../lib/gcc/avr/5.4.0/../../../../avr/lib/avr5\libm.a(addsf3x.o)
 .data          0x00000000        0x0 c:/program files (x86)/atmel/studio/7.0/toolchain/avr8/avr8-gnu-toolchain/bin/../lib/gcc/avr/5.4.0/../../../../avr/lib/avr5\libm.a(addsf3x.o)
 .bss           0x00000000        0x0 c:/program files (x86)/atmel/studio/7.0/toolchain/avr8/avr8-gnu-toolchain/bin/../lib/gcc/avr/5.4.0/../../../../avr/lib/avr5\libm.a(addsf3x.o)
 .text.avr-libc.fplib
                0x00000000       0xcc c:/program files (x86)/atmel/studio/7.0/toolchain/avr8/avr8-gnu-toolchain/bin/../lib/gcc/avr/5.4.0/../../../../avr/lib/avr5\libm.a(addsf3x.o)
 .text          0x00000000        0x0 c:/program files (x86)/atmel/studio/7.0/toolchain/avr8/avr8-gnu-toolchain/bin/../lib/gcc/avr/5.4.0/../../../../avr/lib/avr5\libm.a(divsf3.o)
 .data          0x00000000        0x0 c:/program files (x86)/atmel/studio/7.0/toolchain/avr8/avr8-gnu-toolchain/bin/../lib/gcc/avr/5.4.0/../../../../avr/lib/avr5\libm.a(divsf3.o)
 .bss           0x00000000        0x0 c:/program files (x86)/atmel/studio/7.0/toolchain/avr8/avr8-gnu-toolchain/bin/../lib/gcc/avr/5.4.0/../../../../avr/lib/avr5\libm.a(divsf3.o)
 .text.avr-libc.fplib
                0x00000000        0x8 c:/program files (x86)/atmel/studio/7.0/toolchain/avr8/avr8-gnu-toolchain/bin/../lib/gcc/avr/5.4.0/../../../../avr/lib/avr5\libm.a(divsf3.o)
 .text          0x00000000        0x0 c:/program files (x86)/atmel/studio/7.0/toolchain/avr8/avr8-gnu-toolchain/bin/../lib/gcc/avr/5.4.0/../../../../avr/lib/avr5\libm.a(divsf3x.o)
 .data          0x00000000        0x0 c:/program files (x86)/atmel/studio/7.0/toolchain/avr8/avr8-gnu-toolchain/bin/../lib/gcc/avr/5.4.0/../../../../avr/lib/avr5\libm.a(divsf3x.o)
 .bss           0x00000000        0x0 c:/program files (x86)/atmel/studio/7.0/toolchain/avr8/avr8-gnu-toolchain/bin/../lib/gcc/avr/5.4.0/../../../../avr/lib/avr5\libm.a(divsf3x.o)
 .text.avr-libc.fplib
                0x00000000       0xdc c:/program files (x86)/atmel/studio/7.0/toolchain/avr8/avr8-gnu-toolchain/bin/../lib/gcc/avr/5.4.0/../../../../avr/lib/avr5\libm.a(divsf3x.o)
 .text          0x00000000        0x0 c:/program files (x86)/atmel/studio/7.0/toolchain/avr8/avr8-gnu-toolchain/bin/../lib/gcc/avr/5.4.0/../../../../avr/lib/avr5\libm.a(fixunssfsi.o)
 .data          0x00000000        0x0 c:/program files (x86)/atmel/studio/7.0/toolchain/avr8/avr8-gnu-toolchain/bin/../lib/gcc/avr/5.4.0/../../../../avr/lib/avr5\libm.a(fixunssfsi.o)
 .bss           0x00000000        0x0 c:/program files (x86)/atmel/studio/7.0/toolchain/avr8/avr8-gnu-toolchain/bin/../lib/gcc/avr/5.4.0/../../../../avr/lib/avr5\libm.a(fixunssfsi.o)
 .text.avr-libc.fplib
                0x00000000       0x5e c:/program files (x86)/atmel/studio/7.0/toolchain/avr8/avr8-gnu-toolchain/bin/../lib/gcc/avr/5.4.0/../../../../avr/lib/avr5\libm.a(fixunssfsi.o)
 .text          0x00000000        0x0 c:/program files (x86)/atmel/studio/7.0/toolchain/avr8/avr8-gnu-toolchain/bin/../lib/gcc/avr/5.4.0/../../../../avr/lib/avr5\libm.a(floatsisf.o)
 .data          0x00000000        0x0 c:/program files (x86)/atmel/studio/7.0/toolchain/avr8/avr8-gnu-toolchain/bin/../lib/gcc/avr/5.4.0/../../../../avr/lib/avr5\libm.a(floatsisf.o)
 .bss           0x00000000        0x0 c:/program files (x86)/atmel/studio/7.0/toolchain/avr8/avr8-gnu-toolchain/bin/../lib/gcc/avr/5.4.0/../../../../avr/lib/avr5\libm.a(floatsisf.o)
 .text.avr-libc.fplib
                0x00000000       0x7a c:/program files (x86)/atmel/studio/7.0/toolchain/avr8/avr8-gnu-toolchain/bin/../lib/gcc/avr/5.4.0/../../../../avr/lib/avr5\libm.a(floatsisf.o)
 .text          0x00000000        0x0 c:/program files (x86)/atmel/studio/7.0/toolchain/avr8/avr8-gnu-toolchain/bin/../lib/gcc/avr/5.4.0/../../../../avr/lib/avr5\libm.a(fp_inf.o)
 .data          0x00000000        0x0 c:/program files (x86)/atmel/studio/7.0/toolchain/avr8/avr8-gnu-toolchain/bin/../lib/gcc/avr/5.4.0/../../../../avr/lib/avr5\libm.a(fp_inf.o)
 .bss           0x00000000        0x0 c:/program files (x86)/atmel/studio/7.0/toolchain/avr8/avr8-gnu-toolchain/bin/../lib/gcc/avr/5.4.0/../../../../avr/lib/avr5\libm.a(fp_inf.o)
 .text.avr-libc.fplib
                0x00000000        0xc c:/program files (x86)/atmel/studio/7.0/toolchain/avr8/avr8-gnu-toolchain/bin/../lib/gcc/avr/5.4.0/../../../../avr/lib/avr5\libm.a(fp_inf.o)
 .text          0x00000000        0x0 c:/program files (x86)/atmel/studio/7.0/toolchain/avr8/avr8-gnu-toolchain/bin/../lib/gcc/avr/5.4.0/../../../../avr/lib/avr5\libm.a(fp_nan.o)
 .data          0x00000000        0x0 c:/program files (x86)/atmel/studio/7.0/toolchain/avr8/avr8-gnu-toolchain/bin/../lib/gcc/avr/5.4.0/../../../../avr/lib/avr5\libm.a(fp_nan.o)
 .bss           0x00000000        0x0 c:/program files (x86)/atmel/studio/7.0/toolchain/avr8/avr8-gnu-toolchain/bin/../lib/gcc/avr/5.4.0/../../../../avr/lib/avr5\libm.a(fp_nan.o)
 .text.avr-libc.fplib
                0x00000000        0x6 c:/program files (x86)/atmel/studio/7.0/toolchain/avr8/avr8-gnu-toolchain/bin/../lib/gcc/avr/5.4.0/../../../../avr/lib/avr5\libm.a(fp_nan.o)
 .text          0x00000000        0x0 c:/program files (x86)/atmel/studio/7.0/toolchain/avr8/avr8-gnu-toolchain/bin/../lib/gcc/avr/5.4.0/../../../../avr/lib/avr5\libm.a(fp_pscA.o)
 .data          0x00000000        0x0 c:/program files (x86)/atmel/studio/7.0/toolchain/avr8/avr8-gnu-toolchain/bin/../lib/gcc/avr/5.4.0/../../../../avr/lib/avr5\libm.a(fp_pscA.o)
 .bss           0x00000000        0x0 c:/program files (x86)/atmel/studio/7.0/toolchain/avr8/avr8-gnu-toolchain/bin/../lib/gcc/avr/5.4.0/../../../../avr/lib/avr5\libm.a(fp_pscA.o)
 .text.avr-libc.fplib
                0x00000000        0xe c:/program files (x86)/atmel/studio/7.0/toolchain/avr8/avr8-gnu-toolchain/bin/../lib/gcc/avr/5.4.0/../../../../avr/lib/avr5\libm.a(fp_pscA.o)
 .text          0x00000000        0x0 c:/program files (x86)/atmel/studio/7.0/toolchain/avr8/avr8-gnu-toolchain/bin/../lib/gcc/avr/5.4.0/../../../../avr/lib/avr5\libm.a(fp_pscB.o)
 .data          0x00000000        0x0 c:/program files (x86)/atmel/studio/7.0/toolchain/avr8/avr8-gnu-toolchain/bin/../lib/gcc/avr/5.4.0/../../../../avr/lib/avr5\libm.a(fp_pscB.o)
 .bss           0x00000000        0x0 c:/program files (x86)/atmel/studio/7.0/toolchain/avr8/avr8-gnu-toolchain/bin/../lib/gcc/avr/5.4.0/../../../../avr/lib/avr5\libm.a(fp_pscB.o)
 .text.avr-libc.fplib
                0x00000000        0xe c:/program files (x86)/atmel/studio/7.0/toolchain/avr8/avr8-gnu-toolchain/bin/../lib/gcc/avr/5.4.0/../../../../avr/lib/avr5\libm.a(fp_pscB.o)
 .text          0x00000000        0x0 c:/program files (x86)/atmel/studio/7.0/toolchain/avr8/avr8-gnu-toolchain/bin/../lib/gcc/avr/5.4.0/../../../../avr/lib/avr5\libm.a(fp_round.o)
 .data          0x00000000        0x0 c:/program files (x86)/atmel/studio/7.0/toolchain/avr8/avr8-gnu-toolchain/bin/../lib/gcc/avr/5.4.0/../../../../avr/lib/avr5\libm.a(fp_round.o)
 .bss           0x00000000        0x0 c:/program files (x86)/atmel/studio/7.0/toolchain/avr8/avr8-gnu-toolchain/bin/../lib/gcc/avr/5.4.0/../../../../avr/lib/avr5\libm.a(fp_round.o)
 .text.avr-libc.fplib
                0x00000000       0x22 c:/program files (x86)/atmel/studio/7.0/toolchain/avr8/avr8-gnu-toolchain/bin/../lib/gcc/avr/5.4.0/../../../../avr/lib/avr5\libm.a(fp_round.o)
 .text          0x00000000        0x0 c:/program files (x86)/atmel/studio/7.0/toolchain/avr8/avr8-gnu-toolchain/bin/../lib/gcc/avr/5.4.0/../../../../avr/lib/avr5\libm.a(fp_split3.o)
 .data          0x00000000        0x0 c:/program files (x86)/atmel/studio/7.0/toolchain/avr8/avr8-gnu-toolchain/bin/../lib/gcc/avr/5.4.0/../../../../avr/lib/avr5\libm.a(fp_split3.o)
 .bss           0x00000000        0x0 c:/program files (x86)/atmel/studio/7.0/toolchain/avr8/avr8-gnu-toolchain/bin/../lib/gcc/avr/5.4.0/../../../../avr/lib/avr5\libm.a(fp_split3.o)
 .text.avr-libc.fplib
                0x00000000       0x44 c:/program files (x86)/atmel/studio/7.0/toolchain/avr8/avr8-gnu-toolchain/bin/../lib/gcc/avr/5.4.0/../../../../avr/lib/avr5\libm.a(fp_split3.o)
 .text          0x00000000        0x0 c:/program files (x86)/atmel/studio/7.0/toolchain/avr8/avr8-gnu-toolchain/bin/../lib/gcc/avr/5.4.0/../../../../avr/lib/avr5\libm.a(fp_zero.o)
 .data          0x00000000        0x0 c:/program files (x86)/atmel/studio/7.0/toolchain/avr8/avr8-gnu-toolchain/bin/../lib/gcc/avr/5.4.0/../../../../avr/lib/avr5\libm.a(fp_zero.o)
 .bss           0x00000000        0x0 c:/program files (x86)/atmel/studio/7.0/toolchain/avr8/avr8-gnu-toolchain/bin/../lib/gcc/avr/5.4.0/../../../../avr/lib/avr5\libm.a(fp_zero.o)
 .text.avr-libc.fplib
                0x00000000        0xe c:/program files (x86)/atmel/studio/7.0/toolchain/avr8/avr8-gnu-toolchain/bin/../lib/gcc/avr/5.4.0/../../../../avr/lib/avr5\libm.a(fp_zero.o)
 .text          0x00000000        0x0 c:/program files (x86)/atmel/studio/7.0/toolchain/avr8/avr8-gnu-toolchain/bin/../lib/gcc/avr/5.4.0/../../../../avr/lib/avr5\libm.a(mulsf3.o)
 .data          0x00000000        0x0 c:/program files (x86)/atmel/studio/7.0/toolchain/avr8/avr8-gnu-toolchain/bin/../lib/gcc/avr/5.4.0/../../../../avr/lib/avr5\libm.a(mulsf3.o)
 .bss           0x00000000        0x0 c:/program files (x86)/atmel/studio/7.0/toolchain/avr8/avr8-gnu-toolchain/bin/../lib/gcc/avr/5.4.0/../../../../avr/lib/avr5\libm.a(mulsf3.o)
 .text.avr-libc.fplib
                0x00000000        0x8 c:/program files (x86)/atmel/studio/7.0/toolchain/avr8/avr8-gnu-toolchain/bin/../lib/gcc/avr/5.4.0/../../../../avr/lib/avr5\libm.a(mulsf3.o)
 .text          0x00000000        0x0 c:/program files (x86)/atmel/studio/7.0/toolchain/avr8/avr8-gnu-toolchain/bin/../lib/gcc/avr/5.4.0/../../../../avr/lib/avr5\libm.a(mulsf3x.o)
 .data          0x00000000        0x0 c:/program files (x86)/atmel/studio/7.0/toolchain/avr8/avr8-gnu-toolchain/bin/../lib/gcc/avr/5.4.0/../../../../avr/lib/avr5\libm.a(mulsf3x.o)
 .bss           0x00000000        0x0 c:/program files (x86)/atmel/studio/7.0/toolchain/avr8/avr8-gnu-toolchain/bin/../lib/gcc/avr/5.4.0/../../../../avr/lib/avr5\libm.a(mulsf3x.o)
 .text.avr-libc.fplib
                0x00000000       0xd2 c:/program files (x86)/atmel/studio/7.0/toolchain/avr8/avr8-gnu-toolchain/bin/../lib/gcc/avr/5.4.0/../../../../avr/lib/avr5\libm.a(mulsf3x.o)
 .text          0x00000000        0x0 c:/program files (x86)/atmel/studio/7.0/toolchain/avr8/avr8-gnu-toolchain/bin/../lib/gcc/avr/5.4.0/avr5\libgcc.a(_udivmodsi4.o)
 .data          0x00000000        0x0 c:/program files (x86)/atmel/studio/7.0/toolchain/avr8/avr8-gnu-toolchain/bin/../lib/gcc/avr/5.4.0/avr5\libgcc.a(_udivmodsi4.o)
 .bss           0x00000000        0x0 c:/program files (x86)/atmel/studio/7.0/toolchain/avr8/avr8-gnu-toolchain/bin/../lib/gcc/avr/5.4.0/avr5\libgcc.a(_udivmodsi4.o)
 .text.libgcc.mul
                0x00000000        0x0 c:/program files (x86)/atmel/studio/7.0/toolchain/avr8/avr8-gnu-toolchain/bin/../lib/gcc/avr/5.4.0/avr5\libgcc.a(_udivmodsi4.o)
 .text.libgcc   0x00000000        0x0 c:/program files (x86)/atmel/studio/7.0/toolchain/avr8/avr8-gnu-toolchain/bin/../lib/gcc/avr/5.4.0/avr5\libgcc.a(_udivmodsi4.o)
 .text.libgcc.prologue
                0x00000000        0x0 c:/program files (x86)/atmel/studio/7.0/toolchain/avr8/avr8-gnu-toolchain/bin/../lib/gcc/avr/5.4.0/avr5\libgcc.a(_udivmodsi4.o)
 .text.libgcc.builtins
                0x00000000        0x0 c:/program files (x86)/atmel/studio/7.0/toolchain/avr8/avr8-gnu-toolchain/bin/../lib/gcc/avr/5.4.0/avr5\libgcc.a(_udivmodsi4.o)
 .text.libgcc.fmul
                0x00000000        0x0 c:/program files (x86)/atmel/studio/7.0/toolchain/avr8/avr8-gnu-toolchain/bin/../lib/gcc/avr/5.4.0/avr5\libgcc.a(_udivmodsi4.o)
 .text.libgcc.fixed
                0x00000000        0x0 c:/program files (x86)/atmel/studio/7.0/toolchain/avr8/avr8-gnu-toolchain/bin/../lib/gcc/avr/5.4.0/avr5\libgcc.a(_udivmodsi4.o)
 .text          0x00000000        0x0 c:/program files (x86)/atmel/studio/7.0/toolchain/avr8/avr8-gnu-toolchain/bin/../lib/gcc/avr/5.4.0/avr5\libgcc.a(_divmodsi4.o)
 .data          0x00000000        0x0 c:/program files (x86)/atmel/studio/7.0/toolchain/avr8/avr8-gnu-toolchain/bin/../lib/gcc/avr/5.4.0/avr5\libgcc.a(_divmodsi4.o)
 .bss           0x00000000        0x0 c:/program files (x86)/atmel/studio/7.0/toolchain/avr8/avr8-gnu-toolchain/bin/../lib/gcc/avr/5.4.0/avr5\libgcc.a(_divmodsi4.o)
 .text.libgcc.mul
                0x00000000        0x0 c:/program files (x86)/atmel/studio/7.0/toolchain/avr8/avr8-gnu-toolchain/bin/../lib/gcc/avr/5.4.0/avr5\libgcc.a(_divmodsi4.o)
 .text.libgcc   0x00000000        0x0 c:/program files (x86)/atmel/studio/7.0/toolchain/avr8/avr8-gnu-toolchain/bin/../lib/gcc/avr/5.4.0/avr5\libgcc.a(_divmodsi4.o)
 .text.libgcc.prologue
                0x00000000        0x0 c:/program files (x86)/atmel/studio/7.0/toolchain/avr8/avr8-gnu-toolchain/bin/../lib/gcc/avr/5.4.0/avr5\libgcc.a(_divmodsi4.o)
 .text.libgcc.builtins
                0x00000000        0x0 c:/program files (x86)/atmel/studio/7.0/toolchain/avr8/avr8-gnu-toolchain/bin/../lib/gcc/avr/5.4.0/avr5\libgcc.a(_divmodsi4.o)
 .text.libgcc.fmul
                0x00000000        0x0 c:/program files (x86)/atmel/studio/7.0/toolchain/avr8/avr8-gnu-toolchain/bin/../lib/gcc/avr/5.4.0/avr5\libgcc.a(_divmodsi4.o)
 .text.libgcc.fixed
                0x00000000        0x0 c:/program files (x86)/atmel/studio/7.0/toolchain/avr8/avr8-gnu-toolchain/bin/../lib/gcc/avr/5.4.0/avr5\libgcc.a(_divmodsi4.o)
 .text          0x00000000        0x0 c:/program files (x86)/atmel/studio/7.0/toolchain/avr8/avr8-gnu-toolchain/bin/../lib/gcc/avr/5.4.0/avr5\libgcc.a(_negsi2.o)
 .data          0x00000000        0x0 c:/program files (x86)/atmel/studio/7.0/toolchain/avr8/avr8-gnu-toolchain/bin/../lib/gcc/avr/5.4.0/avr5\libgcc.a(_negsi2.o)
 .bss           0x00000000        0x0 c:/program files (x86)/atmel/studio/7.0/toolchain/avr8/avr8-gnu-toolchain/bin/../lib/gcc/avr/5.4.0/avr5\libgcc.a(_negsi2.o)
 .text.libgcc.mul
                0x00000000        0x0 c:/program files (x86)/atmel/studio/7.0/toolchain/avr8/avr8-gnu-toolchain/bin/../lib/gcc/avr/5.4.0/avr5\libgcc.a(_negsi2.o)
 .text.libgcc   0x00000000        0x0 c:/program files (x86)/atmel/studio/7.0/toolchain/avr8/avr8-gnu-toolchain/bin/../lib/gcc/avr/5.4.0/avr5\libgcc.a(_negsi2.o)
 .text.libgcc.prologue
                0x00000000        0x0 c:/program files (x86)/atmel/studio/7.0/toolchain/avr8/avr8-gnu-toolchain/bin/../lib/gcc/avr/5.4.0/avr5\libgcc.a(_negsi2.o)
 .text.libgcc.builtins
                0x00000000        0x0 c:/program files (x86)/atmel/studio/7.0/toolchain/avr8/avr8-gnu-toolchain/bin/../lib/gcc/avr/5.4.0/avr5\libgcc.a(_negsi2.o)
 .text.libgcc.fmul
                0x00000000        0x0 c:/program files (x86)/atmel/studio/7.0/toolchain/avr8/avr8-gnu-toolchain/bin/../lib/gcc/avr/5.4.0/avr5\libgcc.a(_negsi2.o)
 .text.libgcc.fixed
                0x00000000        0x0 c:/program files (x86)/atmel/studio/7.0/toolchain/avr8/avr8-gnu-toolchain/bin/../lib/gcc/avr/5.4.0/avr5\libgcc.a(_negsi2.o)
 .text          0x00000000        0x0 c:/program files (x86)/atmel/studio/7.0/toolchain/avr8/avr8-gnu-toolchain/bin/../lib/gcc/avr/5.4.0/avr5\libgcc.a(_exit.o)
 .data          0x00000000        0x0 c:/program files (x86)/atmel/studio/7.0/toolchain/avr8/avr8-gnu-toolchain/bin/../lib/gcc/avr/5.4.0/avr5\libgcc.a(_exit.o)
 .bss           0x00000000        0x0 c:/program files (x86)/atmel/studio/7.0/toolchain/avr8/avr8-gnu-toolchain/bin/../lib/gcc/avr/5.4.0/avr5\libgcc.a(_exit.o)
 .text.libgcc.mul
                0x00000000        0x0 c:/program files (x86)/atmel/studio/7.0/toolchain/avr8/avr8-gnu-toolchain/bin/../lib/gcc/avr/5.4.0/avr5\libgcc.a(_exit.o)
 .text.libgcc.div
                0x00000000        0x0 c:/program files (x86)/atmel/studio/7.0/toolchain/avr8/avr8-gnu-toolchain/bin/../lib/gcc/avr/5.4.0/avr5\libgcc.a(_exit.o)
 .text.libgcc   0x00000000        0x0 c:/program files (x86)/atmel/studio/7.0/toolchain/avr8/avr8-gnu-toolchain/bin/../lib/gcc/avr/5.4.0/avr5\libgcc.a(_exit.o)
 .text.libgcc.prologue
                0x00000000        0x0 c:/program files (x86)/atmel/studio/7.0/toolchain/avr8/avr8-gnu-toolchain/bin/../lib/gcc/avr/5.4.0/avr5\libgcc.a(_exit.o)
 .text.libgcc.builtins
                0x00000000        0x0 c:/program files (x86)/atmel/studio/7.0/toolchain/avr8/avr8-gnu-toolchain/bin/../lib/gcc/avr/5.4.0/avr5\libgcc.a(_exit.o)
 .text.libgcc.fmul
                0x00000000        0x0 c:/program files (x86)/atmel/studio/7.0/toolchain/avr8/avr8-gnu-toolchain/bin/../lib/gcc/avr/5.4.0/avr5\libgcc.a(_exit.o)
 .text.libgcc.fixed
                0x00000000        0x0 c:/program files (x86)/atmel/studio/7.0/toolchain/avr8/avr8-gnu-toolchain/bin/../lib/gcc/avr/5.4.0/avr5\libgcc.a(_exit.o)
 .text          0x00000000        0x0 c:/program files (x86)/atmel/studio/7.0/toolchain/avr8/avr8-gnu-toolchain/bin/../lib/gcc/avr/5.4.0/avr5\libgcc.a(_tablejump2.o)
 .data          0x00000000        0x0 c:/program files (x86)/atmel/studio/7.0/toolchain/avr8/avr8-gnu-toolchain/bin/../lib/gcc/avr/5.4.0/avr5\libgcc.a(_tablejump2.o)
 .bss           0x00000000        0x0 c:/program files (x86)/atmel/studio/7.0/toolchain/avr8/avr8-gnu-toolchain/bin/../lib/gcc/avr/5.4.0/avr5\libgcc.a(_tablejump2.o)
 .text.libgcc.mul
                0x00000000        0x0 c:/program files (x86)/atmel/studio/7.0/toolchain/avr8/avr8-gnu-toolchain/bin/../lib/gcc/avr/5.4.0/avr5\libgcc.a(_tablejump2.o)
 .text.libgcc.div
                0x00000000        0x0 c:/program files (x86)/atmel/studio/7.0/toolchain/avr8/avr8-gnu-toolchain/bin/../lib/gcc/avr/5.4.0/avr5\libgcc.a(_tablejump2.o)
 .text.libgcc.prologue
                0x00000000        0x0 c:/program files (x86)/atmel/studio/7.0/toolchain/avr8/avr8-gnu-toolchain/bin/../lib/gcc/avr/5.4.0/avr5\libgcc.a(_tablejump2.o)
 .text.libgcc.builtins
                0x00000000        0x0 c:/program files (x86)/atmel/studio/7.0/toolchain/avr8/avr8-gnu-toolchain/bin/../lib/gcc/avr/5.4.0/avr5\libgcc.a(_tablejump2.o)
 .text.libgcc.fmul
                0x00000000        0x0 c:/program files (x86)/atmel/studio/7.0/toolchain/avr8/avr8-gnu-toolchain/bin/../lib/gcc/avr/5.4.0/avr5\libgcc.a(_tablejump2.o)
 .text.libgcc.fixed
                0x00000000        0x0 c:/program files (x86)/atmel/studio/7.0/toolchain/avr8/avr8-gnu-toolchain/bin/../lib/gcc/avr/5.4.0/avr5\libgcc.a(_tablejump2.o)
 .text          0x00000000        0x0 c:/program files (x86)/atmel/studio/7.0/toolchain/avr8/avr8-gnu-toolchain/bin/../lib/gcc/avr/5.4.0/avr5\libgcc.a(_copy_data.o)
 .data          0x00000000        0x0 c:/program files (x86)/atmel/studio/7.0/toolchain/avr8/avr8-gnu-toolchain/bin/../lib/gcc/avr/5.4.0/avr5\libgcc.a(_copy_data.o)
 .bss           0x00000000        0x0 c:/program files (x86)/atmel/studio/7.0/toolchain/avr8/avr8-gnu-toolchain/bin/../lib/gcc/avr/5.4.0/avr5\libgcc.a(_copy_data.o)
 .text.libgcc.mul
                0x00000000        0x0 c:/program files (x86)/atmel/studio/7.0/toolchain/avr8/avr8-gnu-toolchain/bin/../lib/gcc/avr/5.4.0/avr5\libgcc.a(_copy_data.o)
 .text.libgcc.div
                0x00000000        0x0 c:/program files (x86)/atmel/studio/7.0/toolchain/avr8/avr8-gnu-toolchain/bin/../lib/gcc/avr/5.4.0/avr5\libgcc.a(_copy_data.o)
 .text.libgcc   0x00000000        0x0 c:/program files (x86)/atmel/studio/7.0/toolchain/avr8/avr8-gnu-toolchain/bin/../lib/gcc/avr/5.4.0/avr5\libgcc.a(_copy_data.o)
 .text.libgcc.prologue
                0x00000000        0x0 c:/program files (x86)/atmel/studio/7.0/toolchain/avr8/avr8-gnu-toolchain/bin/../lib/gcc/avr/5.4.0/avr5\libgcc.a(_copy_data.o)
 .text.libgcc.builtins
                0x00000000        0x0 c:/program files (x86)/atmel/studio/7.0/toolchain/avr8/avr8-gnu-toolchain/bin/../lib/gcc/avr/5.4.0/avr5\libgcc.a(_copy_data.o)
 .text.libgcc.fmul
                0x00000000        0x0 c:/program files (x86)/atmel/studio/7.0/toolchain/avr8/avr8-gnu-toolchain/bin/../lib/gcc/avr/5.4.0/avr5\libgcc.a(_copy_data.o)
 .text.libgcc.fixed
                0x00000000        0x0 c:/program files (x86)/atmel/studio/7.0/toolchain/avr8/avr8-gnu-toolchain/bin/../lib/gcc/avr/5.4.0/avr5\libgcc.a(_copy_data.o)
 .text          0x00000000        0x0 c:/program files (x86)/atmel/studio/7.0/toolchain/avr8/avr8-gnu-toolchain/bin/../lib/gcc/avr/5.4.0/avr5\libgcc.a(_clear_bss.o)
 .data          0x00000000        0x0 c:/program files (x86)/atmel/studio/7.0/toolchain/avr8/avr8-gnu-toolchain/bin/../lib/gcc/avr/5.4.0/avr5\libgcc.a(_clear_bss.o)
 .bss           0x00000000        0x0 c:/program files (x86)/atmel/studio/7.0/toolchain/avr8/avr8-gnu-toolchain/bin/../lib/gcc/avr/5.4.0/avr5\libgcc.a(_clear_bss.o)
 .text.libgcc.mul
                0x00000000        0x0 c:/program files (x86)/atmel/studio/7.0/toolchain/avr8/avr8-gnu-toolchain/bin/../lib/gcc/avr/5.4.0/avr5\libgcc.a(_clear_bss.o)
 .text.libgcc.div
                0x00000000        0x0 c:/program files (x86)/atmel/studio/7.0/toolchain/avr8/avr8-gnu-toolchain/bin/../lib/gcc/avr/5.4.0/avr5\libgcc.a(_clear_bss.o)
 .text.libgcc   0x00000000        0x0 c:/program files (x86)/atmel/studio/7.0/toolchain/avr8/avr8-gnu-toolchain/bin/../lib/gcc/avr/5.4.0/avr5\libgcc.a(_clear_bss.o)
 .text.libgcc.prologue
                0x00000000        0x0 c:/program files (x86)/atmel/studio/7.0/toolchain/avr8/avr8-gnu-toolchain/bin/../lib/gcc/avr/5.4.0/avr5\libgcc.a(_clear_bss.o)
 .text.libgcc.builtins
                0x00000000        0x0 c:/program files (x86)/atmel/studio/7.0/toolchain/avr8/avr8-gnu-toolchain/bin/../lib/gcc/avr/5.4.0/avr5\libgcc.a(_clear_bss.o)
 .text.libgcc.fmul
                0x00000000        0x0 c:/program files (x86)/atmel/studio/7.0/toolchain/avr8/avr8-gnu-toolchain/bin/../lib/gcc/avr/5.4.0/avr5\libgcc.a(_clear_bss.o)
 .text.libgcc.fixed
                0x00000000        0x0 c:/program files (x86)/atmel/studio/7.0/toolchain/avr8/avr8-gnu-toolchain/bin/../lib/gcc/avr/5.4.0/avr5\libgcc.a(_clear_bss.o)
 .text          0x00000000        0x0 c:/program files (x86)/atmel/studio/7.0/toolchain/avr8/avr8-gnu-toolchain/bin/../lib/gcc/avr/5.4.0/../../../../avr/lib/avr5\libc.a(memcpy.o)
 .data          0x00000000        0x0 c:/program files (x86)/atmel/studio/7.0/toolchain/avr8/avr8-gnu-toolchain/bin/../lib/gcc/avr/5.4.0/../../../../avr/lib/avr5\libc.a(memcpy.o)
 .bss           0x00000000        0x0 c:/program files (x86)/atmel/studio/7.0/toolchain/avr8/avr8-gnu-toolchain/bin/../lib/gcc/avr/5.4.0/../../../../avr/lib/avr5\libc.a(memcpy.o)
 .text.avr-libc
                0x00000000       0x12 c:/program files (x86)/atmel/studio/7.0/toolchain/avr8/avr8-gnu-toolchain/bin/../lib/gcc/avr/5.4.0/../../../../avr/lib/avr5\libc.a(memcpy.o)

Memory Configuration

Name             Origin             Length             Attributes
text             0x00000000         0x00008000         xr
data             0x00800060         0x00000800         rw !x
eeprom           0x00810000         0x00000400         rw !x
fuse             0x00820000         0x00000002         rw !x
lock             0x00830000         0x00000400         rw !x
signature        0x00840000         0x00000400         rw !x
user_signatures  0x00850000         0x00000400         rw !x
*default*        0x00000000         0xffffffff

Linker script and memory map

LOAD C:/Program Files (x86)/Atmel/Studio/7.0/Packs/atmel/ATmega_DFP/1.7.374/gcc/dev/atmega32/avr5/crtatmega32.o
LOAD HAL/Button/Button.o
LOAD HAL/KEYPAD/KEYPAD.o
LOAD HAL/LCD/LCD.o
LOAD HAL/LED/LED.o
LOAD HAL/SevenSeg/SevenSeg.o
LOAD main.o
LOAD MCAL/ADC/ADC.o
LOAD MCAL/DIO/DIO.o
LOAD MCAL/EXT/EXT.o
LOAD MCAL/GIE/GIE.o
LOAD MCAL/I2C/I2C.o
LOAD MCAL/SPI/SPI.o
LOAD MCAL/Timer0/Timer0.o
LOAD MCAL/TWI/TWI_prog.o
LOAD MCAL/UART/UART.o
LOAD MCAL/WDT/WDT.o
LOAD RTOS/heap_2.o
LOAD RTOS/list.o
LOAD RTOS/port.o
LOAD RTOS/queue.o
LOAD RTOS/tasks.o
START GROUP
LOAD c:/program files (x86)/atmel/studio/7.0/toolchain/avr8/avr8-gnu-toolchain/bin/../lib/gcc/avr/5.4.0/../../../../avr/lib/avr5\libm.a
END GROUP
START GROUP
LOAD c:/program files (x86)/atmel/studio/7.0/toolchain/avr8/avr8-gnu-toolchain/bin/../lib/gcc/avr/5.4.0/avr5\libgcc.a
LOAD c:/program files (x86)/atmel/studio/7.0/toolchain/avr8/avr8-gnu-toolchain/bin/../lib/gcc/avr/5.4.0/../../../../avr/lib/avr5\libm.a
LOAD c:/program files (x86)/atmel/studio/7.0/toolchain/avr8/avr8-gnu-toolchain/bin/../lib/gcc/avr/5.4.0/../../../../avr/lib/avr5\libc.a
LOAD C:/Program Files (x86)/Atmel/Studio/7.0/Packs/atmel/ATmega_DFP/1.7.374/gcc/dev/atmega32/avr5\libatmega32.a
END GROUP
                0x00000000                __TEXT_REGION_ORIGIN__ = DEFINED (__TEXT_REGION_ORIGIN__)?__TEXT_REGION_ORIGIN__:0x0
                [0x00800060]                __DATA_REGION_ORIGIN__ = DEFINED (__DATA_REGION_ORIGIN__)?__DATA_REGION_ORIGIN__:0x800060
                [0x00008000]                __TEXT_REGION_LENGTH__ = DEFINED (__TEXT_REGION_LENGTH__)?__TEXT_REGION_LENGTH__:0x20000
                [0x00000800]                __DATA_REGION_LENGTH__ = DEFINED (__DATA_REGION_LENGTH__)?__DATA_REGION_LENGTH__:0xffa0
                [0x00000400]                __EEPROM_REGION_LENGTH__ = DEFINED (__EEPROM_REGION_LENGTH__)?__EEPROM_REGION_LENGTH__:0x10000
                [0x00000002]                __FUSE_REGION_LENGTH__ = DEFINED (__FUSE_REGION_LENGTH__)?__FUSE_REGION_LENGTH__:0x400
                0x00000400                __LOCK_REGION_LENGTH__ = DEFINED (__LOCK_REGION_LENGTH__)?__LOCK_REGION_LENGTH__:0x400
                0x00000400                __SIGNATURE_REGION_LENGTH__ = DEFINED (__SIGNATURE_REGION_LENGTH__)?__SIGNATURE_REGION_LENGTH__:0x400
                0x00000400                __USER_SIGNATURE_REGION_LENGTH__ = DEFINED (__USER_SIGNATURE_REGION_LENGTH__)?__USER_SIGNATURE_REGION_LENGTH__:0x400

.hash
 *(.hash)

.dynsym
 *(.dynsym)

.dynstr
 *(.dynstr)

.gnu.version
 *(.gnu.version)

.gnu.version_d
 *(.gnu.version_d)

.gnu.version_r
 *(.gnu.version_r)

.rel.init
 *(.rel.init)

.rela.init
 *(.rela.init)

.rel.text
 *(.rel.text)
 *(.rel.text.*)
 *(.rel.gnu.linkonce.t*)

.rela.text
 *(.rela.text)
 *(.rela.text.*)
 *(.rela.gnu.linkonce.t*)

.rel.fini
 *(.rel.fini)

.rela.fini
 *(.rela.fini)

.rel.rodata
 *(.rel.rodata)
 *(.rel.rodata.*)
 *(.rel.gnu.linkonce.r*)

.rela.rodata
 *(.rela.rodata)
 *(.rela.rodata.*)
 *(.rela.gnu.linkonce.r*)

.rel.data
 *(.rel.data)
 *(.rel.data.*)
 *(.rel.gnu.linkonce.d*)

.rela.data
 *(.rela.data)
 *(.rela.data.*)
 *(.rela.gnu.linkonce.d*)

.rel.ctors
 *(.rel.ctors)

.rela.ctors
 *(.rela.ctors)

.rel.dtors
 *(.rel.dtors)

.rela.dtors
 *(.rela.dtors)

.rel.got
 *(.rel.got)

.rela.got
 *(.rela.got)

.rel.bss
 *(.rel.bss)

.rela.bss
 *(.rela.bss)

.rel.plt
 *(.rel.plt)

.rela.plt
 *(.rela.plt)

.text           0x00000000     0x1732
 *(.vectors)
 .vectors       0x00000000       0x54 C:/Program Files (x86)/Atmel/Studio/7.0/Packs/atmel/ATmega_DFP/1.7.374/gcc/dev/atmega32/avr5/crtatmega32.o
                0x00000000                __vector_default
                0x00000000                __vectors
 *(.vectors)
 *(.progmem.gcc*)
 .progmem.gcc_sw_table.Task_Keypad
                0x00000054        0xe main.o
                0x00000062                . = ALIGN (0x2)
                0x00000062                __trampolines_start = .
 *(.trampolines)
 .trampolines   0x00000062        0x0 linker stubs
 *(.trampolines*)
                0x00000062                __trampolines_end = .
 *libprintf_flt.a:*(.progmem.data)
 *libc.a:*(.progmem.data)
 *(.progmem*)
                0x00000062                . = ALIGN (0x2)
 *(.jumptables)
 *(.jumptables*)
 *(.lowtext)
 *(.lowtext*)
                0x00000062                __ctors_start = .
 *(.ctors)
                0x00000062                __ctors_end = .
                0x00000062                __dtors_start = .
 *(.dtors)
                0x00000062                __dtors_end = .
 SORT(*)(.ctors)
 SORT(*)(.dtors)
 *(.init0)
 .init0         0x00000062        0x0 C:/Program Files (x86)/Atmel/Studio/7.0/Packs/atmel/ATmega_DFP/1.7.374/gcc/dev/atmega32/avr5/crtatmega32.o
                0x00000062                __init
 *(.init0)
 *(.init1)
 *(.init1)
 *(.init2)
 .init2         0x00000062        0xc C:/Program Files (x86)/Atmel/Studio/7.0/Packs/atmel/ATmega_DFP/1.7.374/gcc/dev/atmega32/avr5/crtatmega32.o
 *(.init2)
 *(.init3)
 *(.init3)
 *(.init4)
 .init4         0x0000006e       0x16 c:/program files (x86)/atmel/studio/7.0/toolchain/avr8/avr8-gnu-toolchain/bin/../lib/gcc/avr/5.4.0/avr5\libgcc.a(_copy_data.o)
                0x0000006e                __do_copy_data
 .init4         0x00000084       0x10 c:/program files (x86)/atmel/studio/7.0/toolchain/avr8/avr8-gnu-toolchain/bin/../lib/gcc/avr/5.4.0/avr5\libgcc.a(_clear_bss.o)
                0x00000084                __do_clear_bss
 *(.init4)
 *(.init5)
 *(.init5)
 *(.init6)
 *(.init6)
 *(.init7)
 *(.init7)
 *(.init8)
 *(.init8)
 *(.init9)
 .init9         0x00000094        0x8 C:/Program Files (x86)/Atmel/Studio/7.0/Packs/atmel/ATmega_DFP/1.7.374/gcc/dev/atmega32/avr5/crtatmega32.o
 *(.init9)
 *(.text)
 .text          0x0000009c        0x4 C:/Program Files (x86)/Atmel/Studio/7.0/Packs/atmel/ATmega_DFP/1.7.374/gcc/dev/atmega32/avr5/crtatmega32.o
                0x0000009c                __vector_12
                0x0000009c                __bad_interrupt
                0x0000009c                __vector_6
                0x0000009c                __vector_13
                0x0000009c                __vector_17
                0x0000009c                __vector_19
                0x0000009c                __vector_5
                0x0000009c                __vector_4
                0x0000009c                __vector_9
                0x0000009c                __vector_15
                0x0000009c                __vector_8
                0x0000009c                __vector_14
                0x0000009c                __vector_16
                0x0000009c                __vector_18
                0x0000009c                __vector_20
                0x000000a0                . = ALIGN (0x2)
 *(.text.*)
 .text.KEYPAD_init
                0x000000a0       0x4a HAL/KEYPAD/KEYPAD.o
                0x000000a0                KEYPAD_init
 .text.KEYPAD_read
                0x000000ea      0x114 HAL/KEYPAD/KEYPAD.o
                0x000000ea                KEYPAD_read
 .text.get_input_from_user
                0x000001fe       0x30 HAL/KEYPAD/KEYPAD.o
                0x000001fe                get_input_from_user
 .text.LCD_write_char
                0x0000022e       0xe0 HAL/LCD/LCD.o
                0x0000022e                LCD_write_char
 .text.LCD_write_command
                0x0000030e       0xe0 HAL/LCD/LCD.o
                0x0000030e                LCD_write_command
 .text.LCD_init
                0x000003ee       0x68 HAL/LCD/LCD.o
                0x000003ee                LCD_init
 .text.LCD_write_number
                0x00000456       0xba HAL/LCD/LCD.o
                0x00000456                LCD_write_number
 .text.LCD_write_string
                0x00000510       0x26 HAL/LCD/LCD.o
                0x00000510                LCD_write_string
 .text.led_init
                0x00000536        0x8 HAL/LED/LED.o
                0x00000536                led_init
 .text.led_on   0x0000053e        0x8 HAL/LED/LED.o
                0x0000053e                led_on
 .text.led_off  0x00000546        0x8 HAL/LED/LED.o
                0x00000546                led_off
 .text.Task_Keypad
                0x0000054e       0xa6 main.o
                0x0000054e                Task_Keypad
 .text.Task_Measure
                0x000005f4       0x48 main.o
                0x000005f4                Task_Measure
 .text.main     0x0000063c       0x44 main.o
                0x0000063c                main
 .text.DIO_voidSetPinDirection
                0x00000680       0xe8 MCAL/DIO/DIO.o
                0x00000680                DIO_voidSetPinDirection
 .text.DIO_voidSetPinValue
                0x00000768       0xe8 MCAL/DIO/DIO.o
                0x00000768                DIO_voidSetPinValue
 .text.__vector_1
                0x00000850       0x4e MCAL/EXT/EXT.o
                0x00000850                __vector_1
 .text.__vector_2
                0x0000089e       0x4e MCAL/EXT/EXT.o
                0x0000089e                __vector_2
 .text.__vector_3
                0x000008ec       0x4e MCAL/EXT/EXT.o
                0x000008ec                __vector_3
 .text.__vector_11
                0x0000093a       0x4e MCAL/Timer0/Timer0.o
                0x0000093a                __vector_11
 .text.__vector_10
                0x00000988       0x4e MCAL/Timer0/Timer0.o
                0x00000988                __vector_10
 .text.prvHeapInit
                0x000009d6       0x36 RTOS/heap_2.o
 .text.pvPortMalloc
                0x00000a0c       0xf8 RTOS/heap_2.o
                0x00000a0c                pvPortMalloc
 .text.vPortFree
                0x00000b04       0x66 RTOS/heap_2.o
                0x00000b04                vPortFree
 .text.vListInitialise
                0x00000b6a       0x1c RTOS/list.o
                0x00000b6a                vListInitialise
 .text.vListInitialiseItem
                0x00000b86        0x8 RTOS/list.o
                0x00000b86                vListInitialiseItem
 .text.vListInsertEnd
                0x00000b8e       0x42 RTOS/list.o
                0x00000b8e                vListInsertEnd
 .text.vListInsert
                0x00000bd0       0x62 RTOS/list.o
                0x00000bd0                vListInsert
 .text.uxListRemove
                0x00000c32       0x4c RTOS/list.o
                0x00000c32                uxListRemove
 .text.prvSetupTimerInterrupt
                0x00000c7e       0x12 RTOS/port.o
 .text.pxPortInitialiseStack
                0x00000c90       0xd8 RTOS/port.o
                0x00000c90                pxPortInitialiseStack
 .text.xPortStartScheduler
                0x00000d68       0x5e RTOS/port.o
                0x00000d68                xPortStartScheduler
 .text.vPortYield
                0x00000dc6       0xb2 RTOS/port.o
                0x00000dc6                vPortYield
 .text.vPortYieldFromTick
                0x00000e78       0xb8 RTOS/port.o
                0x00000e78                vPortYieldFromTick
 .text.__vector_7
                0x00000f30        0x6 RTOS/port.o
                0x00000f30                __vector_7
 .text.prvResetNextTaskUnblockTime
                0x00000f36       0x3e RTOS/tasks.o
 .text.prvDeleteTCB
                0x00000f74       0x1a RTOS/tasks.o
 .text.prvInitialiseNewTask
                0x00000f8e       0xd6 RTOS/tasks.o
 .text.prvInitialiseTaskLists
                0x00001064       0x66 RTOS/tasks.o
 .text.prvAddNewTaskToReadyList
                0x000010ca       0xb8 RTOS/tasks.o
 .text.prvAddCurrentTaskToDelayedList
                0x00001182       0x88 RTOS/tasks.o
 .text.xTaskCreate
                0x0000120a       0xa8 RTOS/tasks.o
                0x0000120a                xTaskCreate
 .text.vTaskStartScheduler
                0x000012b2       0x54 RTOS/tasks.o
                0x000012b2                vTaskStartScheduler
 .text.vTaskSuspendAll
                0x00001306        0xc RTOS/tasks.o
                0x00001306                vTaskSuspendAll
 .text.xTaskIncrementTick
                0x00001312      0x174 RTOS/tasks.o
                0x00001312                xTaskIncrementTick
 .text.xTaskResumeAll
                0x00001486       0xe4 RTOS/tasks.o
                0x00001486                xTaskResumeAll
 .text.vTaskDelay
                0x0000156a       0x2c RTOS/tasks.o
                0x0000156a                vTaskDelay
 .text.prvCheckTasksWaitingTermination
                0x00001596       0x5c RTOS/tasks.o
 .text.prvIdleTask
                0x000015f2        0x6 RTOS/tasks.o
 .text.vTaskSwitchContext
                0x000015f8       0xa8 RTOS/tasks.o
                0x000015f8                vTaskSwitchContext
 .text.libgcc.div
                0x000016a0       0x44 c:/program files (x86)/atmel/studio/7.0/toolchain/avr8/avr8-gnu-toolchain/bin/../lib/gcc/avr/5.4.0/avr5\libgcc.a(_udivmodsi4.o)
                0x000016a0                __udivmodsi4
 .text.libgcc.div
                0x000016e4       0x2e c:/program files (x86)/atmel/studio/7.0/toolchain/avr8/avr8-gnu-toolchain/bin/../lib/gcc/avr/5.4.0/avr5\libgcc.a(_divmodsi4.o)
                0x000016e4                __divmodsi4
 .text.libgcc.div
                0x00001712       0x10 c:/program files (x86)/atmel/studio/7.0/toolchain/avr8/avr8-gnu-toolchain/bin/../lib/gcc/avr/5.4.0/avr5\libgcc.a(_negsi2.o)
                0x00001712                __negsi2
 .text.libgcc   0x00001722        0xc c:/program files (x86)/atmel/studio/7.0/toolchain/avr8/avr8-gnu-toolchain/bin/../lib/gcc/avr/5.4.0/avr5\libgcc.a(_tablejump2.o)
                0x00001722                __tablejump2__
                0x0000172e                . = ALIGN (0x2)
 *(.fini9)
 .fini9         0x0000172e        0x0 c:/program files (x86)/atmel/studio/7.0/toolchain/avr8/avr8-gnu-toolchain/bin/../lib/gcc/avr/5.4.0/avr5\libgcc.a(_exit.o)
                0x0000172e                _exit
                0x0000172e                exit
 *(.fini9)
 *(.fini8)
 *(.fini8)
 *(.fini7)
 *(.fini7)
 *(.fini6)
 *(.fini6)
 *(.fini5)
 *(.fini5)
 *(.fini4)
 *(.fini4)
 *(.fini3)
 *(.fini3)
 *(.fini2)
 *(.fini2)
 *(.fini1)
 *(.fini1)
 *(.fini0)
 .fini0         0x0000172e        0x4 c:/program files (x86)/atmel/studio/7.0/toolchain/avr8/avr8-gnu-toolchain/bin/../lib/gcc/avr/5.4.0/avr5\libgcc.a(_exit.o)
 *(.fini0)
                0x00001732                _etext = .

.data           0x00800060       0x3c load address 0x00001732
                0x00800060                PROVIDE (__data_start, .)
 *(.data)
 *(.data*)
 .data.xFreeBytesRemaining
                0x00800060        0x2 RTOS/heap_2.o
 *(.gnu.linkonce.d*)
 *(.rodata)
 *(.rodata*)
 .rodata.str1.1
                0x00800062       0x34 main.o
 .rodata.str1.1
                0x00800096        0x5 RTOS/tasks.o
 *(.gnu.linkonce.r*)
                0x0080009c                . = ALIGN (0x2)
 *fill*         0x0080009b        0x1 
                0x0080009c                _edata = .
                0x0080009c                PROVIDE (__data_end, .)

.bss            0x0080009c      0x488
                0x0080009c                PROVIDE (__bss_start, .)
 *(.bss)
 *(.bss*)
 .bss.flag.2158
                0x0080009c        0x1 main.o
 .bss.SENSOR_PUSH_BUTTON
                0x0080009d        0x1 main.o
                0x0080009d                SENSOR_PUSH_BUTTON
 .bss.Message   0x0080009e        0x1 main.o
                0x0080009e                Message
 .bss.State     0x0080009f        0x1 main.o
                0x0080009f                State
 .bss.Direction
                0x008000a0        0x1 main.o
                0x008000a0                Direction
 .bss.ptr_EXT3  0x008000a1        0x2 MCAL/EXT/EXT.o
                0x008000a1                ptr_EXT3
 .bss.ptr_EXT2  0x008000a3        0x2 MCAL/EXT/EXT.o
                0x008000a3                ptr_EXT2
 .bss.ptr_EXT1  0x008000a5        0x2 MCAL/EXT/EXT.o
                0x008000a5                ptr_EXT1
 .bss.ptr_t0    0x008000a7        0x2 MCAL/Timer0/Timer0.o
                0x008000a7                ptr_t0
 .bss.xHeapHasBeenInitialised.2079
                0x008000a9        0x1 RTOS/heap_2.o
 .bss.xEnd      0x008000aa        0x4 RTOS/heap_2.o
 .bss.xStart    0x008000ae        0x4 RTOS/heap_2.o
 .bss.ucHeap    0x008000b2      0x3e8 RTOS/heap_2.o
 .bss.uxSchedulerSuspended
                0x0080049a        0x1 RTOS/tasks.o
 .bss.xIdleTaskHandle
                0x0080049b        0x2 RTOS/tasks.o
 .bss.xNextTaskUnblockTime
                0x0080049d        0x2 RTOS/tasks.o
 .bss.uxTaskNumber
                0x0080049f        0x1 RTOS/tasks.o
 .bss.xNumOfOverflows
                0x008004a0        0x1 RTOS/tasks.o
 .bss.xYieldPending
                0x008004a1        0x1 RTOS/tasks.o
 .bss.uxPendedTicks
                0x008004a2        0x1 RTOS/tasks.o
 .bss.xSchedulerRunning
                0x008004a3        0x1 RTOS/tasks.o
 .bss.uxTopReadyPriority
                0x008004a4        0x1 RTOS/tasks.o
 .bss.xTickCount
                0x008004a5        0x2 RTOS/tasks.o
 .bss.uxCurrentNumberOfTasks
                0x008004a7        0x1 RTOS/tasks.o
 .bss.uxDeletedTasksWaitingCleanUp
                0x008004a8        0x1 RTOS/tasks.o
 .bss.xTasksWaitingTermination
                0x008004a9        0x9 RTOS/tasks.o
 .bss.xPendingReadyList
                0x008004b2        0x9 RTOS/tasks.o
 .bss.pxOverflowDelayedTaskList
                0x008004bb        0x2 RTOS/tasks.o
 .bss.pxDelayedTaskList
                0x008004bd        0x2 RTOS/tasks.o
 .bss.xDelayedTaskList2
                0x008004bf        0x9 RTOS/tasks.o
 .bss.xDelayedTaskList1
                0x008004c8        0x9 RTOS/tasks.o
 .bss.pxReadyTasksLists
                0x008004d1       0x51 RTOS/tasks.o
 .bss.pxCurrentTCB
                0x00800522        0x2 RTOS/tasks.o
                0x00800522                pxCurrentTCB
 *(COMMON)
                0x00800524                PROVIDE (__bss_end, .)
                0x00001732                __data_load_start = LOADADDR (.data)
                0x0000176e                __data_load_end = (__data_load_start + SIZEOF (.data))

.noinit         0x00800524        0x0
                [!provide]                PROVIDE (__noinit_start, .)
 *(.noinit*)
                [!provide]                PROVIDE (__noinit_end, .)
                0x00800524                _end = .
                [!provide]                PROVIDE (__heap_start, .)

.eeprom         0x00810000        0x0
 *(.eeprom*)
                0x00810000                __eeprom_end = .

.fuse
 *(.fuse)
 *(.lfuse)
 *(.hfuse)
 *(.efuse)

.lock
 *(.lock*)

.signature
 *(.signature*)

.user_signatures
 *(.user_signatures*)

.stab
 *(.stab)

.stabstr
 *(.stabstr)

.stab.excl
 *(.stab.excl)

.stab.exclstr
 *(.stab.exclstr)

.stab.index
 *(.stab.index)

.stab.indexstr
 *(.stab.indexstr)

.comment        0x00000000       0x30
 *(.comment)
 .comment       0x00000000       0x30 HAL/KEYPAD/KEYPAD.o
                                 0x31 (size before relaxing)
 .comment       0x00000030       0x31 HAL/LCD/LCD.o
 .comment       0x00000030       0x31 HAL/LED/LED.o
 .comment       0x00000030       0x31 main.o
 .comment       0x00000030       0x31 MCAL/DIO/DIO.o
 .comment       0x00000030       0x31 MCAL/EXT/EXT.o
 .comment       0x00000030       0x31 MCAL/Timer0/Timer0.o
 .comment       0x00000030       0x31 RTOS/heap_2.o
 .comment       0x00000030       0x31 RTOS/list.o
 .comment       0x00000030       0x31 RTOS/port.o
 .comment       0x00000030       0x31 RTOS/tasks.o

.note.gnu.avr.deviceinfo
                0x00000000       0x3c
 .note.gnu.avr.deviceinfo
                0x00000000       0x3c C:/Program Files (x86)/Atmel/Studio/7.0/Packs/atmel/ATmega_DFP/1.7.374/gcc/dev/atmega32/avr5/crtatmega32.o

.note.gnu.build-id
 *(.note.gnu.build-id)

.debug
 *(.debug)

.line
 *(.line)

.debug_srcinfo
 *(.debug_srcinfo)

.debug_sfnames
 *(.debug_sfnames)

.debug_aranges  0x00000000      0x408
 *(.debug_aranges)
 .debug_aranges
                0x00000000       0x30 HAL/KEYPAD/KEYPAD.o
 .debug_aranges
                0x00000030       0x50 HAL/LCD/LCD.o
 .debug_aranges
                0x00000080       0x38 HAL/LED/LED.o
 .debug_aranges
                0x000000b8       0x30 main.o
 .debug_aranges
                0x000000e8       0x40 MCAL/DIO/DIO.o
 .debug_aranges
                0x00000128       0x40 MCAL/EXT/EXT.o
 .debug_aranges
                0x00000168       0x70 MCAL/Timer0/Timer0.o
 .debug_aranges
                0x000001d8       0x40 RTOS/heap_2.o
 .debug_aranges
                0x00000218       0x40 RTOS/list.o
 .debug_aranges
                0x00000258       0x50 RTOS/port.o
 .debug_aranges
                0x000002a8      0x160 RTOS/tasks.o

.debug_pubnames
 *(.debug_pubnames)

.debug_info     0x00000000     0x4006
 *(.debug_info .gnu.linkonce.wi.*)
 .debug_info    0x00000000      0x4e6 C:/Program Files (x86)/Atmel/Studio/7.0/Packs/atmel/ATmega_DFP/1.7.374/gcc/dev/atmega32/avr5/crtatmega32.o
 .debug_info    0x000004e6      0x2b1 HAL/KEYPAD/KEYPAD.o
 .debug_info    0x00000797      0x590 HAL/LCD/LCD.o
 .debug_info    0x00000d27      0x233 HAL/LED/LED.o
 .debug_info    0x00000f5a      0x455 main.o
 .debug_info    0x000013af      0x21c MCAL/DIO/DIO.o
 .debug_info    0x000015cb      0x25e MCAL/EXT/EXT.o
 .debug_info    0x00001829      0x5ae MCAL/Timer0/Timer0.o
 .debug_info    0x00001dd7      0x329 RTOS/heap_2.o
 .debug_info    0x00002100      0x2cd RTOS/list.o
 .debug_info    0x000023cd      0x24e RTOS/port.o
 .debug_info    0x0000261b     0x19eb RTOS/tasks.o

.debug_abbrev   0x00000000     0x1395
 *(.debug_abbrev)
 .debug_abbrev  0x00000000      0x4a3 C:/Program Files (x86)/Atmel/Studio/7.0/Packs/atmel/ATmega_DFP/1.7.374/gcc/dev/atmega32/avr5/crtatmega32.o
 .debug_abbrev  0x000004a3      0x16f HAL/KEYPAD/KEYPAD.o
 .debug_abbrev  0x00000612      0x1ab HAL/LCD/LCD.o
 .debug_abbrev  0x000007bd       0xbb HAL/LED/LED.o
 .debug_abbrev  0x00000878      0x113 main.o
 .debug_abbrev  0x0000098b       0xbb MCAL/DIO/DIO.o
 .debug_abbrev  0x00000a46      0x11f MCAL/EXT/EXT.o
 .debug_abbrev  0x00000b65      0x1b0 MCAL/Timer0/Timer0.o
 .debug_abbrev  0x00000d15      0x1a0 RTOS/heap_2.o
 .debug_abbrev  0x00000eb5       0xf8 RTOS/list.o
 .debug_abbrev  0x00000fad      0x143 RTOS/port.o
 .debug_abbrev  0x000010f0      0x2a5 RTOS/tasks.o

.debug_line     0x00000000     0x2837
 *(.debug_line .debug_line.* .debug_line_end)
 .debug_line    0x00000000      0x116 C:/Program Files (x86)/Atmel/Studio/7.0/Packs/atmel/ATmega_DFP/1.7.374/gcc/dev/atmega32/avr5/crtatmega32.o
 .debug_line    0x00000116      0x2a3 HAL/KEYPAD/KEYPAD.o
 .debug_line    0x000003b9      0x514 HAL/LCD/LCD.o
 .debug_line    0x000008cd       0xc5 HAL/LED/LED.o
 .debug_line    0x00000992      0x19b main.o
 .debug_line    0x00000b2d      0x1ce MCAL/DIO/DIO.o
 .debug_line    0x00000cfb      0x170 MCAL/EXT/EXT.o
 .debug_line    0x00000e6b      0x310 MCAL/Timer0/Timer0.o
 .debug_line    0x0000117b      0x29a RTOS/heap_2.o
 .debug_line    0x00001415      0x1ce RTOS/list.o
 .debug_line    0x000015e3      0x2a0 RTOS/port.o
 .debug_line    0x00001883      0xfb4 RTOS/tasks.o

.debug_frame    0x00000000      0xc1c
 *(.debug_frame)
 .debug_frame   0x00000000       0x4c HAL/KEYPAD/KEYPAD.o
 .debug_frame   0x0000004c       0xd8 HAL/LCD/LCD.o
 .debug_frame   0x00000124       0x54 HAL/LED/LED.o
 .debug_frame   0x00000178       0x54 main.o
 .debug_frame   0x000001cc       0x64 MCAL/DIO/DIO.o
 .debug_frame   0x00000230      0x144 MCAL/EXT/EXT.o
 .debug_frame   0x00000374      0x1cc MCAL/Timer0/Timer0.o
 .debug_frame   0x00000540       0x8c RTOS/heap_2.o
 .debug_frame   0x000005cc       0x88 RTOS/list.o
 .debug_frame   0x00000654       0x84 RTOS/port.o
 .debug_frame   0x000006d8      0x544 RTOS/tasks.o

.debug_str      0x00000000     0x150f
 *(.debug_str)
 .debug_str     0x00000000      0x196 C:/Program Files (x86)/Atmel/Studio/7.0/Packs/atmel/ATmega_DFP/1.7.374/gcc/dev/atmega32/avr5/crtatmega32.o
 .debug_str     0x00000196      0x237 HAL/KEYPAD/KEYPAD.o
                                0x280 (size before relaxing)
 .debug_str     0x000003cd       0xf7 HAL/LCD/LCD.o
                                0x2b4 (size before relaxing)
 .debug_str     0x000004c4       0xa5 HAL/LED/LED.o
                                0x25a (size before relaxing)
 .debug_str     0x00000569       0x75 main.o
                                0x2ce (size before relaxing)
 .debug_str     0x000005de       0x96 MCAL/DIO/DIO.o
                                0x2bc (size before relaxing)
 .debug_str     0x00000674       0x9a MCAL/EXT/EXT.o
                                0x296 (size before relaxing)
 .debug_str     0x0000070e      0x191 MCAL/Timer0/Timer0.o
                                0x39a (size before relaxing)
 .debug_str     0x0000089f      0x187 RTOS/heap_2.o
                                0x333 (size before relaxing)
 .debug_str     0x00000a26      0x138 RTOS/list.o
                                0x2ea (size before relaxing)
 .debug_str     0x00000b5e      0x11b RTOS/port.o
                                0x2e3 (size before relaxing)
 .debug_str     0x00000c79      0x896 RTOS/tasks.o
                                0xc83 (size before relaxing)

.debug_loc      0x00000000     0x3950
 *(.debug_loc)
 .debug_loc     0x00000000      0x16b HAL/KEYPAD/KEYPAD.o
 .debug_loc     0x0000016b      0x61c HAL/LCD/LCD.o
 .debug_loc     0x00000787      0x132 HAL/LED/LED.o
 .debug_loc     0x000008b9       0xde main.o
 .debug_loc     0x00000997      0x378 MCAL/DIO/DIO.o
 .debug_loc     0x00000d0f      0x32e MCAL/EXT/EXT.o
 .debug_loc     0x0000103d      0x5e0 MCAL/Timer0/Timer0.o
 .debug_loc     0x0000161d      0x2a8 RTOS/heap_2.o
 .debug_loc     0x000018c5      0x145 RTOS/list.o
 .debug_loc     0x00001a0a      0x2a0 RTOS/port.o
 .debug_loc     0x00001caa     0x1ca6 RTOS/tasks.o

.debug_macinfo
 *(.debug_macinfo)

.debug_weaknames
 *(.debug_weaknames)

.debug_funcnames
 *(.debug_funcnames)

.debug_typenames
 *(.debug_typenames)

.debug_varnames
 *(.debug_varnames)

.debug_pubtypes
 *(.debug_pubtypes)

.debug_ranges   0x00000000      0x398
 *(.debug_ranges)
 .debug_ranges  0x00000000       0x20 HAL/KEYPAD/KEYPAD.o
 .debug_ranges  0x00000020       0x40 HAL/LCD/LCD.o
 .debug_ranges  0x00000060       0x28 HAL/LED/LED.o
 .debug_ranges  0x00000088       0x20 main.o
 .debug_ranges  0x000000a8       0x30 MCAL/DIO/DIO.o
 .debug_ranges  0x000000d8       0x30 MCAL/EXT/EXT.o
 .debug_ranges  0x00000108       0x60 MCAL/Timer0/Timer0.o
 .debug_ranges  0x00000168       0x30 RTOS/heap_2.o
 .debug_ranges  0x00000198       0x30 RTOS/list.o
 .debug_ranges  0x000001c8       0x40 RTOS/port.o
 .debug_ranges  0x00000208      0x190 RTOS/tasks.o

.debug_macro
 *(.debug_macro)
OUTPUT(Application.elf elf32-avr)
LOAD linker stubs
